Archive member included because of file (symbol)

../AVR32_LIBS/UTILS/LIBS/NEWLIB_ADDONS/AT32UCR2\libnewlib_addons-at32ucr2-speed_opt.a(cpu.o)
                              AVR32_LIBS/DRIVERS/PM/pm_conf_clocks.o (set_cpu_hz)
../AVR32_LIBS/UTILS/LIBS/NEWLIB_ADDONS/AT32UCR2\libnewlib_addons-at32ucr2-speed_opt.a(syscalls.o)
                              c:/program files (x86)/atmel/avr studio 5.1/extensions/atmel/avrgcc/3.3.1.27/avrtoolchain/bin/../lib/gcc/avr32/4.4.3/../../../../avr32/lib/ucr2/crt0.o (_init_argv)
../AVR32_LIBS/UTILS/LIBS/NEWLIB_ADDONS/AT32UCR2\libnewlib_addons-at32ucr2-speed_opt.a(usart.o)
                              ../AVR32_LIBS/UTILS/LIBS/NEWLIB_ADDONS/AT32UCR2\libnewlib_addons-at32ucr2-speed_opt.a(syscalls.o) (usart_putc)
../AVR32_LIBS/UTILS/LIBS/NEWLIB_ADDONS/AT32UCR2\libnewlib_addons-at32ucr2-speed_opt.a(exception_handling.o)
                              ../AVR32_LIBS/UTILS/LIBS/NEWLIB_ADDONS/AT32UCR2\libnewlib_addons-at32ucr2-speed_opt.a(syscalls.o) (init_exceptions)
c:/program files (x86)/atmel/avr studio 5.1/extensions/atmel/avrgcc/3.3.1.27/avrtoolchain/bin/../lib/gcc/avr32/4.4.3/ucr2\libgcc.a(_avr32_f64_mul.o)
                              main_app.o (__avr32_f64_mul)
c:/program files (x86)/atmel/avr studio 5.1/extensions/atmel/avrgcc/3.3.1.27/avrtoolchain/bin/../lib/gcc/avr32/4.4.3/ucr2\libgcc.a(_avr32_f64_addsub.o)
                              main_app.o (__avr32_f64_add)
c:/program files (x86)/atmel/avr studio 5.1/extensions/atmel/avrgcc/3.3.1.27/avrtoolchain/bin/../lib/gcc/avr32/4.4.3/ucr2\libgcc.a(_avr32_f64_to_s32.o)
                              main_app.o (__avr32_f64_to_u32)
c:/program files (x86)/atmel/avr studio 5.1/extensions/atmel/avrgcc/3.3.1.27/avrtoolchain/bin/../lib/gcc/avr32/4.4.3/ucr2\libgcc.a(_avr32_s32_to_f64.o)
                              main_app.o (__avr32_u32_to_f64)
c:/program files (x86)/atmel/avr studio 5.1/extensions/atmel/avrgcc/3.3.1.27/avrtoolchain/bin/../lib/gcc/avr32/4.4.3/ucr2\libgcc.a(_avr32_f64_cmp_lt.o)
                              main_app.o (__avr32_f64_cmp_lt)
c:/program files (x86)/atmel/avr studio 5.1/extensions/atmel/avrgcc/3.3.1.27/avrtoolchain/bin/../lib/gcc/avr32/4.4.3/ucr2\libgcc.a(_avr32_f64_div.o)
                              main_app.o (__avr32_f64_div)
c:/program files (x86)/atmel/avr studio 5.1/extensions/atmel/avrgcc/3.3.1.27/avrtoolchain/bin/../lib/gcc/avr32/4.4.3/ucr2\libgcc.a(_avr32_f32_div.o)
                              main_app.o (__avr32_f32_div)
c:/program files (x86)/atmel/avr studio 5.1/extensions/atmel/avrgcc/3.3.1.27/avrtoolchain/bin/../lib/gcc/avr32/4.4.3/ucr2\libgcc.a(_avr32_f32_addsub.o)
                              terminal/usb/usb.o (__avr32_f32_add)
c:/program files (x86)/atmel/avr studio 5.1/extensions/atmel/avrgcc/3.3.1.27/avrtoolchain/bin/../lib/gcc/avr32/4.4.3/ucr2\libgcc.a(_avr32_f32_mul.o)
                              terminal/usb/usb.o (__avr32_f32_mul)
c:/program files (x86)/atmel/avr studio 5.1/extensions/atmel/avrgcc/3.3.1.27/avrtoolchain/bin/../lib/gcc/avr32/4.4.3/ucr2\libgcc.a(_avr32_s32_to_f32.o)
                              main_app.o (__avr32_s32_to_f32)
c:/program files (x86)/atmel/avr studio 5.1/extensions/atmel/avrgcc/3.3.1.27/avrtoolchain/bin/../lib/gcc/avr32/4.4.3/ucr2\libgcc.a(_avr32_u32_to_f32.o)
                              main_app.o (__avr32_u32_to_f32)
c:/program files (x86)/atmel/avr studio 5.1/extensions/atmel/avrgcc/3.3.1.27/avrtoolchain/bin/../lib/gcc/avr32/4.4.3/ucr2\libgcc.a(_avr32_f32_to_f64.o)
                              main_app.o (__avr32_f32_to_f64)
c:/program files (x86)/atmel/avr studio 5.1/extensions/atmel/avrgcc/3.3.1.27/avrtoolchain/bin/../lib/gcc/avr32/4.4.3/ucr2\libgcc.a(_udivdi3.o)
                              AVR32_LIBS/DRIVERS/WDT/wdt.o (__avr32_udiv64)
c:/program files (x86)/atmel/avr studio 5.1/extensions/atmel/avrgcc/3.3.1.27/avrtoolchain/bin/../lib/gcc/avr32/4.4.3/../../../../avr32/lib/ucr2\libc.a(lib_a-atexit.o)
                              c:/program files (x86)/atmel/avr studio 5.1/extensions/atmel/avrgcc/3.3.1.27/avrtoolchain/bin/../lib/gcc/avr32/4.4.3/../../../../avr32/lib/ucr2/crt0.o (atexit)
c:/program files (x86)/atmel/avr studio 5.1/extensions/atmel/avrgcc/3.3.1.27/avrtoolchain/bin/../lib/gcc/avr32/4.4.3/../../../../avr32/lib/ucr2\libc.a(lib_a-atoi.o)
                              terminal/usb/usb.o (atoi)
c:/program files (x86)/atmel/avr studio 5.1/extensions/atmel/avrgcc/3.3.1.27/avrtoolchain/bin/../lib/gcc/avr32/4.4.3/../../../../avr32/lib/ucr2\libc.a(lib_a-errno.o)
                              ../AVR32_LIBS/UTILS/LIBS/NEWLIB_ADDONS/AT32UCR2\libnewlib_addons-at32ucr2-speed_opt.a(syscalls.o) (__errno)
c:/program files (x86)/atmel/avr studio 5.1/extensions/atmel/avrgcc/3.3.1.27/avrtoolchain/bin/../lib/gcc/avr32/4.4.3/../../../../avr32/lib/ucr2\libc.a(lib_a-exit.o)
[...]
Memory Configuration

Name             Origin             Length             Attributes
FLASH            0x80000000         0x00040000         axrl !w
CPUSRAM          0x00000004         0x0000fffc         axw !rl
USERPAGE         0x80800000         0x00000200
FACTORYPAGE      0x80800200         0x00000200
*default*        0x00000000         0xffffffff

Linker script and memory map

                0x00001000                _stack_size = 0x1000
LOAD c:/program files (x86)/atmel/avr studio 5.1/extensions/atmel/avrgcc/3.3.1.27/avrtoolchain/bin/../lib/gcc/avr32/4.4.3/../../../../avr32/lib/ucr2/crt0.o
LOAD c:/program files (x86)/atmel/avr studio 5.1/extensions/atmel/avrgcc/3.3.1.27/avrtoolchain/bin/../lib/gcc/avr32/4.4.3/ucr2/crti.o
LOAD c:/program files (x86)/atmel/avr studio 5.1/extensions/atmel/avrgcc/3.3.1.27/avrtoolchain/bin/../lib/gcc/avr32/4.4.3/ucr2/crtbegin.o
LOAD AVR32_LIBS/COMPONENTS/AD5410/ad5410.o
LOAD AVR32_LIBS/COMPONENTS/AT86RF231/at86rf231.o
LOAD AVR32_LIBS/COMPONENTS/AT86RF231/pal_trx_access.o
LOAD AVR32_LIBS/COMPONENTS/TCA6424/tca6424.o
LOAD AVR32_LIBS/DRIVERS/ADC/adc.o
LOAD AVR32_LIBS/DRIVERS/EIC/eic.o
LOAD AVR32_LIBS/DRIVERS/FLASHC/flashc.o
LOAD AVR32_LIBS/DRIVERS/GPIO/gpio.o
LOAD AVR32_LIBS/DRIVERS/INTC/intc.o
LOAD AVR32_LIBS/DRIVERS/PDCA/pdca.o
LOAD AVR32_LIBS/DRIVERS/PM/pm.o
LOAD AVR32_LIBS/DRIVERS/PM/pm_conf_clocks.o
LOAD AVR32_LIBS/DRIVERS/PWM/pwm.o
LOAD AVR32_LIBS/DRIVERS/RTC/rtc.o
LOAD AVR32_LIBS/DRIVERS/SPI/spi.o
LOAD AVR32_LIBS/DRIVERS/TWI/twi.o
LOAD AVR32_LIBS/DRIVERS/USART/usart.o
LOAD AVR32_LIBS/DRIVERS/USBB/ENUM/DEVICE/usb_device_task.o
LOAD AVR32_LIBS/DRIVERS/USBB/ENUM/DEVICE/usb_standard_request.o
LOAD AVR32_LIBS/DRIVERS/USBB/ENUM/usb_task.o
LOAD AVR32_LIBS/DRIVERS/USBB/usb_drv.o
LOAD AVR32_LIBS/DRIVERS/WDT/wdt.o
LOAD AVR32_LIBS/SERVICES/DELAY/delay.o
LOAD AVR32_LIBS/SERVICES/FREERTOS/Source/croutine.o
LOAD AVR32_LIBS/SERVICES/FREERTOS/Source/list.o
LOAD AVR32_LIBS/SERVICES/FREERTOS/Source/portable/GCC/AVR32_UC3/exception.o
LOAD AVR32_LIBS/SERVICES/FREERTOS/Source/portable/GCC/AVR32_UC3/port.o
LOAD AVR32_LIBS/SERVICES/FREERTOS/Source/portable/MemMang/heap_3.o
LOAD AVR32_LIBS/SERVICES/FREERTOS/Source/queue.o
LOAD AVR32_LIBS/SERVICES/FREERTOS/Source/tasks.o
LOAD AVR32_LIBS/SERVICES/USB/CLASS/CDC/EXAMPLES/ENUM/DEVICE/usb_descriptors.o
LOAD AVR32_LIBS/SERVICES/USB/CLASS/CDC/EXAMPLES/ENUM/DEVICE/usb_specific_request.o
LOAD AVR32_LIBS/SERVICES/USB/CLASS/CDC/EXAMPLES/uart_usb_lib.o
LOAD AVR32_LIBS/SERVICES/USB/CLASS/DFU/EXAMPLES/ISP/BOOT/trampoline.o
LOAD spike_fw_update.o
LOAD main.o
LOAD main_app.o
LOAD security_task.o
LOAD terminal/printf-stdarg.o
LOAD terminal/usb/usb.o
LOAD ../AVR32_LIBS/UTILS/LIBS/NEWLIB_ADDONS/AT32UCR2\libnewlib_addons-at32ucr2-speed_opt.a
LOAD c:/program files (x86)/atmel/avr studio 5.1/extensions/atmel/avrgcc/3.3.1.27/avrtoolchain/bin/../lib/gcc/avr32/4.4.3/ucr2\libgcc.a
LOAD c:/program files (x86)/atmel/avr studio 5.1/extensions/atmel/avrgcc/3.3.1.27/avrtoolchain/bin/../lib/gcc/avr32/4.4.3/../../../../avr32/lib/ucr2\libc.a
LOAD c:/program files (x86)/atmel/avr studio 5.1/extensions/atmel/avrgcc/3.3.1.27/avrtoolchain/bin/../lib/gcc/avr32/4.4.3/ucr2\libgcc.a
LOAD c:/program files (x86)/atmel/avr studio 5.1/extensions/atmel/avrgcc/3.3.1.27/avrtoolchain/bin/../lib/gcc/avr32/4.4.3/ucr2/crtend.o
LOAD c:/program files (x86)/atmel/avr studio 5.1/extensions/atmel/avrgcc/3.3.1.27/avrtoolchain/bin/../lib/gcc/avr32/4.4.3/ucr2/crtn.o
                0x80000000                PROVIDE (__executable_start, 0x80000000)
                0x80000000                . = 0x80000000

.interp
 *(.interp)

.reset          0x80000000        0x8
 *(.reset)
 .reset         0x80000000        0x8 c:/program files (x86)/atmel/avr studio 5.1/extensions/atmel/avrgcc/3.3.1.27/avrtoolchain/bin/../lib/gcc/avr32/4.4.3/../../../../avr32/lib/ucr2/crt0.o
                0x80000000                _start

.hash
 *(.hash)

.dynsym
 *(.dynsym)

.dynstr
 *(.dynstr)

.gnu.version
 *(.gnu.version)

.gnu.version_d
 *(.gnu.version_d)

.gnu.version_r
 *(.gnu.version_r)

.rel.init
 *(.rel.init)

.rela.init
 *(.rela.init)

.rel.text
 *(.rel.text .rel.text.* .rel.gnu.linkonce.t.*)

.rela.text
 *(.rela.text .rela.text.* .rela.gnu.linkonce.t.*)

.rel.fini
 *(.rel.fini)

.rela.fini
 *(.rela.fini)

.rel.rodata
 *(.rel.rodata .rel.rodata.* .rel.gnu.linkonce.r.*)

.rela.rodata
 *(.rela.rodata .rela.rodata.* .rela.gnu.linkonce.r.*)

.rel.data.rel.ro
 *(.rel.data.rel.ro*)

.rela.data.rel.ro
 *(.rel.data.rel.ro*)

.rel.data
 *(.rel.data .rel.data.* .rel.gnu.linkonce.d.*)

.rela.data
 *(.rela.data .rela.data.* .rela.gnu.linkonce.d.*)

.rel.tdata
 *(.rel.tdata .rel.tdata.* .rel.gnu.linkonce.td.*)

.rela.tdata
 *(.rela.tdata .rela.tdata.* .rela.gnu.linkonce.td.*)

.rel.tbss
 *(.rel.tbss .rel.tbss.* .rel.gnu.linkonce.tb.*)

.rela.tbss
 *(.rela.tbss .rela.tbss.* .rela.gnu.linkonce.tb.*)

.rel.ctors
 *(.rel.ctors)

.rela.ctors
 *(.rela.ctors)

.rel.dtors
 *(.rel.dtors)

.rela.dtors
 *(.rela.dtors)

.rel.got
 *(.rel.got)

.rela.got       0x80000008        0x0
 *(.rela.got)
 .rela.got      0x80000008        0x0 c:/program files (x86)/atmel/avr studio 5.1/extensions/atmel/avrgcc/3.3.1.27/avrtoolchain/bin/../lib/gcc/avr32/4.4.3/../../../../avr32/lib/ucr2/crt0.o

.rel.bss
 *(.rel.bss .rel.bss.* .rel.gnu.linkonce.b.*)

.rela.bss
 *(.rela.bss .rela.bss.* .rela.gnu.linkonce.b.*)

.rel.plt
 *(.rel.plt)

.rela.plt
 *(.rela.plt)

.init           0x80000008       0x1c
 *(.init)
 .init          0x80000008       0x10 c:/program files (x86)/atmel/avr studio 5.1/extensions/atmel/avrgcc/3.3.1.27/avrtoolchain/bin/../lib/gcc/avr32/4.4.3/ucr2/crti.o
                0x80000008                _init
 .init          0x80000018        0x4 c:/program files (x86)/atmel/avr studio 5.1/extensions/atmel/avrgcc/3.3.1.27/avrtoolchain/bin/../lib/gcc/avr32/4.4.3/ucr2/crtbegin.o
 .init          0x8000001c        0x4 c:/program files (x86)/atmel/avr studio 5.1/extensions/atmel/avrgcc/3.3.1.27/avrtoolchain/bin/../lib/gcc/avr32/4.4.3/ucr2/crtend.o
 .init          0x80000020        0x4 c:/program files (x86)/atmel/avr studio 5.1/extensions/atmel/avrgcc/3.3.1.27/avrtoolchain/bin/../lib/gcc/avr32/4.4.3/ucr2/crtn.o

.plt
 *(.plt)

.text           0x80000024    0x1fd44
 *(.text .stub .text.* .gnu.linkonce.t.*)
 .text          0x80000024       0x84 c:/program files (x86)/atmel/avr studio 5.1/extensions/atmel/avrgcc/3.3.1.27/avrtoolchain/bin/../lib/gcc/avr32/4.4.3/../../../../avr32/lib/ucr2/crt0.o
                0x80000024                _stext
 .text          0x800000a8       0x64 c:/program files (x86)/atmel/avr studio 5.1/extensions/atmel/avrgcc/3.3.1.27/avrtoolchain/bin/../lib/gcc/avr32/4.4.3/ucr2/crtbegin.o
 .text          0x8000010c       0x5c AVR32_LIBS/COMPONENTS/AT86RF231/at86rf231.o
 .text.bswap_16
                0x80000168       0x30 AVR32_LIBS/COMPONENTS/AT86RF231/at86rf231.o
 .text.init_at86rf231
                0x80000198      0x230 AVR32_LIBS/COMPONENTS/AT86RF231/at86rf231.o
                0x80000198                init_at86rf231
 .text.send_frame
                0x800003c8      0x100 AVR32_LIBS/COMPONENTS/AT86RF231/at86rf231.o
                0x800003c8                send_frame
 .text.handle_tx_end_irq
                0x800004c8       0x24 AVR32_LIBS/COMPONENTS/AT86RF231/at86rf231.o
                0x800004c8                handle_tx_end_irq
 .text.handle_received_frame_irq
                0x800004ec      0x1b4 AVR32_LIBS/COMPONENTS/AT86RF231/at86rf231.o
                0x800004ec                handle_received_frame_irq
 .text.set_trx_state
                0x800006a0      0x318 AVR32_LIBS/COMPONENTS/AT86RF231/at86rf231.o
                0x800006a0                set_trx_state
 .text.switch_pll_on
                0x800009b8       0x60 AVR32_LIBS/COMPONENTS/AT86RF231/at86rf231.o
                0x800009b8                switch_pll_on
 .text.apply_channel_page_configuration
                0x80000a18       0xd4 AVR32_LIBS/COMPONENTS/AT86RF231/at86rf231.o
                0x80000a18                apply_channel_page_configuration
 .text.at86rf231_rx_with_auto_ack
                0x80000aec       0x30 AVR32_LIBS/COMPONENTS/AT86RF231/at86rf231.o
                0x80000aec                at86rf231_rx_with_auto_ack
 .text.trx_config_csma
                0x80000b1c       0x3c AVR32_LIBS/COMPONENTS/AT86RF231/at86rf231.o
                0x80000b1c                trx_config_csma
 .text.at86rf231_change_channel
                0x80000b58       0x84 AVR32_LIBS/COMPONENTS/AT86RF231/at86rf231.o
                0x80000b58                at86rf231_change_channel
 .text          0x80000bdc       0x1c AVR32_LIBS/COMPONENTS/AT86RF231/pal_trx_access.o
 .text.trx_interface_init
                0x80000bf8      0x130 AVR32_LIBS/COMPONENTS/AT86RF231/pal_trx_access.o
                0x80000bf8                trx_interface_init
 .text.pal_trx_irq_init
                0x80000d28       0x24 AVR32_LIBS/COMPONENTS/AT86RF231/pal_trx_access.o
                0x80000d28                pal_trx_irq_init
 .text.pal_trx_reg_write
                0x80000d4c       0x78 AVR32_LIBS/COMPONENTS/AT86RF231/pal_trx_access.o
                0x80000d4c                pal_trx_reg_write
 .text.pal_trx_reg_read
                0x80000dc4       0x80 AVR32_LIBS/COMPONENTS/AT86RF231/pal_trx_access.o
                0x80000dc4                pal_trx_reg_read
 .text.pal_trx_frame_read
                0x80000e44       0xb0 AVR32_LIBS/COMPONENTS/AT86RF231/pal_trx_access.o
                0x80000e44                pal_trx_frame_read
 .text.pal_trx_frame_write
                0x80000ef4       0x84 AVR32_LIBS/COMPONENTS/AT86RF231/pal_trx_access.o
                0x80000ef4                pal_trx_frame_write
 .text.pal_trx_bit_read
                0x80000f78       0x5c AVR32_LIBS/COMPONENTS/AT86RF231/pal_trx_access.o
                0x80000f78                pal_trx_bit_read
 .text.pal_trx_bit_write
                0x80000fd4       0x98 AVR32_LIBS/COMPONENTS/AT86RF231/pal_trx_access.o
                0x80000fd4                pal_trx_bit_write
 .text.eic_rf230_isr
                0x8000106c       0x78 AVR32_LIBS/COMPONENTS/AT86RF231/pal_trx_access.o
                0x8000106c                eic_rf230_isr
 .text.eic_rf230_isr_NonNakedBehaviour
                0x800010e4       0x3c AVR32_LIBS/COMPONENTS/AT86RF231/pal_trx_access.o
                0x800010e4                eic_rf230_isr_NonNakedBehaviour
 .text.trx_irq_handler_cb
                0x80001120       0x68 AVR32_LIBS/COMPONENTS/AT86RF231/pal_trx_access.o
                0x80001120                trx_irq_handler_cb
 .text.delay_us
                0x80001188       0x58 AVR32_LIBS/COMPONENTS/AT86RF231/pal_trx_access.o
                0x80001188                delay_us
 .text          0x800011e0        0x4 AVR32_LIBS/COMPONENTS/TCA6424/tca6424.o
 .text.tca6424_output
                0x800011e4       0x74 AVR32_LIBS/COMPONENTS/TCA6424/tca6424.o
                0x800011e4                tca6424_output
 .text.tca6424_init
                0x80001258       0x34 AVR32_LIBS/COMPONENTS/TCA6424/tca6424.o
                0x80001258                tca6424_init
 .text.LED_on   0x8000128c       0x24 AVR32_LIBS/COMPONENTS/TCA6424/tca6424.o
                0x8000128c                LED_on
 .text.LED_off  0x800012b0       0x28 AVR32_LIBS/COMPONENTS/TCA6424/tca6424.o
                0x800012b0                LED_off
 .text.tca6424_write_data
                0x800012d8       0xd8 AVR32_LIBS/COMPONENTS/TCA6424/tca6424.o
                0x800012d8                tca6424_write_data
 .text.eic_init
                0x800013b0      0x35a AVR32_LIBS/DRIVERS/EIC/eic.o
                0x800013b0                eic_init
 .text.eic_enable_line
                0x8000170a       0x28 AVR32_LIBS/DRIVERS/EIC/eic.o
                0x8000170a                eic_enable_line
 .text.eic_enable_interrupt_line
                0x80001732       0x28 AVR32_LIBS/DRIVERS/EIC/eic.o
                0x80001732                eic_enable_interrupt_line
 .text.eic_clear_interrupt_line
                0x8000175a       0x58 AVR32_LIBS/DRIVERS/EIC/eic.o
                0x8000175a                eic_clear_interrupt_line
 *fill*         0x800017b2        0x2 d703d703
 .text          0x800017b4       0x20 AVR32_LIBS/DRIVERS/FLASHC/flashc.o
 .text.flashc_get_flash_size
                0x800017d4       0x24 AVR32_LIBS/DRIVERS/FLASHC/flashc.o
                0x800017d4                flashc_get_flash_size
 .text.flashc_set_wait_state
                0x800017f8       0x46 AVR32_LIBS/DRIVERS/FLASHC/flashc.o
                0x800017f8                flashc_set_wait_state
 .text.flashc_is_ready
                0x8000183e       0x18 AVR32_LIBS/DRIVERS/FLASHC/flashc.o
                0x8000183e                flashc_is_ready
 *fill*         0x80001856        0x2 d703d703
 .text.flashc_default_wait_until_ready
                0x80001858       0x18 AVR32_LIBS/DRIVERS/FLASHC/flashc.o
                0x80001858                flashc_default_wait_until_ready
 .text.flashc_get_error_status
                0x80001870       0x16 AVR32_LIBS/DRIVERS/FLASHC/flashc.o
 *fill*         0x80001886        0x2 d703d703
 .text.flashc_issue_command
                0x80001888       0x88 AVR32_LIBS/DRIVERS/FLASHC/flashc.o
                0x80001888                flashc_issue_command
 .text.flashc_clear_page_buffer
                0x80001910       0x18 AVR32_LIBS/DRIVERS/FLASHC/flashc.o
                0x80001910                flashc_clear_page_buffer
 .text.flashc_is_page_erased
                0x80001928       0x18 AVR32_LIBS/DRIVERS/FLASHC/flashc.o
                0x80001928                flashc_is_page_erased
 .text.flashc_quick_page_read
                0x80001940       0x2c AVR32_LIBS/DRIVERS/FLASHC/flashc.o
                0x80001940                flashc_quick_page_read
 .text.flashc_erase_page
                0x8000196c       0x68 AVR32_LIBS/DRIVERS/FLASHC/flashc.o
                0x8000196c                flashc_erase_page
 .text.flashc_write_page
                0x800019d4       0x20 AVR32_LIBS/DRIVERS/FLASHC/flashc.o
                0x800019d4                flashc_write_page
 .text.flashc_quick_user_page_read
                0x800019f4       0x24 AVR32_LIBS/DRIVERS/FLASHC/flashc.o
                0x800019f4                flashc_quick_user_page_read
 .text.flashc_erase_user_page
                0x80001a18       0x3c AVR32_LIBS/DRIVERS/FLASHC/flashc.o
                0x80001a18                flashc_erase_user_page
 .text.flashc_write_user_page
                0x80001a54       0x18 AVR32_LIBS/DRIVERS/FLASHC/flashc.o
                0x80001a54                flashc_write_user_page
 .text.flashc_memset8
                0x80001a6c       0x50 AVR32_LIBS/DRIVERS/FLASHC/flashc.o
                0x80001a6c                flashc_memset8
 .text.flashc_memset16
                0x80001abc       0x4c AVR32_LIBS/DRIVERS/FLASHC/flashc.o
                0x80001abc                flashc_memset16
 .text.flashc_memset32
                0x80001b08       0x5c AVR32_LIBS/DRIVERS/FLASHC/flashc.o
                0x80001b08                flashc_memset32
 .text.flashc_memset64
                0x80001b64      0x428 AVR32_LIBS/DRIVERS/FLASHC/flashc.o
                0x80001b64                flashc_memset64
 .text.flashc_memcpy
                0x80001f8c      0x594 AVR32_LIBS/DRIVERS/FLASHC/flashc.o
                0x80001f8c                flashc_memcpy
 .text.gpio_enable_module
                0x80002520       0x74 AVR32_LIBS/DRIVERS/GPIO/gpio.o
                0x80002520                gpio_enable_module
 .text.gpio_enable_module_pin
                0x80002594       0xde AVR32_LIBS/DRIVERS/GPIO/gpio.o
                0x80002594                gpio_enable_module_pin
 .text.gpio_enable_gpio_pin
                0x80002672       0x50 AVR32_LIBS/DRIVERS/GPIO/gpio.o
                0x80002672                gpio_enable_gpio_pin
 .text.gpio_enable_pin_pull_up
                0x800026c2       0x3a AVR32_LIBS/DRIVERS/GPIO/gpio.o
                0x800026c2                gpio_enable_pin_pull_up
 .text.gpio_get_pin_value
                0x800026fc       0x3a AVR32_LIBS/DRIVERS/GPIO/gpio.o
                0x800026fc                gpio_get_pin_value
 .text.gpio_get_gpio_pin_output_value
                0x80002736       0x3a AVR32_LIBS/DRIVERS/GPIO/gpio.o
                0x80002736                gpio_get_gpio_pin_output_value
 .text.gpio_set_gpio_pin
                0x80002770       0x68 AVR32_LIBS/DRIVERS/GPIO/gpio.o
                0x80002770                gpio_set_gpio_pin
 .text.gpio_clr_gpio_pin
                0x800027d8       0x68 AVR32_LIBS/DRIVERS/GPIO/gpio.o
                0x800027d8                gpio_clr_gpio_pin
 .text.gpio_enable_pin_glitch_filter
                0x80002840       0x3a AVR32_LIBS/DRIVERS/GPIO/gpio.o
                0x80002840                gpio_enable_pin_glitch_filter
 *fill*         0x8000287a        0x2 d703d703
 .text          0x8000287c       0xa0 AVR32_LIBS/DRIVERS/INTC/intc.o
 .text._unhandled_interrupt
                0x8000291c        0x8 AVR32_LIBS/DRIVERS/INTC/intc.o
 .text._get_interrupt_handler
                0x80002924       0x70 AVR32_LIBS/DRIVERS/INTC/intc.o
                0x80002924                _get_interrupt_handler
 .text.INTC_init_interrupts
                0x80002994       0x88 AVR32_LIBS/DRIVERS/INTC/intc.o
                0x80002994                INTC_init_interrupts
 .text.INTC_register_interrupt
                0x80002a1c       0x68 AVR32_LIBS/DRIVERS/INTC/intc.o
                0x80002a1c                INTC_register_interrupt
 .text.pm_set_osc0_mode
                0x80002a84       0x4a AVR32_LIBS/DRIVERS/PM/pm.o
 *fill*         0x80002ace        0x2 d703d703
 .text.pm_enable_osc0_crystal
                0x80002ad0       0x64 AVR32_LIBS/DRIVERS/PM/pm.o
                0x80002ad0                pm_enable_osc0_crystal
 .text.pm_enable_clk0
                0x80002b34       0x34 AVR32_LIBS/DRIVERS/PM/pm.o
                0x80002b34                pm_enable_clk0
 .text.pm_enable_clk0_no_wait
                0x80002b68       0x5a AVR32_LIBS/DRIVERS/PM/pm.o
                0x80002b68                pm_enable_clk0_no_wait
 .text.pm_wait_for_clk0_ready
                0x80002bc2       0x1e AVR32_LIBS/DRIVERS/PM/pm.o
                0x80002bc2                pm_wait_for_clk0_ready
 .text.pm_set_osc32_mode
                0x80002be0       0x4a AVR32_LIBS/DRIVERS/PM/pm.o
 *fill*         0x80002c2a        0x2 d703d703
 .text.pm_enable_osc32_crystal
                0x80002c2c       0x20 AVR32_LIBS/DRIVERS/PM/pm.o
                0x80002c2c                pm_enable_osc32_crystal
 .text.pm_enable_clk32_no_wait
                0x80002c4c       0x58 AVR32_LIBS/DRIVERS/PM/pm.o
                0x80002c4c                pm_enable_clk32_no_wait
 .text.pm_cksel
                0x80002ca4      0x10a AVR32_LIBS/DRIVERS/PM/pm.o
                0x80002ca4                pm_cksel
 .text.pm_gc_setup
                0x80002dae       0x94 AVR32_LIBS/DRIVERS/PM/pm.o
                0x80002dae                pm_gc_setup
 .text.pm_gc_enable
                0x80002e42       0x36 AVR32_LIBS/DRIVERS/PM/pm.o
                0x80002e42                pm_gc_enable
 .text.pm_pll_setup
                0x80002e78       0xa4 AVR32_LIBS/DRIVERS/PM/pm.o
                0x80002e78                pm_pll_setup
 .text.pm_pll_set_option
                0x80002f1c       0x8a AVR32_LIBS/DRIVERS/PM/pm.o
                0x80002f1c                pm_pll_set_option
 .text.pm_pll_enable
                0x80002fa6       0x36 AVR32_LIBS/DRIVERS/PM/pm.o
                0x80002fa6                pm_pll_enable
 .text.pm_wait_for_pll0_locked
                0x80002fdc       0x1e AVR32_LIBS/DRIVERS/PM/pm.o
                0x80002fdc                pm_wait_for_pll0_locked
 .text.pm_wait_for_pll1_locked
                0x80002ffa       0x1e AVR32_LIBS/DRIVERS/PM/pm.o
                0x80002ffa                pm_wait_for_pll1_locked
 .text.pm_switch_to_clock
                0x80003018       0x4a AVR32_LIBS/DRIVERS/PM/pm.o
                0x80003018                pm_switch_to_clock
 *fill*         0x80003062        0x2 d703d703
 .text.pm_switch_to_osc0
                0x80003064       0x48 AVR32_LIBS/DRIVERS/PM/pm.o
                0x80003064                pm_switch_to_osc0
 .text.pm_configure_usb_clock
                0x800030ac       0x88 AVR32_LIBS/DRIVERS/PM/pm_conf_clocks.o
                0x800030ac                pm_configure_usb_clock
 .text.pwm_init
                0x80003134       0x8c AVR32_LIBS/DRIVERS/PWM/pwm.o
                0x80003134                pwm_init
 .text.pwm_channel_init
                0x800031c0       0x88 AVR32_LIBS/DRIVERS/PWM/pwm.o
                0x800031c0                pwm_channel_init
 .text.pwm_start_channels
                0x80003248       0x2e AVR32_LIBS/DRIVERS/PWM/pwm.o
                0x80003248                pwm_start_channels
 .text.pwm_stop_channels
                0x80003276       0x2e AVR32_LIBS/DRIVERS/PWM/pwm.o
                0x80003276                pwm_stop_channels
 .text.rtc_is_busy
                0x800032a4       0x20 AVR32_LIBS/DRIVERS/RTC/rtc.o
                0x800032a4                rtc_is_busy
 .text.rtc_init
                0x800032c4       0xc0 AVR32_LIBS/DRIVERS/RTC/rtc.o
                0x800032c4                rtc_init
 .text.rtc_set_value
                0x80003384       0x40 AVR32_LIBS/DRIVERS/RTC/rtc.o
                0x80003384                rtc_set_value
 .text.rtc_enable
                0x800033c4       0x44 AVR32_LIBS/DRIVERS/RTC/rtc.o
                0x800033c4                rtc_enable
 .text.rtc_set_top_value
                0x80003408       0x40 AVR32_LIBS/DRIVERS/RTC/rtc.o
                0x80003408                rtc_set_top_value
 .text.getBaudDiv
                0x80003448       0x56 AVR32_LIBS/DRIVERS/SPI/spi.o
 .text.spi_reset
                0x8000349e       0x1c AVR32_LIBS/DRIVERS/SPI/spi.o
                0x8000349e                spi_reset
 .text.spi_initMaster
                0x800034ba       0x94 AVR32_LIBS/DRIVERS/SPI/spi.o
                0x800034ba                spi_initMaster
 .text.spi_selectionMode
                0x8000354e       0x94 AVR32_LIBS/DRIVERS/SPI/spi.o
                0x8000354e                spi_selectionMode
 *fill*         0x800035e2        0x2 d703d703
 .text.spi_selectChip
                0x800035e4       0xb8 AVR32_LIBS/DRIVERS/SPI/spi.o
                0x800035e4                spi_selectChip
 .text.spi_unselectChip
                0x8000369c       0x84 AVR32_LIBS/DRIVERS/SPI/spi.o
                0x8000369c                spi_unselectChip
 .text.spi_setupChipReg
                0x80003720      0x1c4 AVR32_LIBS/DRIVERS/SPI/spi.o
                0x80003720                spi_setupChipReg
 .text.spi_enable
                0x800038e4       0x1a AVR32_LIBS/DRIVERS/SPI/spi.o
                0x800038e4                spi_enable
 .text.spi_write
                0x800038fe       0x58 AVR32_LIBS/DRIVERS/SPI/spi.o
                0x800038fe                spi_write
 .text.spi_read
                0x80003956       0x5e AVR32_LIBS/DRIVERS/SPI/spi.o
                0x80003956                spi_read
 .text.twi_master_inst1_interrupt_handler
                0x800039b4      0x108 AVR32_LIBS/DRIVERS/TWI/twi.o
 .text.twi_set_speed
                0x80003abc       0x7e AVR32_LIBS/DRIVERS/TWI/twi.o
 *fill*         0x80003b3a        0x2 d703d703
 .text.twi_master_init
                0x80003b3c       0xb8 AVR32_LIBS/DRIVERS/TWI/twi.o
                0x80003b3c                twi_master_init
 .text.twi_disable_interrupt
                0x80003bf4       0x4a AVR32_LIBS/DRIVERS/TWI/twi.o
                0x80003bf4                twi_disable_interrupt
 *fill*         0x80003c3e        0x2 d703d703
 .text.twi_probe
                0x80003c40       0x58 AVR32_LIBS/DRIVERS/TWI/twi.o
                0x80003c40                twi_probe
 .text.twi_master_write
                0x80003c98       0xdc AVR32_LIBS/DRIVERS/TWI/twi.o
                0x80003c98                twi_master_write
 .text.usart_set_async_baudrate
                0x80003d74       0xd2 AVR32_LIBS/DRIVERS/USART/usart.o
 .text.usart_reset
                0x80003e46       0x6c AVR32_LIBS/DRIVERS/USART/usart.o
                0x80003e46                usart_reset
 *fill*         0x80003eb2        0x2 d703d703
 .text.usart_init_rs232
                0x80003eb4      0x170 AVR32_LIBS/DRIVERS/USART/usart.o
                0x80003eb4                usart_init_rs232
 .text          0x80004024        0x8 AVR32_LIBS/DRIVERS/USBB/ENUM/DEVICE/usb_device_task.o
 .text.usb_device_task_init
                0x8000402c       0xd0 AVR32_LIBS/DRIVERS/USBB/ENUM/DEVICE/usb_device_task.o
                0x8000402c                usb_device_task_init
 .text.usb_start_device
                0x800040fc       0x4c AVR32_LIBS/DRIVERS/USBB/ENUM/DEVICE/usb_device_task.o
                0x800040fc                usb_start_device
 .text.usb_device_task
                0x80004148       0xbc AVR32_LIBS/DRIVERS/USBB/ENUM/DEVICE/usb_device_task.o
                0x80004148                usb_device_task
 .text          0x80004204       0x30 AVR32_LIBS/DRIVERS/USBB/ENUM/DEVICE/usb_standard_request.o
 .text.usb_process_request
                0x80004234      0x174 AVR32_LIBS/DRIVERS/USBB/ENUM/DEVICE/usb_standard_request.o
                0x80004234                usb_process_request
 .text.usb_set_address
                0x800043a8       0x6c AVR32_LIBS/DRIVERS/USBB/ENUM/DEVICE/usb_standard_request.o
 .text.usb_set_configuration
                0x80004414       0x7c AVR32_LIBS/DRIVERS/USBB/ENUM/DEVICE/usb_standard_request.o
 .text.usb_get_descriptor
                0x80004490      0x1d4 AVR32_LIBS/DRIVERS/USBB/ENUM/DEVICE/usb_standard_request.o
 .text.usb_get_configuration
                0x80004664       0x54 AVR32_LIBS/DRIVERS/USBB/ENUM/DEVICE/usb_standard_request.o
 .text.usb_get_status
                0x800046b8      0x110 AVR32_LIBS/DRIVERS/USBB/ENUM/DEVICE/usb_standard_request.o
 .text.usb_set_feature
                0x800047c8       0xf4 AVR32_LIBS/DRIVERS/USBB/ENUM/DEVICE/usb_standard_request.o
 .text.usb_clear_feature
                0x800048bc      0x14c AVR32_LIBS/DRIVERS/USBB/ENUM/DEVICE/usb_standard_request.o
 .text.usb_get_interface
                0x80004a08       0x2e AVR32_LIBS/DRIVERS/USBB/ENUM/DEVICE/usb_standard_request.o
 *fill*         0x80004a36        0x2 d703d703
 .text.usb_set_interface
                0x80004a38      0x2b8 AVR32_LIBS/DRIVERS/USBB/ENUM/DEVICE/usb_standard_request.o
 .text          0x80004cf0        0x8 AVR32_LIBS/DRIVERS/USBB/ENUM/usb_task.o
 .text.usb_general_interrupt
                0x80004cf8       0x78 AVR32_LIBS/DRIVERS/USBB/ENUM/usb_task.o
 .text.usb_task_init
                0x80004d70       0x60 AVR32_LIBS/DRIVERS/USBB/ENUM/usb_task.o
                0x80004d70                usb_task_init
 .text.usb_task
                0x80004dd0       0x90 AVR32_LIBS/DRIVERS/USBB/ENUM/usb_task.o
                0x80004dd0                usb_task
 .text.usb_general_interrupt_non_naked
                0x80004e60      0x214 AVR32_LIBS/DRIVERS/USBB/ENUM/usb_task.o
 .text.usb_init_device
                0x80005074       0xc2 AVR32_LIBS/DRIVERS/USBB/usb_drv.o
                0x80005074                usb_init_device
 *fill*         0x80005136        0x2 d703d703
 .text.usb_write_ep_txpacket
                0x80005138      0x244 AVR32_LIBS/DRIVERS/USBB/usb_drv.o
                0x80005138                usb_write_ep_txpacket
 .text.wdt_set_ctrl
                0x8000537c       0x2e AVR32_LIBS/DRIVERS/WDT/wdt.o
 *fill*         0x800053aa        0x2 d703d703
 .text.wdt_get_us_timeout_period
                0x800053ac       0x8c AVR32_LIBS/DRIVERS/WDT/wdt.o
                0x800053ac                wdt_get_us_timeout_period
 .text.wdt_disable
                0x80005438       0x1c AVR32_LIBS/DRIVERS/WDT/wdt.o
                0x80005438                wdt_disable
 .text.wdt_enable
                0x80005454       0xc4 AVR32_LIBS/DRIVERS/WDT/wdt.o
                0x80005454                wdt_enable
 .text.wdt_clear
                0x80005518       0x12 AVR32_LIBS/DRIVERS/WDT/wdt.o
                0x80005518                wdt_clear
 .text.vListInitialise
                0x8000552a       0x4c AVR32_LIBS/SERVICES/FREERTOS/Source/list.o
                0x8000552a                vListInitialise
 .text.vListInitialiseItem
                0x80005576       0x1a AVR32_LIBS/SERVICES/FREERTOS/Source/list.o
                0x80005576                vListInitialiseItem
 .text.vListInsertEnd
                0x80005590       0x72 AVR32_LIBS/SERVICES/FREERTOS/Source/list.o
                0x80005590                vListInsertEnd
 .text.vListInsert
                0x80005602       0xa2 AVR32_LIBS/SERVICES/FREERTOS/Source/list.o
                0x80005602                vListInsert
 .text.vListRemove
                0x800056a4       0x6a AVR32_LIBS/SERVICES/FREERTOS/Source/list.o
                0x800056a4                vListRemove
 *fill*         0x8000570e        0x2 d703d703
 .text._init_startup
                0x80005710       0x30 AVR32_LIBS/SERVICES/FREERTOS/Source/portable/GCC/AVR32_UC3/port.o
                0x80005710                _init_startup
 .text.__malloc_lock
                0x80005740       0x1c AVR32_LIBS/SERVICES/FREERTOS/Source/portable/GCC/AVR32_UC3/port.o
                0x80005740                __malloc_lock
 .text.__malloc_unlock
                0x8000575c       0x1c AVR32_LIBS/SERVICES/FREERTOS/Source/portable/GCC/AVR32_UC3/port.o
                0x8000575c                __malloc_unlock
 .text.vTick    0x80005778       0x84 AVR32_LIBS/SERVICES/FREERTOS/Source/portable/GCC/AVR32_UC3/port.o
 .text.SCALLYield
                0x800057fc       0x88 AVR32_LIBS/SERVICES/FREERTOS/Source/portable/GCC/AVR32_UC3/port.o
                0x800057fc                SCALLYield
 .text.vPortEnterCritical
                0x80005884       0x1c AVR32_LIBS/SERVICES/FREERTOS/Source/portable/GCC/AVR32_UC3/port.o
                0x80005884                vPortEnterCritical
 .text.vPortExitCritical
                0x800058a0       0x2c AVR32_LIBS/SERVICES/FREERTOS/Source/portable/GCC/AVR32_UC3/port.o
                0x800058a0                vPortExitCritical
 .text.pxPortInitialiseStack
                0x800058cc      0x1a6 AVR32_LIBS/SERVICES/FREERTOS/Source/portable/GCC/AVR32_UC3/port.o
                0x800058cc                pxPortInitialiseStack
 *fill*         0x80005a72        0x2 d703d703
 .text.xPortStartScheduler
                0x80005a74       0x48 AVR32_LIBS/SERVICES/FREERTOS/Source/portable/GCC/AVR32_UC3/port.o
                0x80005a74                xPortStartScheduler
 .text.prvScheduleFirstTick
                0x80005abc       0x18 AVR32_LIBS/SERVICES/FREERTOS/Source/portable/GCC/AVR32_UC3/port.o
 .text.prvClearCcInt
                0x80005ad4       0x12 AVR32_LIBS/SERVICES/FREERTOS/Source/portable/GCC/AVR32_UC3/port.o
 *fill*         0x80005ae6        0x2 d703d703
 .text.prvSetupTimerInterrupt
                0x80005ae8       0x28 AVR32_LIBS/SERVICES/FREERTOS/Source/portable/GCC/AVR32_UC3/port.o
 .text.pvPortMalloc
                0x80005b10       0x3c AVR32_LIBS/SERVICES/FREERTOS/Source/portable/MemMang/heap_3.o
                0x80005b10                pvPortMalloc
 .text.vPortFree
                0x80005b4c       0x38 AVR32_LIBS/SERVICES/FREERTOS/Source/portable/MemMang/heap_3.o
                0x80005b4c                vPortFree
 .text.xQueueCreate
                0x80005b84      0x10c AVR32_LIBS/SERVICES/FREERTOS/Source/queue.o
                0x80005b84                xQueueCreate
 .text.xQueueCreateMutex
                0x80005c90       0xa8 AVR32_LIBS/SERVICES/FREERTOS/Source/queue.o
                0x80005c90                xQueueCreateMutex
 .text.xQueueGenericSend
                0x80005d38      0x1a0 AVR32_LIBS/SERVICES/FREERTOS/Source/queue.o
                0x80005d38                xQueueGenericSend
 .text.xQueueGenericSendFromISR
                0x80005ed8       0xac AVR32_LIBS/SERVICES/FREERTOS/Source/queue.o
                0x80005ed8                xQueueGenericSendFromISR
 .text.xQueueGenericReceive
                0x80005f84      0x220 AVR32_LIBS/SERVICES/FREERTOS/Source/queue.o
                0x80005f84                xQueueGenericReceive
 .text.prvCopyDataToQueue
                0x800061a4      0x10c AVR32_LIBS/SERVICES/FREERTOS/Source/queue.o
 .text.prvCopyDataFromQueue
                0x800062b0       0x6c AVR32_LIBS/SERVICES/FREERTOS/Source/queue.o
 .text.prvUnlockQueue
                0x8000631c       0xd0 AVR32_LIBS/SERVICES/FREERTOS/Source/queue.o
 .text.prvIsQueueEmpty
                0x800063ec       0x38 AVR32_LIBS/SERVICES/FREERTOS/Source/queue.o
 .text.prvIsQueueFull
                0x80006424       0x3c AVR32_LIBS/SERVICES/FREERTOS/Source/queue.o
 .text          0x80006460       0x20 AVR32_LIBS/SERVICES/FREERTOS/Source/tasks.o
 .text.xTaskCreate
                0x80006480      0x1b8 AVR32_LIBS/SERVICES/FREERTOS/Source/tasks.o
                0x80006480                xTaskCreate
 .text.vTaskDelete
                0x80006638       0xb0 AVR32_LIBS/SERVICES/FREERTOS/Source/tasks.o
                0x80006638                vTaskDelete
 .text.vTaskDelayUntil
                0x800066e8      0x128 AVR32_LIBS/SERVICES/FREERTOS/Source/tasks.o
                0x800066e8                vTaskDelayUntil
 .text.vTaskDelay
                0x80006810       0xb4 AVR32_LIBS/SERVICES/FREERTOS/Source/tasks.o
                0x80006810                vTaskDelay
 .text.vTaskSuspend
                0x800068c4       0x94 AVR32_LIBS/SERVICES/FREERTOS/Source/tasks.o
                0x800068c4                vTaskSuspend
 .text.xTaskIsTaskSuspended
                0x80006958       0x58 AVR32_LIBS/SERVICES/FREERTOS/Source/tasks.o
                0x80006958                xTaskIsTaskSuspended
 .text.vTaskResume
                0x800069b0       0xc4 AVR32_LIBS/SERVICES/FREERTOS/Source/tasks.o
                0x800069b0                vTaskResume
 .text.vTaskStartScheduler
                0x80006a74       0x5c AVR32_LIBS/SERVICES/FREERTOS/Source/tasks.o
                0x80006a74                vTaskStartScheduler
 .text.vTaskSuspendAll
                0x80006ad0       0x2c AVR32_LIBS/SERVICES/FREERTOS/Source/tasks.o
                0x80006ad0                vTaskSuspendAll
 .text.xTaskResumeAll
                0x80006afc      0x130 AVR32_LIBS/SERVICES/FREERTOS/Source/tasks.o
                0x80006afc                xTaskResumeAll
 .text.xTaskGetTickCount
                0x80006c2c       0x30 AVR32_LIBS/SERVICES/FREERTOS/Source/tasks.o
                0x80006c2c                xTaskGetTickCount
 .text.vTaskList
                0x80006c5c      0x110 AVR32_LIBS/SERVICES/FREERTOS/Source/tasks.o
                0x80006c5c                vTaskList
 .text.vTaskIncrementTick
                0x80006d6c       0xf8 AVR32_LIBS/SERVICES/FREERTOS/Source/tasks.o
                0x80006d6c                vTaskIncrementTick
 .text.vTaskSwitchContext
                0x80006e64      0x128 AVR32_LIBS/SERVICES/FREERTOS/Source/tasks.o
                0x80006e64                vTaskSwitchContext
 .text.vTaskPlaceOnEventList
                0x80006f8c       0xbc AVR32_LIBS/SERVICES/FREERTOS/Source/tasks.o
                0x80006f8c                vTaskPlaceOnEventList
 .text.xTaskRemoveFromEventList
                0x80007048       0xdc AVR32_LIBS/SERVICES/FREERTOS/Source/tasks.o
                0x80007048                xTaskRemoveFromEventList
 .text.vTaskSetTimeOutState
                0x80007124       0x30 AVR32_LIBS/SERVICES/FREERTOS/Source/tasks.o
                0x80007124                vTaskSetTimeOutState
 .text.xTaskCheckForTimeOut
                0x80007154       0xb8 AVR32_LIBS/SERVICES/FREERTOS/Source/tasks.o
                0x80007154                xTaskCheckForTimeOut
 .text.vTaskMissedYield
                0x8000720c       0x14 AVR32_LIBS/SERVICES/FREERTOS/Source/tasks.o
                0x8000720c                vTaskMissedYield
 .text.prvIdleTask
                0x80007220       0x2c AVR32_LIBS/SERVICES/FREERTOS/Source/tasks.o
 .text.prvInitialiseTCBVariables
                0x8000724c       0xa0 AVR32_LIBS/SERVICES/FREERTOS/Source/tasks.o
 .text.prvInitialiseTaskLists
                0x800072ec       0x94 AVR32_LIBS/SERVICES/FREERTOS/Source/tasks.o
 .text.prvCheckTasksWaitingTermination
                0x80007380       0xa4 AVR32_LIBS/SERVICES/FREERTOS/Source/tasks.o
 .text.prvAllocateTCBAndStack
                0x80007424       0x84 AVR32_LIBS/SERVICES/FREERTOS/Source/tasks.o
 .text.prvListTaskWithinSingleList
                0x800074a8      0x10c AVR32_LIBS/SERVICES/FREERTOS/Source/tasks.o
 .text.usTaskCheckFreeStackSpace
                0x800075b4       0x46 AVR32_LIBS/SERVICES/FREERTOS/Source/tasks.o
                0x800075b4                usTaskCheckFreeStackSpace
 *fill*         0x800075fa        0x2 d703d703
 .text.prvDeleteTCB
                0x800075fc       0x2c AVR32_LIBS/SERVICES/FREERTOS/Source/tasks.o
 .text.xTaskGetCurrentTaskHandle
                0x80007628       0x30 AVR32_LIBS/SERVICES/FREERTOS/Source/tasks.o
                0x80007628                xTaskGetCurrentTaskHandle
 .text.vTaskPriorityInherit
                0x80007658       0xd4 AVR32_LIBS/SERVICES/FREERTOS/Source/tasks.o
                0x80007658                vTaskPriorityInherit
 .text.vTaskPriorityDisinherit
                0x8000772c       0xac AVR32_LIBS/SERVICES/FREERTOS/Source/tasks.o
                0x8000772c                vTaskPriorityDisinherit
 .text          0x800077d8       0x9d AVR32_LIBS/SERVICES/USB/CLASS/CDC/EXAMPLES/ENUM/DEVICE/usb_descriptors.o
                0x800077d8                usb_dev_desc
                0x800077ea                usb_conf_desc
                0x8000782d                usb_user_language_id
                0x80007831                usb_user_manufacturer_string_descriptor
                0x8000783d                usb_user_product_string_descriptor
                0x80007859                usb_user_serial_number
 *fill*         0x80007875        0x1 d703d703
 .text.usb_user_endpoint_init
                0x80007876      0x1be AVR32_LIBS/SERVICES/USB/CLASS/CDC/EXAMPLES/ENUM/DEVICE/usb_specific_request.o
                0x80007876                usb_user_endpoint_init
 .text.usb_user_read_request
                0x80007a34       0x5c AVR32_LIBS/SERVICES/USB/CLASS/CDC/EXAMPLES/ENUM/DEVICE/usb_specific_request.o
                0x80007a34                usb_user_read_request
 .text.usb_user_get_descriptor
                0x80007a90       0x1e AVR32_LIBS/SERVICES/USB/CLASS/CDC/EXAMPLES/ENUM/DEVICE/usb_specific_request.o
                0x80007a90                usb_user_get_descriptor
 *fill*         0x80007aae        0x2 d703d703
 .text.cdc_get_line_coding
                0x80007ab0       0xd0 AVR32_LIBS/SERVICES/USB/CLASS/CDC/EXAMPLES/ENUM/DEVICE/usb_specific_request.o
                0x80007ab0                cdc_get_line_coding
 .text.cdc_set_line_coding
                0x80007b80      0x1ac AVR32_LIBS/SERVICES/USB/CLASS/CDC/EXAMPLES/ENUM/DEVICE/usb_specific_request.o
                0x80007b80                cdc_set_line_coding
 .text.cdc_set_control_line_state
                0x80007d2c       0x26 AVR32_LIBS/SERVICES/USB/CLASS/CDC/EXAMPLES/ENUM/DEVICE/usb_specific_request.o
                0x80007d2c                cdc_set_control_line_state
 *fill*         0x80007d52        0x2 d703d703
 .text.uart_usb_init
                0x80007d54       0x20 AVR32_LIBS/SERVICES/USB/CLASS/CDC/EXAMPLES/uart_usb_lib.o
                0x80007d54                uart_usb_init
 .text.uart_usb_test_hit
                0x80007d74       0x6c AVR32_LIBS/SERVICES/USB/CLASS/CDC/EXAMPLES/uart_usb_lib.o
                0x80007d74                uart_usb_test_hit
 .text.uart_usb_getchar
                0x80007de0       0x68 AVR32_LIBS/SERVICES/USB/CLASS/CDC/EXAMPLES/uart_usb_lib.o
                0x80007de0                uart_usb_getchar
 .text.uart_usb_tx_ready
                0x80007e48       0x1e AVR32_LIBS/SERVICES/USB/CLASS/CDC/EXAMPLES/uart_usb_lib.o
                0x80007e48                uart_usb_tx_ready
 *fill*         0x80007e66        0x2 d703d703
 .text.uart_usb_putchar
                0x80007e68       0xa0 AVR32_LIBS/SERVICES/USB/CLASS/CDC/EXAMPLES/uart_usb_lib.o
                0x80007e68                uart_usb_putchar
 .text.usb_cdc_performance_print
                0x80007f08      0x144 AVR32_LIBS/SERVICES/USB/CLASS/CDC/EXAMPLES/uart_usb_lib.o
                0x80007f08                usb_cdc_performance_print
 .text.uart_usb_flush
                0x8000804c       0x98 AVR32_LIBS/SERVICES/USB/CLASS/CDC/EXAMPLES/uart_usb_lib.o
                0x8000804c                uart_usb_flush
 .text.uart_usb_flush_slow
                0x800080e4       0x74 AVR32_LIBS/SERVICES/USB/CLASS/CDC/EXAMPLES/uart_usb_lib.o
                0x800080e4                uart_usb_flush_slow
 .text          0x80008158     0x7440 spike_fw_update.o
                0x80008158                prog_code_in_flash
 .text.bswap_16
                0x8000f598       0x30 spike_fw_update.o
 .text.init_spike_fw_update_task
                0x8000f5c8       0x3c spike_fw_update.o
                0x8000f5c8                init_spike_fw_update_task
 .text.vTaskSpikeFwUpdate
                0x8000f604      0x6dc spike_fw_update.o
                0x8000f604                vTaskSpikeFwUpdate
 .text.send     0x8000fce0      0x518 spike_fw_update.o
                0x8000fce0                send
 .text.wait_for_response
                0x800101f8      0x1c8 spike_fw_update.o
                0x800101f8                wait_for_response
 .text.store_prog_code_in_flash
                0x800103c0      0x37c spike_fw_update.o
                0x800103c0                store_prog_code_in_flash
 .text.bootloader_usb_getchar
                0x8001073c       0x5c spike_fw_update.o
                0x8001073c                bootloader_usb_getchar
 .text.bootloader_uart_usb_test_hit
                0x80010798       0x6c spike_fw_update.o
                0x80010798                bootloader_uart_usb_test_hit
 .text.main     0x80010804       0x38 main.o
                0x80010804                main
 .text.pll_init
                0x8001083c       0xac main.o
                0x8001083c                pll_init
 .text          0x800108e8      0x1c8 main_app.o
 .text.bswap_16
                0x80010ab0       0x30 main_app.o
 .text.cock_application_init
                0x80010ae0       0x84 main_app.o
                0x80010ae0                cock_application_init
 .text.Spannung_leds
                0x80010b64       0xd8 main_app.o
                0x80010b64                Spannung_leds
 .text.rssi_leds
                0x80010c3c       0xec main_app.o
                0x80010c3c                rssi_leds
 .text.vTaskProcessData
                0x80010d28      0x524 main_app.o
                0x80010d28                vTaskProcessData
 .text.handle_config_packet
                0x8001124c      0x428 main_app.o
                0x8001124c                handle_config_packet
 .text.vTaskTIMING
                0x80011674      0x224 main_app.o
                0x80011674                vTaskTIMING
 .text.vTaskCONTROL
                0x80011898       0xc4 main_app.o
                0x80011898                vTaskCONTROL
 .text.pwm_drv_init
                0x8001195c       0xd8 main_app.o
                0x8001195c                pwm_drv_init
 .text.pwm_enable
                0x80011a34       0x20 main_app.o
                0x80011a34                pwm_enable
 .text.pwm_disable
                0x80011a54       0x20 main_app.o
                0x80011a54                pwm_disable
 .text.eeprom_save_config
                0x80011a74       0x7c main_app.o
                0x80011a74                eeprom_save_config
 .text.eeprom_load_config
                0x80011af0       0x70 main_app.o
                0x80011af0                eeprom_load_config
 .text.output_mode3
                0x80011b60      0x7a0 main_app.o
                0x80011b60                output_mode3
 .text.zero_strain_gauges
                0x80012300      0x398 main_app.o
                0x80012300                zero_strain_gauges
 .text          0x80012698        0x8 security_task.o
 .text.init_security_task
                0x800126a0       0x3c security_task.o
                0x800126a0                init_security_task
 .text.vTaskSec
                0x800126dc       0x28 security_task.o
                0x800126dc                vTaskSec
 .text          0x80012704     0x11d8 terminal/usb/usb.o
 .text.bswap_16
                0x800138dc       0x30 terminal/usb/usb.o
 .text.usb_start
                0x8001390c       0x68 terminal/usb/usb.o
                0x8001390c                usb_start
 .text.find_channel
                0x80013974       0x94 terminal/usb/usb.o
                0x80013974                find_channel
 .text.vTaskUSB
                0x80013a08     0x17cc terminal/usb/usb.o
                0x80013a08                vTaskUSB
 .text.usb_uart_write_line
                0x800151d4       0x44 terminal/usb/usb.o
                0x800151d4                usb_uart_write_line
 .text.usb_uart_printf
                0x80015218       0xfc terminal/usb/usb.o
                0x80015218                usb_uart_printf
 .text.usb_sof_action
                0x80015314       0x1c terminal/usb/usb.o
                0x80015314                usb_sof_action
 .text.usb_uart_get_string
                0x80015330       0xb8 terminal/usb/usb.o
                0x80015330                usb_uart_get_string
 .text.print_main_menu
                0x800153e8      0x14c terminal/usb/usb.o
                0x800153e8                print_main_menu
 .text.print_transceiver_config
                0x80015534      0x538 terminal/usb/usb.o
                0x80015534                print_transceiver_config
 .text.print_tx_command
                0x80015a6c      0x3c4 terminal/usb/usb.o
                0x80015a6c                print_tx_command
 .text.change_channel_remote
                0x80015e30      0x364 terminal/usb/usb.o
                0x80015e30                change_channel_remote
 .text.set_cpu_hz
                0x80016194        0xc ../AVR32_LIBS/UTILS/LIBS/NEWLIB_ADDONS/AT32UCR2\libnewlib_addons-at32ucr2-speed_opt.a(cpu.o)
                0x80016194                set_cpu_hz
 .text.unimplemented_syscall
                0x800161a0        0x2 ../AVR32_LIBS/UTILS/LIBS/NEWLIB_ADDONS/AT32UCR2\libnewlib_addons-at32ucr2-speed_opt.a(syscalls.o)
                0x800161a0                unimplemented_syscall
 .text.isatty   0x800161a2        0x2 ../AVR32_LIBS/UTILS/LIBS/NEWLIB_ADDONS/AT32UCR2\libnewlib_addons-at32ucr2-speed_opt.a(syscalls.o)
                0x800161a2                isatty
 .text._fstat   0x800161a4        0x2 ../AVR32_LIBS/UTILS/LIBS/NEWLIB_ADDONS/AT32UCR2\libnewlib_addons-at32ucr2-speed_opt.a(syscalls.o)
                0x800161a4                _fstat
 .text._init_argv
                0x800161a6        0x2 ../AVR32_LIBS/UTILS/LIBS/NEWLIB_ADDONS/AT32UCR2\libnewlib_addons-at32ucr2-speed_opt.a(syscalls.o)
                0x800161a6                _init_argv
 .text._close   0x800161a8       0x14 ../AVR32_LIBS/UTILS/LIBS/NEWLIB_ADDONS/AT32UCR2\libnewlib_addons-at32ucr2-speed_opt.a(syscalls.o)
                0x800161a8                _close
 .text._lseek   0x800161bc       0x14 ../AVR32_LIBS/UTILS/LIBS/NEWLIB_ADDONS/AT32UCR2\libnewlib_addons-at32ucr2-speed_opt.a(syscalls.o)
                0x800161bc                _lseek
 .text._write   0x800161d0       0x48 ../AVR32_LIBS/UTILS/LIBS/NEWLIB_ADDONS/AT32UCR2\libnewlib_addons-at32ucr2-speed_opt.a(syscalls.o)
                0x800161d0                _write
 .text._read    0x80016218       0x44 ../AVR32_LIBS/UTILS/LIBS/NEWLIB_ADDONS/AT32UCR2\libnewlib_addons-at32ucr2-speed_opt.a(syscalls.o)
                0x80016218                _read
 .text._exit    0x8001625c       0x34 ../AVR32_LIBS/UTILS/LIBS/NEWLIB_ADDONS/AT32UCR2\libnewlib_addons-at32ucr2-speed_opt.a(syscalls.o)
                0x8001625c                _exit
 .text._sbrk    0x80016290       0x40 ../AVR32_LIBS/UTILS/LIBS/NEWLIB_ADDONS/AT32UCR2\libnewlib_addons-at32ucr2-speed_opt.a(syscalls.o)
                0x80016290                _sbrk
 .text.usart_putc
                0x800162d0       0x1c ../AVR32_LIBS/UTILS/LIBS/NEWLIB_ADDONS/AT32UCR2\libnewlib_addons-at32ucr2-speed_opt.a(usart.o)
                0x800162d0                usart_putc
 .text.usart_getc
                0x800162ec       0x1c ../AVR32_LIBS/UTILS/LIBS/NEWLIB_ADDONS/AT32UCR2\libnewlib_addons-at32ucr2-speed_opt.a(usart.o)
                0x800162ec                usart_getc
 .text          0x80016308      0x1d4 c:/program files (x86)/atmel/avr studio 5.1/extensions/atmel/avrgcc/3.3.1.27/avrtoolchain/bin/../lib/gcc/avr32/4.4.3/ucr2\libgcc.a(_avr32_f64_mul.o)
                0x80016308                __avr32_f64_mul
 .text          0x800164dc      0x2a8 c:/program files (x86)/atmel/avr studio 5.1/extensions/atmel/avrgcc/3.3.1.27/avrtoolchain/bin/../lib/gcc/avr32/4.4.3/ucr2\libgcc.a(_avr32_f64_addsub.o)
                0x800164e0                __avr32_f64_sub
                0x8001667c                __avr32_f64_add
 .text          0x80016784       0x2a c:/program files (x86)/atmel/avr studio 5.1/extensions/atmel/avrgcc/3.3.1.27/avrtoolchain/bin/../lib/gcc/avr32/4.4.3/ucr2\libgcc.a(_avr32_f64_to_s32.o)
                0x80016784                __avr32_f64_to_u32
                0x80016788                __avr32_f64_to_s32
 .text          0x800167ae       0xe8 c:/program files (x86)/atmel/avr studio 5.1/extensions/atmel/avrgcc/3.3.1.27/avrtoolchain/bin/../lib/gcc/avr32/4.4.3/ucr2\libgcc.a(_avr32_s32_to_f64.o)
                0x800167ae                __avr32_u32_to_f64
                0x800167b6                __avr32_s32_to_f64
 .text          0x80016896       0x68 c:/program files (x86)/atmel/avr studio 5.1/extensions/atmel/avrgcc/3.3.1.27/avrtoolchain/bin/../lib/gcc/avr32/4.4.3/ucr2\libgcc.a(_avr32_f64_cmp_lt.o)
                0x80016896                __avr32_f64_cmp_lt
 *fill*         0x800168fe        0x2 d703d703
 .text          0x80016900      0x318 c:/program files (x86)/atmel/avr studio 5.1/extensions/atmel/avrgcc/3.3.1.27/avrtoolchain/bin/../lib/gcc/avr32/4.4.3/ucr2\libgcc.a(_avr32_f64_div.o)
                0x80016900                __avr32_f64_div
 .text          0x80016c18      0x160 c:/program files (x86)/atmel/avr studio 5.1/extensions/atmel/avrgcc/3.3.1.27/avrtoolchain/bin/../lib/gcc/avr32/4.4.3/ucr2\libgcc.a(_avr32_f32_div.o)
                0x80016c18                __avr32_f32_div
 .text          0x80016d78      0x180 c:/program files (x86)/atmel/avr studio 5.1/extensions/atmel/avrgcc/3.3.1.27/avrtoolchain/bin/../lib/gcc/avr32/4.4.3/ucr2\libgcc.a(_avr32_f32_addsub.o)
                0x80016d7c                __avr32_f32_sub
                0x80016e4c                __avr32_f32_add
 .text          0x80016ef8       0xe2 c:/program files (x86)/atmel/avr studio 5.1/extensions/atmel/avrgcc/3.3.1.27/avrtoolchain/bin/../lib/gcc/avr32/4.4.3/ucr2\libgcc.a(_avr32_f32_mul.o)
                0x80016ef8                __avr32_f32_mul
 .text          0x80016fda       0x74 c:/program files (x86)/atmel/avr studio 5.1/extensions/atmel/avrgcc/3.3.1.27/avrtoolchain/bin/../lib/gcc/avr32/4.4.3/ucr2\libgcc.a(_avr32_s32_to_f32.o)
                0x80016fda                __avr32_s32_to_f32
 .text          0x8001704e       0x70 c:/program files (x86)/atmel/avr studio 5.1/extensions/atmel/avrgcc/3.3.1.27/avrtoolchain/bin/../lib/gcc/avr32/4.4.3/ucr2\libgcc.a(_avr32_u32_to_f32.o)
                0x8001704e                __avr32_u32_to_f32
 .text          0x800170be       0x60 c:/program files (x86)/atmel/avr studio 5.1/extensions/atmel/avrgcc/3.3.1.27/avrtoolchain/bin/../lib/gcc/avr32/4.4.3/ucr2\libgcc.a(_avr32_f32_to_f64.o)
                0x800170be                __avr32_f32_to_f64
 .text          0x8001711e      0x292 c:/program files (x86)/atmel/avr studio 5.1/extensions/atmel/avrgcc/3.3.1.27/avrtoolchain/bin/../lib/gcc/avr32/4.4.3/ucr2\libgcc.a(_udivdi3.o)
                0x8001711e                __avr32_udiv64
                0x8001711e                __udivdi3
 .text.atexit   0x800173b0       0x14 c:/program files (x86)/atmel/avr studio 5.1/extensions/atmel/avrgcc/3.3.1.27/avrtoolchain/bin/../lib/gcc/avr32/4.4.3/../../../../avr32/lib/ucr2\libc.a(lib_a-atexit.o)
                0x800173b0                atexit
 .text.atoi     0x800173c4       0x10 c:/program files (x86)/atmel/avr studio 5.1/extensions/atmel/avrgcc/3.3.1.27/avrtoolchain/bin/../lib/gcc/avr32/4.4.3/../../../../avr32/lib/ucr2\libc.a(lib_a-atoi.o)
                0x800173c4                atoi
 .text.__errno  0x800173d4        0xc c:/program files (x86)/atmel/avr studio 5.1/extensions/atmel/avrgcc/3.3.1.27/avrtoolchain/bin/../lib/gcc/avr32/4.4.3/../../../../avr32/lib/ucr2\libc.a(lib_a-errno.o)
                0x800173d4                __errno
 .text.exit     0x800173e0       0x28 c:/program files (x86)/atmel/avr studio 5.1/extensions/atmel/avrgcc/3.3.1.27/avrtoolchain/bin/../lib/gcc/avr32/4.4.3/../../../../avr32/lib/ucr2\libc.a(lib_a-exit.o)
                0x800173e0                exit
 .text._fflush_r
                0x80017408      0x118 c:/program files (x86)/atmel/avr studio 5.1/extensions/atmel/avrgcc/3.3.1.27/avrtoolchain/bin/../lib/gcc/avr32/4.4.3/../../../../avr32/lib/ucr2\libc.a(lib_a-fflush.o)
                0x80017408                _fflush_r
 .text.fflush   0x80017520       0x30 c:/program files (x86)/atmel/avr studio 5.1/extensions/atmel/avrgcc/3.3.1.27/avrtoolchain/bin/../lib/gcc/avr32/4.4.3/../../../../avr32/lib/ucr2\libc.a(lib_a-fflush.o)
                0x80017520                fflush
 .text.__sfp_lock_acquire
                0x80017550        0x2 c:/program files (x86)/atmel/avr studio 5.1/extensions/atmel/avrgcc/3.3.1.27/avrtoolchain/bin/../lib/gcc/avr32/4.4.3/../../../../avr32/lib/ucr2\libc.a(lib_a-findfp.o)
                0x80017550                __sfp_lock_acquire
 .text.__sfp_lock_release
                0x80017552        0x2 c:/program files (x86)/atmel/avr studio 5.1/extensions/atmel/avrgcc/3.3.1.27/avrtoolchain/bin/../lib/gcc/avr32/4.4.3/../../../../avr32/lib/ucr2\libc.a(lib_a-findfp.o)
                0x80017552                __sfp_lock_release
 .text._cleanup_r
                0x80017554       0x14 c:/program files (x86)/atmel/avr studio 5.1/extensions/atmel/avrgcc/3.3.1.27/avrtoolchain/bin/../lib/gcc/avr32/4.4.3/../../../../avr32/lib/ucr2\libc.a(lib_a-findfp.o)
                0x80017554                _cleanup_r
 .text.__sfmoreglue
                0x80017568       0x30 c:/program files (x86)/atmel/avr studio 5.1/extensions/atmel/avrgcc/3.3.1.27/avrtoolchain/bin/../lib/gcc/avr32/4.4.3/../../../../avr32/lib/ucr2\libc.a(lib_a-findfp.o)
                0x80017568                __sfmoreglue
 .text.__sfp    0x80017598       0x7c c:/program files (x86)/atmel/avr studio 5.1/extensions/atmel/avrgcc/3.3.1.27/avrtoolchain/bin/../lib/gcc/avr32/4.4.3/../../../../avr32/lib/ucr2\libc.a(lib_a-findfp.o)
                0x80017598                __sfp
 .text.__sinit  0x80017614       0xb0 c:/program files (x86)/atmel/avr studio 5.1/extensions/atmel/avrgcc/3.3.1.27/avrtoolchain/bin/../lib/gcc/avr32/4.4.3/../../../../avr32/lib/ucr2\libc.a(lib_a-findfp.o)
                0x80017614                __sinit
 .text._fwalk_reent
                0x800176c4       0x58 c:/program files (x86)/atmel/avr studio 5.1/extensions/atmel/avrgcc/3.3.1.27/avrtoolchain/bin/../lib/gcc/avr32/4.4.3/../../../../avr32/lib/ucr2\libc.a(lib_a-fwalk.o)
                0x800176c4                _fwalk_reent
 .text._fwalk   0x8001771c       0x54 c:/program files (x86)/atmel/avr studio 5.1/extensions/atmel/avrgcc/3.3.1.27/avrtoolchain/bin/../lib/gcc/avr32/4.4.3/../../../../avr32/lib/ucr2\libc.a(lib_a-fwalk.o)
                0x8001771c                _fwalk
 .text.free     0x80017770       0x18 c:/program files (x86)/atmel/avr studio 5.1/extensions/atmel/avrgcc/3.3.1.27/avrtoolchain/bin/../lib/gcc/avr32/4.4.3/../../../../avr32/lib/ucr2\libc.a(lib_a-malloc.o)
                0x80017770                free
 .text.malloc   0x80017788       0x18 c:/program files (x86)/atmel/avr studio 5.1/extensions/atmel/avrgcc/3.3.1.27/avrtoolchain/bin/../lib/gcc/avr32/4.4.3/../../../../avr32/lib/ucr2\libc.a(lib_a-malloc.o)
                0x80017788                malloc
 .text._malloc_r
                0x800177a0      0x454 c:/program files (x86)/atmel/avr studio 5.1/extensions/atmel/avrgcc/3.3.1.27/avrtoolchain/bin/../lib/gcc/avr32/4.4.3/../../../../avr32/lib/ucr2\libc.a(lib_a-mallocr.o)
                0x800177a0                _malloc_r
 .text          0x80017bf4      0x148 c:/program files (x86)/atmel/avr studio 5.1/extensions/atmel/avrgcc/3.3.1.27/avrtoolchain/bin/../lib/gcc/avr32/4.4.3/../../../../avr32/lib/ucr2\libc.a(lib_a-memcpy.o)
                0x80017bf4                memcpy
 .text.memset   0x80017d3c        0xe c:/program files (x86)/atmel/avr studio 5.1/extensions/atmel/avrgcc/3.3.1.27/avrtoolchain/bin/../lib/gcc/avr32/4.4.3/../../../../avr32/lib/ucr2\libc.a(lib_a-memset.o)
                0x80017d3c                memset
 *fill*         0x80017d4a        0x2 d703d703
 .text.printf   0x80017d4c       0x38 c:/program files (x86)/atmel/avr studio 5.1/extensions/atmel/avrgcc/3.3.1.27/avrtoolchain/bin/../lib/gcc/avr32/4.4.3/../../../../avr32/lib/ucr2\libc.a(lib_a-printf.o)
                0x80017d4c                printf
 .text.rand     0x80017d84       0x84 c:/program files (x86)/atmel/avr studio 5.1/extensions/atmel/avrgcc/3.3.1.27/avrtoolchain/bin/../lib/gcc/avr32/4.4.3/../../../../avr32/lib/ucr2\libc.a(lib_a-rand.o)
                0x80017d84                rand
 .text._realloc_r
                0x80017e08      0x2e0 c:/program files (x86)/atmel/avr studio 5.1/extensions/atmel/avrgcc/3.3.1.27/avrtoolchain/bin/../lib/gcc/avr32/4.4.3/../../../../avr32/lib/ucr2\libc.a(lib_a-reallocr.o)
                0x80017e08                _realloc_r
 .text._sbrk_r  0x800180e8       0x28 c:/program files (x86)/atmel/avr studio 5.1/extensions/atmel/avrgcc/3.3.1.27/avrtoolchain/bin/../lib/gcc/avr32/4.4.3/../../../../avr32/lib/ucr2\libc.a(lib_a-sbrkr.o)
                0x800180e8                _sbrk_r
 .text.sprintf  0x80018110       0x40 c:/program files (x86)/atmel/avr studio 5.1/extensions/atmel/avrgcc/3.3.1.27/avrtoolchain/bin/../lib/gcc/avr32/4.4.3/../../../../avr32/lib/ucr2\libc.a(lib_a-sprintf.o)
                0x80018110                sprintf
 .text.eofread  0x80018150        0x2 c:/program files (x86)/atmel/avr studio 5.1/extensions/atmel/avrgcc/3.3.1.27/avrtoolchain/bin/../lib/gcc/avr32/4.4.3/../../../../avr32/lib/ucr2\libc.a(lib_a-sscanf.o)
 *fill*         0x80018152        0x2 d703d703
 .text.sscanf   0x80018154       0x4c c:/program files (x86)/atmel/avr studio 5.1/extensions/atmel/avrgcc/3.3.1.27/avrtoolchain/bin/../lib/gcc/avr32/4.4.3/../../../../avr32/lib/ucr2\libc.a(lib_a-sscanf.o)
                0x80018154                sscanf
 .text.__sclose
                0x800181a0       0x10 c:/program files (x86)/atmel/avr studio 5.1/extensions/atmel/avrgcc/3.3.1.27/avrtoolchain/bin/../lib/gcc/avr32/4.4.3/../../../../avr32/lib/ucr2\libc.a(lib_a-stdio.o)
                0x800181a0                __sclose
 .text.__sseek  0x800181b0       0x2c c:/program files (x86)/atmel/avr studio 5.1/extensions/atmel/avrgcc/3.3.1.27/avrtoolchain/bin/../lib/gcc/avr32/4.4.3/../../../../avr32/lib/ucr2\libc.a(lib_a-stdio.o)
                0x800181b0                __sseek
 .text.__swrite
                0x800181dc       0x38 c:/program files (x86)/atmel/avr studio 5.1/extensions/atmel/avrgcc/3.3.1.27/avrtoolchain/bin/../lib/gcc/avr32/4.4.3/../../../../avr32/lib/ucr2\libc.a(lib_a-stdio.o)
                0x800181dc                __swrite
 .text.__sread  0x80018214       0x24 c:/program files (x86)/atmel/avr studio 5.1/extensions/atmel/avrgcc/3.3.1.27/avrtoolchain/bin/../lib/gcc/avr32/4.4.3/../../../../avr32/lib/ucr2\libc.a(lib_a-stdio.o)
                0x80018214                __sread
 .text.strcat   0x80018238       0x22 c:/program files (x86)/atmel/avr studio 5.1/extensions/atmel/avrgcc/3.3.1.27/avrtoolchain/bin/../lib/gcc/avr32/4.4.3/../../../../avr32/lib/ucr2\libc.a(lib_a-strcat.o)
                0x80018238                strcat
 .text.strlen   0x8001825a       0x16 c:/program files (x86)/atmel/avr studio 5.1/extensions/atmel/avrgcc/3.3.1.27/avrtoolchain/bin/../lib/gcc/avr32/4.4.3/../../../../avr32/lib/ucr2\libc.a(lib_a-strlen.o)
                0x8001825a                strlen
 .text          0x80018270       0x20 c:/program files (x86)/atmel/avr studio 5.1/extensions/atmel/avrgcc/3.3.1.27/avrtoolchain/bin/../lib/gcc/avr32/4.4.3/../../../../avr32/lib/ucr2\libc.a(lib_a-strncpy.o)
                0x80018270                strncpy
 .text._strtol_r
                0x80018290      0x138 c:/program files (x86)/atmel/avr studio 5.1/extensions/atmel/avrgcc/3.3.1.27/avrtoolchain/bin/../lib/gcc/avr32/4.4.3/../../../../avr32/lib/ucr2\libc.a(lib_a-strtol.o)
                0x80018290                _strtol_r
 .text.strtol   0x800183c8       0x1c c:/program files (x86)/atmel/avr studio 5.1/extensions/atmel/avrgcc/3.3.1.27/avrtoolchain/bin/../lib/gcc/avr32/4.4.3/../../../../avr32/lib/ucr2\libc.a(lib_a-strtol.o)
                0x800183c8                strtol
 .text.get_arg  0x800183e4      0x320 c:/program files (x86)/atmel/avr studio 5.1/extensions/atmel/avrgcc/3.3.1.27/avrtoolchain/bin/../lib/gcc/avr32/4.4.3/../../../../avr32/lib/ucr2\libc.a(lib_a-vfprintf.o)
 .text.__sprint_r
                0x80018704       0x20 c:/program files (x86)/atmel/avr studio 5.1/extensions/atmel/avrgcc/3.3.1.27/avrtoolchain/bin/../lib/gcc/avr32/4.4.3/../../../../avr32/lib/ucr2\libc.a(lib_a-vfprintf.o)
 .text._vfprintf_r
                0x80018724     0x1f90 c:/program files (x86)/atmel/avr studio 5.1/extensions/atmel/avrgcc/3.3.1.27/avrtoolchain/bin/../lib/gcc/avr32/4.4.3/../../../../avr32/lib/ucr2\libc.a(lib_a-vfprintf.o)
                0x80018724                _vfprintf_r
 .text.__svfscanf_r
                0x8001a6b4     0x1504 c:/program files (x86)/atmel/avr studio 5.1/extensions/atmel/avrgcc/3.3.1.27/avrtoolchain/bin/../lib/gcc/avr32/4.4.3/../../../../avr32/lib/ucr2\libc.a(lib_a-vfscanf.o)
                0x8001a6b4                __svfscanf_r
 .text._vsprintf_r
                0x8001bbb8       0x34 c:/program files (x86)/atmel/avr studio 5.1/extensions/atmel/avrgcc/3.3.1.27/avrtoolchain/bin/../lib/gcc/avr32/4.4.3/../../../../avr32/lib/ucr2\libc.a(lib_a-vsprintf.o)
                0x8001bbb8                _vsprintf_r
 .text.vsprintf
                0x8001bbec       0x1c c:/program files (x86)/atmel/avr studio 5.1/extensions/atmel/avrgcc/3.3.1.27/avrtoolchain/bin/../lib/gcc/avr32/4.4.3/../../../../avr32/lib/ucr2\libc.a(lib_a-vsprintf.o)
                0x8001bbec                vsprintf
 .text._write_r
                0x8001bc08       0x2c c:/program files (x86)/atmel/avr studio 5.1/extensions/atmel/avrgcc/3.3.1.27/avrtoolchain/bin/../lib/gcc/avr32/4.4.3/../../../../avr32/lib/ucr2\libc.a(lib_a-writer.o)
                0x8001bc08                _write_r
 .text.__swsetup_r
                0x8001bc34       0xe8 c:/program files (x86)/atmel/avr studio 5.1/extensions/atmel/avrgcc/3.3.1.27/avrtoolchain/bin/../lib/gcc/avr32/4.4.3/../../../../avr32/lib/ucr2\libc.a(lib_a-wsetup.o)
                0x8001bc34                __swsetup_r
 .text.__register_exitproc
                0x8001bd1c       0xac c:/program files (x86)/atmel/avr studio 5.1/extensions/atmel/avrgcc/3.3.1.27/avrtoolchain/bin/../lib/gcc/avr32/4.4.3/../../../../avr32/lib/ucr2\libc.a(lib_a-__atexit.o)
                0x8001bd1c                __register_exitproc
 .text.__call_exitprocs
                0x8001bdc8       0xd4 c:/program files (x86)/atmel/avr studio 5.1/extensions/atmel/avrgcc/3.3.1.27/avrtoolchain/bin/../lib/gcc/avr32/4.4.3/../../../../avr32/lib/ucr2\libc.a(lib_a-__call_atexit.o)
                0x8001bdc8                __call_exitprocs
 .text._close_r
                0x8001be9c       0x28 c:/program files (x86)/atmel/avr studio 5.1/extensions/atmel/avrgcc/3.3.1.27/avrtoolchain/bin/../lib/gcc/avr32/4.4.3/../../../../avr32/lib/ucr2\libc.a(lib_a-closer.o)
                0x8001be9c                _close_r
 .text.quorem   0x8001bec4      0x124 c:/program files (x86)/atmel/avr studio 5.1/extensions/atmel/avrgcc/3.3.1.27/avrtoolchain/bin/../lib/gcc/avr32/4.4.3/../../../../avr32/lib/ucr2\libc.a(lib_a-dtoa.o)
 .text._dtoa_r  0x8001bfe8      0xc90 c:/program files (x86)/atmel/avr studio 5.1/extensions/atmel/avrgcc/3.3.1.27/avrtoolchain/bin/../lib/gcc/avr32/4.4.3/../../../../avr32/lib/ucr2\libc.a(lib_a-dtoa.o)
                0x8001bfe8                _dtoa_r
 .text._fclose_r
                0x8001cc78       0xd0 c:/program files (x86)/atmel/avr studio 5.1/extensions/atmel/avrgcc/3.3.1.27/avrtoolchain/bin/../lib/gcc/avr32/4.4.3/../../../../avr32/lib/ucr2\libc.a(lib_a-fclose.o)
                0x8001cc78                _fclose_r
 .text.fclose   0x8001cd48       0x18 c:/program files (x86)/atmel/avr studio 5.1/extensions/atmel/avrgcc/3.3.1.27/avrtoolchain/bin/../lib/gcc/avr32/4.4.3/../../../../avr32/lib/ucr2\libc.a(lib_a-fclose.o)
                0x8001cd48                fclose
 .text._fread_r
                0x8001cd60       0xb4 c:/program files (x86)/atmel/avr studio 5.1/extensions/atmel/avrgcc/3.3.1.27/avrtoolchain/bin/../lib/gcc/avr32/4.4.3/../../../../avr32/lib/ucr2\libc.a(lib_a-fread.o)
                0x8001cd60                _fread_r
 .text.fread    0x8001ce14       0x1c c:/program files (x86)/atmel/avr studio 5.1/extensions/atmel/avrgcc/3.3.1.27/avrtoolchain/bin/../lib/gcc/avr32/4.4.3/../../../../avr32/lib/ucr2\libc.a(lib_a-fread.o)
                0x8001ce14                fread
 .text._malloc_trim_r
                0x8001ce30       0xa8 c:/program files (x86)/atmel/avr studio 5.1/extensions/atmel/avrgcc/3.3.1.27/avrtoolchain/bin/../lib/gcc/avr32/4.4.3/../../../../avr32/lib/ucr2\libc.a(lib_a-freer.o)
                0x8001ce30                _malloc_trim_r
 .text._free_r  0x8001ced8      0x1a4 c:/program files (x86)/atmel/avr studio 5.1/extensions/atmel/avrgcc/3.3.1.27/avrtoolchain/bin/../lib/gcc/avr32/4.4.3/../../../../avr32/lib/ucr2\libc.a(lib_a-freer.o)
                0x8001ced8                _free_r
 .text.__sfvwrite_r
                0x8001d07c      0x2c8 c:/program files (x86)/atmel/avr studio 5.1/extensions/atmel/avrgcc/3.3.1.27/avrtoolchain/bin/../lib/gcc/avr32/4.4.3/../../../../avr32/lib/ucr2\libc.a(lib_a-fvwrite.o)
                0x8001d07c                __sfvwrite_r
 .text.iswspace
                0x8001d344       0x1c c:/program files (x86)/atmel/avr studio 5.1/extensions/atmel/avrgcc/3.3.1.27/avrtoolchain/bin/../lib/gcc/avr32/4.4.3/../../../../avr32/lib/ucr2\libc.a(lib_a-iswspace.o)
                0x8001d344                iswspace
 .text._localeconv_r
                0x8001d360        0x8 c:/program files (x86)/atmel/avr studio 5.1/extensions/atmel/avrgcc/3.3.1.27/avrtoolchain/bin/../lib/gcc/avr32/4.4.3/../../../../avr32/lib/ucr2\libc.a(lib_a-locale.o)
                0x8001d360                _localeconv_r
 .text._lseek_r
                0x8001d368       0x2c c:/program files (x86)/atmel/avr studio 5.1/extensions/atmel/avrgcc/3.3.1.27/avrtoolchain/bin/../lib/gcc/avr32/4.4.3/../../../../avr32/lib/ucr2\libc.a(lib_a-lseekr.o)
                0x8001d368                _lseek_r
 .text.__smakebuf_r
                0x8001d394       0xd4 c:/program files (x86)/atmel/avr studio 5.1/extensions/atmel/avrgcc/3.3.1.27/avrtoolchain/bin/../lib/gcc/avr32/4.4.3/../../../../avr32/lib/ucr2\libc.a(lib_a-makebuf.o)
                0x8001d394                __smakebuf_r
 .text._mbrtowc_r
                0x8001d468       0x2c c:/program files (x86)/atmel/avr studio 5.1/extensions/atmel/avrgcc/3.3.1.27/avrtoolchain/bin/../lib/gcc/avr32/4.4.3/../../../../avr32/lib/ucr2\libc.a(lib_a-mbrtowc.o)
                0x8001d468                _mbrtowc_r
 .text._mbtowc_r
                0x8001d494       0x38 c:/program files (x86)/atmel/avr studio 5.1/extensions/atmel/avrgcc/3.3.1.27/avrtoolchain/bin/../lib/gcc/avr32/4.4.3/../../../../avr32/lib/ucr2\libc.a(lib_a-mbtowc_r.o)
                0x8001d494                _mbtowc_r
 .text.memchr   0x8001d4cc       0x16 c:/program files (x86)/atmel/avr studio 5.1/extensions/atmel/avrgcc/3.3.1.27/avrtoolchain/bin/../lib/gcc/avr32/4.4.3/../../../../avr32/lib/ucr2\libc.a(lib_a-memchr.o)
                0x8001d4cc                memchr
 .text.memmove  0x8001d4e2       0x3e c:/program files (x86)/atmel/avr studio 5.1/extensions/atmel/avrgcc/3.3.1.27/avrtoolchain/bin/../lib/gcc/avr32/4.4.3/../../../../avr32/lib/ucr2\libc.a(lib_a-memmove.o)
                0x8001d4e2                memmove
 .text.__hi0bits
                0x8001d520       0x60 c:/program files (x86)/atmel/avr studio 5.1/extensions/atmel/avrgcc/3.3.1.27/avrtoolchain/bin/../lib/gcc/avr32/4.4.3/../../../../avr32/lib/ucr2\libc.a(lib_a-mprec.o)
                0x8001d520                __hi0bits
 .text.__lo0bits
                0x8001d580       0x8e c:/program files (x86)/atmel/avr studio 5.1/extensions/atmel/avrgcc/3.3.1.27/avrtoolchain/bin/../lib/gcc/avr32/4.4.3/../../../../avr32/lib/ucr2\libc.a(lib_a-mprec.o)
                0x8001d580                __lo0bits
 .text.__mcmp   0x8001d60e       0x32 c:/program files (x86)/atmel/avr studio 5.1/extensions/atmel/avrgcc/3.3.1.27/avrtoolchain/bin/../lib/gcc/avr32/4.4.3/../../../../avr32/lib/ucr2\libc.a(lib_a-mprec.o)
                0x8001d60e                __mcmp
 .text.__ulp    0x8001d640       0x48 c:/program files (x86)/atmel/avr studio 5.1/extensions/atmel/avrgcc/3.3.1.27/avrtoolchain/bin/../lib/gcc/avr32/4.4.3/../../../../avr32/lib/ucr2\libc.a(lib_a-mprec.o)
                0x8001d640                __ulp
 .text.__b2d    0x8001d688       0xa0 c:/program files (x86)/atmel/avr studio 5.1/extensions/atmel/avrgcc/3.3.1.27/avrtoolchain/bin/../lib/gcc/avr32/4.4.3/../../../../avr32/lib/ucr2\libc.a(lib_a-mprec.o)
                0x8001d688                __b2d
 .text.__ratio  0x8001d728       0x5c c:/program files (x86)/atmel/avr studio 5.1/extensions/atmel/avrgcc/3.3.1.27/avrtoolchain/bin/../lib/gcc/avr32/4.4.3/../../../../avr32/lib/ucr2\libc.a(lib_a-mprec.o)
                0x8001d728                __ratio
 .text.__copybits
                0x8001d784       0x2e c:/program files (x86)/atmel/avr studio 5.1/extensions/atmel/avrgcc/3.3.1.27/avrtoolchain/bin/../lib/gcc/avr32/4.4.3/../../../../avr32/lib/ucr2\libc.a(lib_a-mprec.o)
                0x8001d784                __copybits
 .text.__any_on
                0x8001d7b2       0x4c c:/program files (x86)/atmel/avr studio 5.1/extensions/atmel/avrgcc/3.3.1.27/avrtoolchain/bin/../lib/gcc/avr32/4.4.3/../../../../avr32/lib/ucr2\libc.a(lib_a-mprec.o)
                0x8001d7b2                __any_on
 *fill*         0x8001d7fe        0x2 d703d703
 .text._Bfree   0x8001d800       0x38 c:/program files (x86)/atmel/avr studio 5.1/extensions/atmel/avrgcc/3.3.1.27/avrtoolchain/bin/../lib/gcc/avr32/4.4.3/../../../../avr32/lib/ucr2\libc.a(lib_a-mprec.o)
                0x8001d800                _Bfree
 .text._Balloc  0x8001d838       0x78 c:/program files (x86)/atmel/avr studio 5.1/extensions/atmel/avrgcc/3.3.1.27/avrtoolchain/bin/../lib/gcc/avr32/4.4.3/../../../../avr32/lib/ucr2\libc.a(lib_a-mprec.o)
                0x8001d838                _Balloc
 .text.__d2b    0x8001d8b0       0xbc c:/program files (x86)/atmel/avr studio 5.1/extensions/atmel/avrgcc/3.3.1.27/avrtoolchain/bin/../lib/gcc/avr32/4.4.3/../../../../avr32/lib/ucr2\libc.a(lib_a-mprec.o)
                0x8001d8b0                __d2b
 .text.__mdiff  0x8001d96c       0xd8 c:/program files (x86)/atmel/avr studio 5.1/extensions/atmel/avrgcc/3.3.1.27/avrtoolchain/bin/../lib/gcc/avr32/4.4.3/../../../../avr32/lib/ucr2\libc.a(lib_a-mprec.o)
                0x8001d96c                __mdiff
 .text.__lshift
                0x8001da44       0x94 c:/program files (x86)/atmel/avr studio 5.1/extensions/atmel/avrgcc/3.3.1.27/avrtoolchain/bin/../lib/gcc/avr32/4.4.3/../../../../avr32/lib/ucr2\libc.a(lib_a-mprec.o)
                0x8001da44                __lshift
 .text.__multiply
                0x8001dad8      0x108 c:/program files (x86)/atmel/avr studio 5.1/extensions/atmel/avrgcc/3.3.1.27/avrtoolchain/bin/../lib/gcc/avr32/4.4.3/../../../../avr32/lib/ucr2\libc.a(lib_a-mprec.o)
                0x8001dad8                __multiply
 .text.__i2b    0x8001dbe0       0x18 c:/program files (x86)/atmel/avr studio 5.1/extensions/atmel/avrgcc/3.3.1.27/avrtoolchain/bin/../lib/gcc/avr32/4.4.3/../../../../avr32/lib/ucr2\libc.a(lib_a-mprec.o)
                0x8001dbe0                __i2b
 .text.__multadd
                0x8001dbf8       0x88 c:/program files (x86)/atmel/avr studio 5.1/extensions/atmel/avrgcc/3.3.1.27/avrtoolchain/bin/../lib/gcc/avr32/4.4.3/../../../../avr32/lib/ucr2\libc.a(lib_a-mprec.o)
                0x8001dbf8                __multadd
 .text.__pow5mult
                0x8001dc80       0xac c:/program files (x86)/atmel/avr studio 5.1/extensions/atmel/avrgcc/3.3.1.27/avrtoolchain/bin/../lib/gcc/avr32/4.4.3/../../../../avr32/lib/ucr2\libc.a(lib_a-mprec.o)
                0x8001dc80                __pow5mult
 .text.__s2b    0x8001dd2c       0x84 c:/program files (x86)/atmel/avr studio 5.1/extensions/atmel/avrgcc/3.3.1.27/avrtoolchain/bin/../lib/gcc/avr32/4.4.3/../../../../avr32/lib/ucr2\libc.a(lib_a-mprec.o)
                0x8001dd2c                __s2b
 .text._read_r  0x8001ddb0       0x2c c:/program files (x86)/atmel/avr studio 5.1/extensions/atmel/avrgcc/3.3.1.27/avrtoolchain/bin/../lib/gcc/avr32/4.4.3/../../../../avr32/lib/ucr2\libc.a(lib_a-readr.o)
                0x8001ddb0                _read_r
 .text.__srefill_r
                0x8001dddc      0x118 c:/program files (x86)/atmel/avr studio 5.1/extensions/atmel/avrgcc/3.3.1.27/avrtoolchain/bin/../lib/gcc/avr32/4.4.3/../../../../avr32/lib/ucr2\libc.a(lib_a-refill.o)
                0x8001dddc                __srefill_r
 .text.lflush   0x8001def4       0x18 c:/program files (x86)/atmel/avr studio 5.1/extensions/atmel/avrgcc/3.3.1.27/avrtoolchain/bin/../lib/gcc/avr32/4.4.3/../../../../avr32/lib/ucr2\libc.a(lib_a-refill.o)
 .text.__sccl   0x8001df0c       0x92 c:/program files (x86)/atmel/avr studio 5.1/extensions/atmel/avrgcc/3.3.1.27/avrtoolchain/bin/../lib/gcc/avr32/4.4.3/../../../../avr32/lib/ucr2\libc.a(lib_a-sccl.o)
                0x8001df0c                __sccl
 .text.nanf     0x8001df9e        0x6 c:/program files (x86)/atmel/avr studio 5.1/extensions/atmel/avrgcc/3.3.1.27/avrtoolchain/bin/../lib/gcc/avr32/4.4.3/../../../../avr32/lib/ucr2\libc.a(lib_a-sf_nan.o)
                0x8001df9e                nanf
 .text.__isinfd
                0x8001dfa4       0x2a c:/program files (x86)/atmel/avr studio 5.1/extensions/atmel/avrgcc/3.3.1.27/avrtoolchain/bin/../lib/gcc/avr32/4.4.3/../../../../avr32/lib/ucr2\libc.a(lib_a-s_isinfd.o)
                0x8001dfa4                __isinfd
 .text.__isnand
                0x8001dfce       0x1c c:/program files (x86)/atmel/avr studio 5.1/extensions/atmel/avrgcc/3.3.1.27/avrtoolchain/bin/../lib/gcc/avr32/4.4.3/../../../../avr32/lib/ucr2\libc.a(lib_a-s_isnand.o)
                0x8001dfce                __isnand
 *fill*         0x8001dfea        0x2 d703d703
 .text._strtod_r
                0x8001dfec      0xcf0 c:/program files (x86)/atmel/avr studio 5.1/extensions/atmel/avrgcc/3.3.1.27/avrtoolchain/bin/../lib/gcc/avr32/4.4.3/../../../../avr32/lib/ucr2\libc.a(lib_a-strtod.o)
                0x8001dfec                _strtod_r
 .text._strtoll_r
                0x8001ecdc      0x1b0 c:/program files (x86)/atmel/avr studio 5.1/extensions/atmel/avrgcc/3.3.1.27/avrtoolchain/bin/../lib/gcc/avr32/4.4.3/../../../../avr32/lib/ucr2\libc.a(lib_a-strtoll_r.o)
                0x8001ecdc                _strtoll_r
 .text._strtoull_r
                0x8001ee8c      0x188 c:/program files (x86)/atmel/avr studio 5.1/extensions/atmel/avrgcc/3.3.1.27/avrtoolchain/bin/../lib/gcc/avr32/4.4.3/../../../../avr32/lib/ucr2\libc.a(lib_a-strtoull_r.o)
                0x8001ee8c                _strtoull_r
 .text._strtoul_r
                0x8001f014      0x118 c:/program files (x86)/atmel/avr studio 5.1/extensions/atmel/avrgcc/3.3.1.27/avrtoolchain/bin/../lib/gcc/avr32/4.4.3/../../../../avr32/lib/ucr2\libc.a(lib_a-strtoul.o)
                0x8001f014                _strtoul_r
 .text.__submore
                0x8001f12c       0x70 c:/program files (x86)/atmel/avr studio 5.1/extensions/atmel/avrgcc/3.3.1.27/avrtoolchain/bin/../lib/gcc/avr32/4.4.3/../../../../avr32/lib/ucr2\libc.a(lib_a-ungetc.o)
                0x8001f12c                __submore
 .text._ungetc_r
                0x8001f19c       0xf0 c:/program files (x86)/atmel/avr studio 5.1/extensions/atmel/avrgcc/3.3.1.27/avrtoolchain/bin/../lib/gcc/avr32/4.4.3/../../../../avr32/lib/ucr2\libc.a(lib_a-ungetc.o)
                0x8001f19c                _ungetc_r
 .text._calloc_r
                0x8001f28c       0x60 c:/program files (x86)/atmel/avr studio 5.1/extensions/atmel/avrgcc/3.3.1.27/avrtoolchain/bin/../lib/gcc/avr32/4.4.3/../../../../avr32/lib/ucr2\libc.a(lib_a-callocr.o)
                0x8001f28c                _calloc_r
 .text._fstat_r
                0x8001f2ec       0x2c c:/program files (x86)/atmel/avr studio 5.1/extensions/atmel/avrgcc/3.3.1.27/avrtoolchain/bin/../lib/gcc/avr32/4.4.3/../../../../avr32/lib/ucr2\libc.a(lib_a-fstatr.o)
                0x8001f2ec                _fstat_r
 .text.__hexdig_init
                0x8001f318       0x60 c:/program files (x86)/atmel/avr studio 5.1/extensions/atmel/avrgcc/3.3.1.27/avrtoolchain/bin/../lib/gcc/avr32/4.4.3/../../../../avr32/lib/ucr2\libc.a(lib_a-gdtoa-gethex.o)
                0x8001f318                __hexdig_init
 .text.rshift   0x8001f378       0x6a c:/program files (x86)/atmel/avr studio 5.1/extensions/atmel/avrgcc/3.3.1.27/avrtoolchain/bin/../lib/gcc/avr32/4.4.3/../../../../avr32/lib/ucr2\libc.a(lib_a-gdtoa-gethex.o)
 *fill*         0x8001f3e2        0x2 d703d703
 .text.__gethex
                0x8001f3e4      0x458 c:/program files (x86)/atmel/avr studio 5.1/extensions/atmel/avrgcc/3.3.1.27/avrtoolchain/bin/../lib/gcc/avr32/4.4.3/../../../../avr32/lib/ucr2\libc.a(lib_a-gdtoa-gethex.o)
                0x8001f3e4                __gethex
 .text.__hexnan
                0x8001f83c      0x180 c:/program files (x86)/atmel/avr studio 5.1/extensions/atmel/avrgcc/3.3.1.27/avrtoolchain/bin/../lib/gcc/avr32/4.4.3/../../../../avr32/lib/ucr2\libc.a(lib_a-gdtoa-hexnan.o)
                0x8001f83c                __hexnan
 .text          0x8001f9bc       0x26 c:/program files (x86)/atmel/avr studio 5.1/extensions/atmel/avrgcc/3.3.1.27/avrtoolchain/bin/../lib/gcc/avr32/4.4.3/ucr2\libgcc.a(_avr32_f64_cmp_eq.o)
                0x8001f9bc                __avr32_f64_cmp_eq
 .text          0x8001f9e2       0x68 c:/program files (x86)/atmel/avr studio 5.1/extensions/atmel/avrgcc/3.3.1.27/avrtoolchain/bin/../lib/gcc/avr32/4.4.3/ucr2\libgcc.a(_avr32_f64_cmp_ge.o)
                0x8001f9e2                __avr32_f64_cmp_ge
 .text          0x8001fa4a       0x8a c:/program files (x86)/atmel/avr studio 5.1/extensions/atmel/avrgcc/3.3.1.27/avrtoolchain/bin/../lib/gcc/avr32/4.4.3/ucr2\libgcc.a(_avr32_f64_to_f32.o)
                0x8001fa4a                __avr32_f64_to_f32
 .text          0x8001fad4      0x272 c:/program files (x86)/atmel/avr studio 5.1/extensions/atmel/avrgcc/3.3.1.27/avrtoolchain/bin/../lib/gcc/avr32/4.4.3/ucr2\libgcc.a(_umoddi3.o)
                0x8001fad4                __avr32_umod64
                0x8001fad4                __umoddi3
 *fill*         0x8001fd46        0x2 d703d703
 .text          0x8001fd48       0x20 c:/program files (x86)/atmel/avr studio 5.1/extensions/atmel/avrgcc/3.3.1.27/avrtoolchain/bin/../lib/gcc/avr32/4.4.3/ucr2/crtend.o
 *(.text.*personality*)
 *(.gnu.warning)

.exception      0x8001fe00      0x200
 .exception     0x8001fe00      0x200 AVR32_LIBS/SERVICES/FREERTOS/Source/portable/GCC/AVR32_UC3/exception.o
                0x8001fe00                _evba
                0x8001ff3c                ipr_val

.fini           0x80020000       0x18
 *(.fini)
 .fini          0x80020000       0x10 c:/program files (x86)/atmel/avr studio 5.1/extensions/atmel/avrgcc/3.3.1.27/avrtoolchain/bin/../lib/gcc/avr32/4.4.3/ucr2/crti.o
                0x80020000                _fini
 .fini          0x80020010        0x4 c:/program files (x86)/atmel/avr studio 5.1/extensions/atmel/avrgcc/3.3.1.27/avrtoolchain/bin/../lib/gcc/avr32/4.4.3/ucr2/crtbegin.o
 .fini          0x80020014        0x4 c:/program files (x86)/atmel/avr studio 5.1/extensions/atmel/avrgcc/3.3.1.27/avrtoolchain/bin/../lib/gcc/avr32/4.4.3/ucr2/crtn.o
                0x80020018                PROVIDE (__etext, .)
                0x80020018                PROVIDE (_etext, .)
                0x80020018                PROVIDE (etext, .)

.rodata         0x80020018      0x7e0
 *(.rodata .rodata.* .gnu.linkonce.r.*)
 .rodata.str1.4
                0x80020018       0xb8 ../AVR32_LIBS/UTILS/LIBS/NEWLIB_ADDONS/AT32UCR2\libnewlib_addons-at32ucr2-speed_opt.a(syscalls.o)
 .rodata.__sf_fake_stdin
                0x800200d0       0x20 c:/program files (x86)/atmel/avr studio 5.1/extensions/atmel/avrgcc/3.3.1.27/avrtoolchain/bin/../lib/gcc/avr32/4.4.3/../../../../avr32/lib/ucr2\libc.a(lib_a-findfp.o)
                0x800200d0                __sf_fake_stdin
 .rodata.__sf_fake_stdout
                0x800200f0       0x20 c:/program files (x86)/atmel/avr studio 5.1/extensions/atmel/avrgcc/3.3.1.27/avrtoolchain/bin/../lib/gcc/avr32/4.4.3/../../../../avr32/lib/ucr2\libc.a(lib_a-findfp.o)
                0x800200f0                __sf_fake_stdout
 .rodata.__sf_fake_stderr
                0x80020110       0x20 c:/program files (x86)/atmel/avr studio 5.1/extensions/atmel/avrgcc/3.3.1.27/avrtoolchain/bin/../lib/gcc/avr32/4.4.3/../../../../avr32/lib/ucr2\libc.a(lib_a-findfp.o)
                0x80020110                __sf_fake_stderr
 .rodata.str1.4
                0x80020130        0x2 c:/program files (x86)/atmel/avr studio 5.1/extensions/atmel/avrgcc/3.3.1.27/avrtoolchain/bin/../lib/gcc/avr32/4.4.3/../../../../avr32/lib/ucr2\libc.a(lib_a-impure.o)
                                  0x4 (size before relaxing)
 *fill*         0x80020132        0x2 00
 .rodata._global_impure_ptr
                0x80020134        0x4 c:/program files (x86)/atmel/avr studio 5.1/extensions/atmel/avrgcc/3.3.1.27/avrtoolchain/bin/../lib/gcc/avr32/4.4.3/../../../../avr32/lib/ucr2\libc.a(lib_a-impure.o)
                0x80020134                _global_impure_ptr
 .rodata.get_arg
                0x80020138       0x3c c:/program files (x86)/atmel/avr studio 5.1/extensions/atmel/avrgcc/3.3.1.27/avrtoolchain/bin/../lib/gcc/avr32/4.4.3/../../../../avr32/lib/ucr2\libc.a(lib_a-vfprintf.o)
 .rodata._vfprintf_r
                0x80020174      0x164 c:/program files (x86)/atmel/avr studio 5.1/extensions/atmel/avrgcc/3.3.1.27/avrtoolchain/bin/../lib/gcc/avr32/4.4.3/../../../../avr32/lib/ucr2\libc.a(lib_a-vfprintf.o)
 .rodata.state_table
                0x800202d8       0x6c c:/program files (x86)/atmel/avr studio 5.1/extensions/atmel/avrgcc/3.3.1.27/avrtoolchain/bin/../lib/gcc/avr32/4.4.3/../../../../avr32/lib/ucr2\libc.a(lib_a-vfprintf.o)
 .rodata.action_table
                0x80020344       0x6c c:/program files (x86)/atmel/avr studio 5.1/extensions/atmel/avrgcc/3.3.1.27/avrtoolchain/bin/../lib/gcc/avr32/4.4.3/../../../../avr32/lib/ucr2\libc.a(lib_a-vfprintf.o)
 .rodata.str1.4
                0x800203b0       0x3a c:/program files (x86)/atmel/avr studio 5.1/extensions/atmel/avrgcc/3.3.1.27/avrtoolchain/bin/../lib/gcc/avr32/4.4.3/../../../../avr32/lib/ucr2\libc.a(lib_a-vfprintf.o)
                                 0x3c (size before relaxing)
 *fill*         0x800203ea        0x2 00
 .rodata.blanks.3430
                0x800203ec       0x10 c:/program files (x86)/atmel/avr studio 5.1/extensions/atmel/avrgcc/3.3.1.27/avrtoolchain/bin/../lib/gcc/avr32/4.4.3/../../../../avr32/lib/ucr2\libc.a(lib_a-vfprintf.o)
 .rodata.zeroes.3431
                0x800203fc       0x10 c:/program files (x86)/atmel/avr studio 5.1/extensions/atmel/avrgcc/3.3.1.27/avrtoolchain/bin/../lib/gcc/avr32/4.4.3/../../../../avr32/lib/ucr2\libc.a(lib_a-vfprintf.o)
 .rodata.chclass
                0x8002040c      0x100 c:/program files (x86)/atmel/avr studio 5.1/extensions/atmel/avrgcc/3.3.1.27/avrtoolchain/bin/../lib/gcc/avr32/4.4.3/../../../../avr32/lib/ucr2\libc.a(lib_a-vfprintf.o)
 .rodata.basefix.3325
                0x8002050c       0x22 c:/program files (x86)/atmel/avr studio 5.1/extensions/atmel/avrgcc/3.3.1.27/avrtoolchain/bin/../lib/gcc/avr32/4.4.3/../../../../avr32/lib/ucr2\libc.a(lib_a-vfscanf.o)
 *fill*         0x8002052e        0x2 00
 .rodata.str1.4
                0x80020530        0x5 c:/program files (x86)/atmel/avr studio 5.1/extensions/atmel/avrgcc/3.3.1.27/avrtoolchain/bin/../lib/gcc/avr32/4.4.3/../../../../avr32/lib/ucr2\libc.a(lib_a-vfscanf.o)
                                  0x8 (size before relaxing)
 *fill*         0x80020535        0x3 00
 .rodata._ctype_
                0x80020538      0x104 c:/program files (x86)/atmel/avr studio 5.1/extensions/atmel/avrgcc/3.3.1.27/avrtoolchain/bin/../lib/gcc/avr32/4.4.3/../../../../avr32/lib/ucr2\libc.a(lib_a-ctype_.o)
                0x80020538                _ctype_
 .rodata.str1.4
                0x8002063c       0x10 c:/program files (x86)/atmel/avr studio 5.1/extensions/atmel/avrgcc/3.3.1.27/avrtoolchain/bin/../lib/gcc/avr32/4.4.3/../../../../avr32/lib/ucr2\libc.a(lib_a-dtoa.o)
                                 0x14 (size before relaxing)
 .rodata.lconv  0x8002064c       0x30 c:/program files (x86)/atmel/avr studio 5.1/extensions/atmel/avrgcc/3.3.1.27/avrtoolchain/bin/../lib/gcc/avr32/4.4.3/../../../../avr32/lib/ucr2\libc.a(lib_a-locale.o)
 .rodata.str1.4
                0x8002067c        0xf c:/program files (x86)/atmel/avr studio 5.1/extensions/atmel/avrgcc/3.3.1.27/avrtoolchain/bin/../lib/gcc/avr32/4.4.3/../../../../avr32/lib/ucr2\libc.a(lib_a-locale.o)
                                 0x18 (size before relaxing)
 .rodata.str1.4
                0x00000000        0x4 c:/program files (x86)/atmel/avr studio 5.1/extensions/atmel/avrgcc/3.3.1.27/avrtoolchain/bin/../lib/gcc/avr32/4.4.3/../../../../avr32/lib/ucr2\libc.a(lib_a-mbrtowc.o)
 *fill*         0x8002068b        0x1 00
 .rodata.p05.2471
                0x8002068c        0xc c:/program files (x86)/atmel/avr studio 5.1/extensions/atmel/avrgcc/3.3.1.27/avrtoolchain/bin/../lib/gcc/avr32/4.4.3/../../../../avr32/lib/ucr2\libc.a(lib_a-mprec.o)
 .rodata.__mprec_tens
                0x80020698       0xc8 c:/program files (x86)/atmel/avr studio 5.1/extensions/atmel/avrgcc/3.3.1.27/avrtoolchain/bin/../lib/gcc/avr32/4.4.3/../../../../avr32/lib/ucr2\libc.a(lib_a-mprec.o)
                0x80020698                __mprec_tens
 .rodata.__mprec_bigtens
                0x80020760       0x28 c:/program files (x86)/atmel/avr studio 5.1/extensions/atmel/avrgcc/3.3.1.27/avrtoolchain/bin/../lib/gcc/avr32/4.4.3/../../../../avr32/lib/ucr2\libc.a(lib_a-mprec.o)
                0x80020760                __mprec_bigtens
 .rodata._strtod_r
                0x80020788       0x1c c:/program files (x86)/atmel/avr studio 5.1/extensions/atmel/avrgcc/3.3.1.27/avrtoolchain/bin/../lib/gcc/avr32/4.4.3/../../../../avr32/lib/ucr2\libc.a(lib_a-strtod.o)
 .rodata.str1.4
                0x800207a4        0xf c:/program files (x86)/atmel/avr studio 5.1/extensions/atmel/avrgcc/3.3.1.27/avrtoolchain/bin/../lib/gcc/avr32/4.4.3/../../../../avr32/lib/ucr2\libc.a(lib_a-strtod.o)
                                 0x10 (size before relaxing)
 *fill*         0x800207b3        0x1 00
 .rodata.tinytens
                0x800207b4       0x28 c:/program files (x86)/atmel/avr studio 5.1/extensions/atmel/avrgcc/3.3.1.27/avrtoolchain/bin/../lib/gcc/avr32/4.4.3/../../../../avr32/lib/ucr2\libc.a(lib_a-strtod.o)
 .rodata.str1.4
                0x800207dc       0x1c c:/program files (x86)/atmel/avr studio 5.1/extensions/atmel/avrgcc/3.3.1.27/avrtoolchain/bin/../lib/gcc/avr32/4.4.3/../../../../avr32/lib/ucr2\libc.a(lib_a-gdtoa-gethex.o)

.rodata1
 *(.rodata1)

.eh_frame_hdr
 *(.eh_frame_hdr)

.eh_frame
 *(.eh_frame)

.gcc_except_table
 *(.gcc_except_table)
 *(.gcc_except_table.*)

.dalign         0x800207f8        0x0
                0x800207f8                . = ALIGN (0x8)
                0x800207f8                PROVIDE (_data_lma, .)
                0x00000004                PROVIDE (_data, 0x4)
                0x00000004                . = 0x4

.eh_frame
 *(.eh_frame)

.gcc_except_table
 *(.gcc_except_table)
 *(.gcc_except_table.*)

.tdata
 *(.tdata .tdata.* .gnu.linkonce.td.*)

.tbss
 *(.tbss .tbss.* .gnu.linkonce.tb.*)
 *(.tcommon)
                0x00000004                PROVIDE (__preinit_array_start, ALIGN (0x4))

.preinit_array
 *(.preinit_array)
                0x00000004                PROVIDE (__preinit_array_end, .)
                0x00000004                PROVIDE (__init_array_start, .)

.init_array
 *(.init_array)
                0x00000004                PROVIDE (__init_array_end, .)
                0x00000004                PROVIDE (__fini_array_start, .)

.fini_array
 *(.fini_array)
                0x00000004                PROVIDE (__fini_array_end, .)

.ctors          0x00000004        0x8 load address 0x800207f8
 *crtbegin*.o(.ctors)
 .ctors         0x00000004        0x4 c:/program files (x86)/atmel/avr studio 5.1/extensions/atmel/avrgcc/3.3.1.27/avrtoolchain/bin/../lib/gcc/avr32/4.4.3/ucr2/crtbegin.o
 *(EXCLUDE_FILE(*crtend*.o) .ctors)
 *(SORT(.ctors.*))
 *(.ctors)
 .ctors         0x00000008        0x4 c:/program files (x86)/atmel/avr studio 5.1/extensions/atmel/avrgcc/3.3.1.27/avrtoolchain/bin/../lib/gcc/avr32/4.4.3/ucr2/crtend.o

.dtors          0x0000000c        0x8 load address 0x80020800
 *crtbegin*.o(.dtors)
 .dtors         0x0000000c        0x4 c:/program files (x86)/atmel/avr studio 5.1/extensions/atmel/avrgcc/3.3.1.27/avrtoolchain/bin/../lib/gcc/avr32/4.4.3/ucr2/crtbegin.o
 *(EXCLUDE_FILE(*crtend*.o) .dtors)
 *(SORT(.dtors.*))
 *(.dtors)
 .dtors         0x00000010        0x4 c:/program files (x86)/atmel/avr studio 5.1/extensions/atmel/avrgcc/3.3.1.27/avrtoolchain/bin/../lib/gcc/avr32/4.4.3/ucr2/crtend.o
                0x00000010                __DTOR_END__

.jcr            0x00000014        0x4 load address 0x80020808
 *(.jcr)
 .jcr           0x00000014        0x0 c:/program files (x86)/atmel/avr studio 5.1/extensions/atmel/avrgcc/3.3.1.27/avrtoolchain/bin/../lib/gcc/avr32/4.4.3/ucr2/crtbegin.o
 .jcr           0x00000014        0x4 c:/program files (x86)/atmel/avr studio 5.1/extensions/atmel/avrgcc/3.3.1.27/avrtoolchain/bin/../lib/gcc/avr32/4.4.3/ucr2/crtend.o

.data.rel.ro
 *(.data.rel.ro.local)
 *(.data.rel.ro*)

.dynamic
 *(.dynamic)

.got            0x00000018        0xc load address 0x8002080c
 *(.got.plt)
 *(.got)
 .got           0x00000018        0xc c:/program files (x86)/atmel/avr studio 5.1/extensions/atmel/avrgcc/3.3.1.27/avrtoolchain/bin/../lib/gcc/avr32/4.4.3/../../../../avr32/lib/ucr2/crt0.o
                0x00000018                _GLOBAL_OFFSET_TABLE_

.data           0x00000024      0x584 load address 0x80020818
 *(.data .data.* .gnu.linkonce.d.*)
 .data          0x00000024        0x4 AVR32_LIBS/COMPONENTS/TCA6424/tca6424.o
 .data          0x00000028        0x4 AVR32_LIBS/DRIVERS/FLASHC/flashc.o
                0x00000028                flashc_wait_until_ready
 .data          0x0000002c        0x4 AVR32_LIBS/DRIVERS/TWI/twi.o
 .data          0x00000030        0x4 AVR32_LIBS/SERVICES/FREERTOS/Source/portable/GCC/AVR32_UC3/port.o
                0x00000030                ulCriticalNesting
 .data          0x00000034        0x4 AVR32_LIBS/SERVICES/FREERTOS/Source/tasks.o
 .data          0x00000038        0x8 spike_fw_update.o
                0x00000038                prog_size
 .data          0x00000040       0x1c main_app.o
                0x00000040                WZH_address
                0x00000042                struct_flash_data
                0x00000058                ptr_flash_data
 .data          0x0000005c       0x10 terminal/usb/usb.o
                0x0000005c                pm_freq_param
 .data.cpu_hz   0x0000006c        0x4 ../AVR32_LIBS/UTILS/LIBS/NEWLIB_ADDONS/AT32UCR2\libnewlib_addons-at32ucr2-speed_opt.a(cpu.o)
 .data.usart_base
                0x00000070        0x4 ../AVR32_LIBS/UTILS/LIBS/NEWLIB_ADDONS/AT32UCR2\libnewlib_addons-at32ucr2-speed_opt.a(usart.o)
 .data.impure_data
                0x00000074       0xf0 c:/program files (x86)/atmel/avr studio 5.1/extensions/atmel/avrgcc/3.3.1.27/avrtoolchain/bin/../lib/gcc/avr32/4.4.3/../../../../avr32/lib/ucr2\libc.a(lib_a-impure.o)
 .data._impure_ptr
                0x00000164        0x4 c:/program files (x86)/atmel/avr studio 5.1/extensions/atmel/avrgcc/3.3.1.27/avrtoolchain/bin/../lib/gcc/avr32/4.4.3/../../../../avr32/lib/ucr2\libc.a(lib_a-impure.o)
                0x00000164                _impure_ptr
 .data.__malloc_av_
                0x00000168      0x408 c:/program files (x86)/atmel/avr studio 5.1/extensions/atmel/avrgcc/3.3.1.27/avrtoolchain/bin/../lib/gcc/avr32/4.4.3/../../../../avr32/lib/ucr2\libc.a(lib_a-mallocr.o)
                0x00000168                __malloc_av_
 .data.__malloc_trim_threshold
                0x00000570        0x4 c:/program files (x86)/atmel/avr studio 5.1/extensions/atmel/avrgcc/3.3.1.27/avrtoolchain/bin/../lib/gcc/avr32/4.4.3/../../../../avr32/lib/ucr2\libc.a(lib_a-mallocr.o)
                0x00000570                __malloc_trim_threshold
 .data.__malloc_sbrk_base
                0x00000574        0x4 c:/program files (x86)/atmel/avr studio 5.1/extensions/atmel/avrgcc/3.3.1.27/avrtoolchain/bin/../lib/gcc/avr32/4.4.3/../../../../avr32/lib/ucr2\libc.a(lib_a-mallocr.o)
                0x00000574                __malloc_sbrk_base
 .data.__ctype_ptr
                0x00000578        0x4 c:/program files (x86)/atmel/avr studio 5.1/extensions/atmel/avrgcc/3.3.1.27/avrtoolchain/bin/../lib/gcc/avr32/4.4.3/../../../../avr32/lib/ucr2\libc.a(lib_a-ctype_.o)
                0x00000578                __ctype_ptr
 .data.__mb_cur_max
                0x0000057c        0x4 c:/program files (x86)/atmel/avr studio 5.1/extensions/atmel/avrgcc/3.3.1.27/avrtoolchain/bin/../lib/gcc/avr32/4.4.3/../../../../avr32/lib/ucr2\libc.a(lib_a-locale.o)
                0x0000057c                __mb_cur_max
 .data.fpinan.1939