Archive member included because of file (symbol)

../AVR32_LIBS/UTILS/LIBS/NEWLIB_ADDONS/AT32UCR2\libnewlib_addons-at32ucr2-speed_opt.a(cpu.o)
                              AVR32_LIBS/DRIVERS/PM/pm_conf_clocks.o (set_cpu_hz)
../AVR32_LIBS/UTILS/LIBS/NEWLIB_ADDONS/AT32UCR2\libnewlib_addons-at32ucr2-speed_opt.a(syscalls.o)
                              c:/program files (x86)/atmel/avr studio 5.1/extensions/atmel/avrgcc/3.3.1.27/avrtoolchain/bin/../lib/gcc/avr32/4.4.3/../../../../avr32/lib/ucr2/crt0.o (_init_argv)
../AVR32_LIBS/UTILS/LIBS/NEWLIB_ADDONS/AT32UCR2\libnewlib_addons-at32ucr2-speed_opt.a(usart.o)
                              ../AVR32_LIBS/UTILS/LIBS/NEWLIB_ADDONS/AT32UCR2\libnewlib_addons-at32ucr2-speed_opt.a(syscalls.o) (usart_putc)
../AVR32_LIBS/UTILS/LIBS/NEWLIB_ADDONS/AT32UCR2\libnewlib_addons-at32ucr2-speed_opt.a(exception_handling.o)
                              ../AVR32_LIBS/UTILS/LIBS/NEWLIB_ADDONS/AT32UCR2\libnewlib_addons-at32ucr2-speed_opt.a(syscalls.o) (init_exceptions)
c:/program files (x86)/atmel/avr studio 5.1/extensions/atmel/avrgcc/3.3.1.27/avrtoolchain/bin/../lib/gcc/avr32/4.4.3/ucr2\libgcc.a(_avr32_f64_mul.o)
                              main_app.o (__avr32_f64_mul)
c:/program files (x86)/atmel/avr studio 5.1/extensions/atmel/avrgcc/3.3.1.27/avrtoolchain/bin/../lib/gcc/avr32/4.4.3/ucr2\libgcc.a(_avr32_f64_addsub.o)
                              main_app.o (__avr32_f64_add)
c:/program files (x86)/atmel/avr studio 5.1/extensions/atmel/avrgcc/3.3.1.27/avrtoolchain/bin/../lib/gcc/avr32/4.4.3/ucr2\libgcc.a(_avr32_f64_to_s32.o)
                              main_app.o (__avr32_f64_to_u32)
c:/program files (x86)/atmel/avr studio 5.1/extensions/atmel/avrgcc/3.3.1.27/avrtoolchain/bin/../lib/gcc/avr32/4.4.3/ucr2\libgcc.a(_avr32_s32_to_f64.o)
                              main_app.o (__avr32_u32_to_f64)
c:/program files (x86)/atmel/avr studio 5.1/extensions/atmel/avrgcc/3.3.1.27/avrtoolchain/bin/../lib/gcc/avr32/4.4.3/ucr2\libgcc.a(_avr32_f64_cmp_lt.o)
                              main_app.o (__avr32_f64_cmp_lt)
c:/program files (x86)/atmel/avr studio 5.1/extensions/atmel/avrgcc/3.3.1.27/avrtoolchain/bin/../lib/gcc/avr32/4.4.3/ucr2\libgcc.a(_avr32_f64_div.o)
                              main_app.o (__avr32_f64_div)
c:/program files (x86)/atmel/avr studio 5.1/extensions/atmel/avrgcc/3.3.1.27/avrtoolchain/bin/../lib/gcc/avr32/4.4.3/ucr2\libgcc.a(_avr32_f32_div.o)
                              terminal/usb/usb.o (__avr32_f32_div)
c:/program files (x86)/atmel/avr studio 5.1/extensions/atmel/avrgcc/3.3.1.27/avrtoolchain/bin/../lib/gcc/avr32/4.4.3/ucr2\libgcc.a(_avr32_f32_addsub.o)
                              terminal/usb/usb.o (__avr32_f32_add)
c:/program files (x86)/atmel/avr studio 5.1/extensions/atmel/avrgcc/3.3.1.27/avrtoolchain/bin/../lib/gcc/avr32/4.4.3/ucr2\libgcc.a(_avr32_f32_mul.o)
                              main_app.o (__avr32_f32_mul)
c:/program files (x86)/atmel/avr studio 5.1/extensions/atmel/avrgcc/3.3.1.27/avrtoolchain/bin/../lib/gcc/avr32/4.4.3/ucr2\libgcc.a(_avr32_s32_to_f32.o)
                              main_app.o (__avr32_s32_to_f32)
c:/program files (x86)/atmel/avr studio 5.1/extensions/atmel/avrgcc/3.3.1.27/avrtoolchain/bin/../lib/gcc/avr32/4.4.3/ucr2\libgcc.a(_avr32_u32_to_f32.o)
                              main_app.o (__avr32_u32_to_f32)
c:/program files (x86)/atmel/avr studio 5.1/extensions/atmel/avrgcc/3.3.1.27/avrtoolchain/bin/../lib/gcc/avr32/4.4.3/ucr2\libgcc.a(_avr32_f32_to_f64.o)
                              main_app.o (__avr32_f32_to_f64)
c:/program files (x86)/atmel/avr studio 5.1/extensions/atmel/avrgcc/3.3.1.27/avrtoolchain/bin/../lib/gcc/avr32/4.4.3/ucr2\libgcc.a(_udivdi3.o)
                              AVR32_LIBS/DRIVERS/WDT/wdt.o (__avr32_udiv64)
c:/program files (x86)/atmel/avr studio 5.1/extensions/atmel/avrgcc/3.3.1.27/avrtoolchain/bin/../lib/gcc/avr32/4.4.3/../../../../avr32/lib/ucr2\libc.a(lib_a-atexit.o)
                              c:/program files (x86)/atmel/avr studio 5.1/extensions/atmel/avrgcc/3.3.1.27/avrtoolchain/bin/../lib/gcc/avr32/4.4.3/../../../../avr32/lib/ucr2/crt0.o (atexit)
c:/program files (x86)/atmel/avr studio 5.1/extensions/atmel/avrgcc/3.3.1.27/avrtoolchain/bin/../lib/gcc/avr32/4.4.3/../../../../avr32/lib/ucr2\libc.a(lib_a-atoi.o)
                              terminal/usb/usb.o (atoi)
c:/program files (x86)/atmel/avr studio 5.1/extensions/atmel/avrgcc/3.3.1.27/avrtoolchain/bin/../lib/gcc/avr32/4.4.3/../../../../avr32/lib/ucr2\libc.a(lib_a-errno.o)
                              ../AVR32_LIBS/UTILS/LIBS/NEWLIB_ADDONS/AT32UCR2\libnewlib_addons-at32ucr2-speed_opt.a(syscalls.o) (__errno)
c:/program files (x86)/atmel/avr studio 5.1/extensions/atmel/avrgcc/3.3.1.27/avrtoolchain/bin/../lib/gcc/avr32/4.4.3/../../../../avr32/lib/ucr2\libc.a(lib_a-exit.o)
[...]
Memory Configuration

Name             Origin             Length             Attributes
FLASH            0x80000000         0x00040000         axrl !w
INTRAM           0x00000004         0x0000fffc         axw !rl
USERPAGE         0x80800000         0x00000200
*default*        0x00000000         0xffffffff

Linker script and memory map

                0x00001000                _stack_size = 0x1000
LOAD c:/program files (x86)/atmel/avr studio 5.1/extensions/atmel/avrgcc/3.3.1.27/avrtoolchain/bin/../lib/gcc/avr32/4.4.3/../../../../avr32/lib/ucr2/crt0.o
LOAD c:/program files (x86)/atmel/avr studio 5.1/extensions/atmel/avrgcc/3.3.1.27/avrtoolchain/bin/../lib/gcc/avr32/4.4.3/ucr2/crti.o
LOAD c:/program files (x86)/atmel/avr studio 5.1/extensions/atmel/avrgcc/3.3.1.27/avrtoolchain/bin/../lib/gcc/avr32/4.4.3/ucr2/crtbegin.o
LOAD AVR32_LIBS/COMPONENTS/AD5410/ad5410.o
LOAD AVR32_LIBS/COMPONENTS/AT86RF231/at86rf231.o
LOAD AVR32_LIBS/COMPONENTS/AT86RF231/pal_trx_access.o
LOAD AVR32_LIBS/COMPONENTS/TCA6424/tca6424.o
LOAD AVR32_LIBS/DRIVERS/ADC/adc.o
LOAD AVR32_LIBS/DRIVERS/EIC/eic.o
LOAD AVR32_LIBS/DRIVERS/FLASHC/flashc.o
LOAD AVR32_LIBS/DRIVERS/GPIO/gpio.o
LOAD AVR32_LIBS/DRIVERS/INTC/intc.o
LOAD AVR32_LIBS/DRIVERS/PDCA/pdca.o
LOAD AVR32_LIBS/DRIVERS/PM/pm.o
LOAD AVR32_LIBS/DRIVERS/PM/pm_conf_clocks.o
LOAD AVR32_LIBS/DRIVERS/PWM/pwm.o
LOAD AVR32_LIBS/DRIVERS/RTC/rtc.o
LOAD AVR32_LIBS/DRIVERS/SPI/spi.o
LOAD AVR32_LIBS/DRIVERS/TWI/twi.o
LOAD AVR32_LIBS/DRIVERS/USART/usart.o
LOAD AVR32_LIBS/DRIVERS/USBB/ENUM/DEVICE/usb_device_task.o
LOAD AVR32_LIBS/DRIVERS/USBB/ENUM/DEVICE/usb_standard_request.o
LOAD AVR32_LIBS/DRIVERS/USBB/ENUM/usb_task.o
LOAD AVR32_LIBS/DRIVERS/USBB/usb_drv.o
LOAD AVR32_LIBS/DRIVERS/WDT/wdt.o
LOAD AVR32_LIBS/SERVICES/DELAY/delay.o
LOAD AVR32_LIBS/SERVICES/FREERTOS/Source/croutine.o
LOAD AVR32_LIBS/SERVICES/FREERTOS/Source/list.o
LOAD AVR32_LIBS/SERVICES/FREERTOS/Source/portable/GCC/AVR32_UC3/exception.o
LOAD AVR32_LIBS/SERVICES/FREERTOS/Source/portable/GCC/AVR32_UC3/port.o
LOAD AVR32_LIBS/SERVICES/FREERTOS/Source/portable/MemMang/heap_3.o
LOAD AVR32_LIBS/SERVICES/FREERTOS/Source/queue.o
LOAD AVR32_LIBS/SERVICES/FREERTOS/Source/tasks.o
LOAD AVR32_LIBS/SERVICES/USB/CLASS/CDC/EXAMPLES/ENUM/DEVICE/usb_descriptors.o
LOAD AVR32_LIBS/SERVICES/USB/CLASS/CDC/EXAMPLES/ENUM/DEVICE/usb_specific_request.o
LOAD AVR32_LIBS/SERVICES/USB/CLASS/CDC/EXAMPLES/uart_usb_lib.o
LOAD AVR32_LIBS/SERVICES/USB/CLASS/DFU/EXAMPLES/ISP/BOOT/trampoline.o
LOAD spike_fw_update.o
LOAD main.o
LOAD main_app.o
LOAD security_task.o
LOAD terminal/printf-stdarg.o
LOAD terminal/usb/usb.o
LOAD ../AVR32_LIBS/UTILS/LIBS/NEWLIB_ADDONS/AT32UCR2\libnewlib_addons-at32ucr2-speed_opt.a
LOAD c:/program files (x86)/atmel/avr studio 5.1/extensions/atmel/avrgcc/3.3.1.27/avrtoolchain/bin/../lib/gcc/avr32/4.4.3/ucr2\libgcc.a
LOAD c:/program files (x86)/atmel/avr studio 5.1/extensions/atmel/avrgcc/3.3.1.27/avrtoolchain/bin/../lib/gcc/avr32/4.4.3/../../../../avr32/lib/ucr2\libc.a
LOAD c:/program files (x86)/atmel/avr studio 5.1/extensions/atmel/avrgcc/3.3.1.27/avrtoolchain/bin/../lib/gcc/avr32/4.4.3/ucr2\libgcc.a
LOAD c:/program files (x86)/atmel/avr studio 5.1/extensions/atmel/avrgcc/3.3.1.27/avrtoolchain/bin/../lib/gcc/avr32/4.4.3/ucr2/crtend.o
LOAD c:/program files (x86)/atmel/avr studio 5.1/extensions/atmel/avrgcc/3.3.1.27/avrtoolchain/bin/../lib/gcc/avr32/4.4.3/ucr2/crtn.o
                0xffffffff                __max_heap_size__ = 0xffffffff
                [0xffffffff]                __heap_size__ = DEFINED (__heap_size__)?__heap_size__:__max_heap_size__
                [0x00001000]                __stack_size__ = DEFINED (__stack_size__)?__stack_size__:0x1000
                0x80000000                PROVIDE (__executable_start, 0x80000000)
                0x80000000                . = 0x80000000

.interp
 *(.interp)

.reset          0x80000000     0x2008
 *(.reset)
 .reset         0x80000000     0x2008 AVR32_LIBS/SERVICES/USB/CLASS/DFU/EXAMPLES/ISP/BOOT/trampoline.o
                0x80000000                _trampoline

.hash
 *(.hash)

.dynsym
 *(.dynsym)

.dynstr
 *(.dynstr)

.gnu.version
 *(.gnu.version)

.gnu.version_d
 *(.gnu.version_d)

.gnu.version_r
 *(.gnu.version_r)

.rel.init
 *(.rel.init)

.rela.init
 *(.rela.init)

.rel.text
 *(.rel.text .rel.text.* .rel.gnu.linkonce.t.*)

.rela.text
 *(.rela.text .rela.text.* .rela.gnu.linkonce.t.*)

.rel.fini
 *(.rel.fini)

.rela.fini
 *(.rela.fini)

.rel.rodata
 *(.rel.rodata .rel.rodata.* .rel.gnu.linkonce.r.*)

.rela.rodata
 *(.rela.rodata .rela.rodata.* .rela.gnu.linkonce.r.*)

.rel.data.rel.ro
 *(.rel.data.rel.ro*)

.rela.data.rel.ro
 *(.rel.data.rel.ro*)

.rel.data
 *(.rel.data .rel.data.* .rel.gnu.linkonce.d.*)

.rela.data
 *(.rela.data .rela.data.* .rela.gnu.linkonce.d.*)

.rel.tdata
 *(.rel.tdata .rel.tdata.* .rel.gnu.linkonce.td.*)

.rela.tdata
 *(.rela.tdata .rela.tdata.* .rela.gnu.linkonce.td.*)

.rel.tbss
 *(.rel.tbss .rel.tbss.* .rel.gnu.linkonce.tb.*)

.rela.tbss
 *(.rela.tbss .rela.tbss.* .rela.gnu.linkonce.tb.*)

.rel.ctors
 *(.rel.ctors)

.rela.ctors
 *(.rela.ctors)

.rel.dtors
 *(.rel.dtors)

.rela.dtors
 *(.rela.dtors)

.rel.got
 *(.rel.got)

.rela.got       0x80002008        0x0
 *(.rela.got)
 .rela.got      0x80002008        0x0 c:/program files (x86)/atmel/avr studio 5.1/extensions/atmel/avrgcc/3.3.1.27/avrtoolchain/bin/../lib/gcc/avr32/4.4.3/../../../../avr32/lib/ucr2/crt0.o

.rel.bss
 *(.rel.bss .rel.bss.* .rel.gnu.linkonce.b.*)

.rela.bss
 *(.rela.bss .rela.bss.* .rela.gnu.linkonce.b.*)

.rel.plt
 *(.rel.plt)

.rela.plt
 *(.rela.plt)

.init           0x80002008       0x1c
 *(.init)
 .init          0x80002008       0x10 c:/program files (x86)/atmel/avr studio 5.1/extensions/atmel/avrgcc/3.3.1.27/avrtoolchain/bin/../lib/gcc/avr32/4.4.3/ucr2/crti.o
                0x80002008                _init
 .init          0x80002018        0x4 c:/program files (x86)/atmel/avr studio 5.1/extensions/atmel/avrgcc/3.3.1.27/avrtoolchain/bin/../lib/gcc/avr32/4.4.3/ucr2/crtbegin.o
 .init          0x8000201c        0x4 c:/program files (x86)/atmel/avr studio 5.1/extensions/atmel/avrgcc/3.3.1.27/avrtoolchain/bin/../lib/gcc/avr32/4.4.3/ucr2/crtend.o
 .init          0x80002020        0x4 c:/program files (x86)/atmel/avr studio 5.1/extensions/atmel/avrgcc/3.3.1.27/avrtoolchain/bin/../lib/gcc/avr32/4.4.3/ucr2/crtn.o

.plt
 *(.plt)

.text           0x80002024    0x11a18
 *(.text .stub .text.* .gnu.linkonce.t.*)
 .text          0x80002024       0x84 c:/program files (x86)/atmel/avr studio 5.1/extensions/atmel/avrgcc/3.3.1.27/avrtoolchain/bin/../lib/gcc/avr32/4.4.3/../../../../avr32/lib/ucr2/crt0.o
                0x80002024                _stext
 .text          0x800020a8       0x64 c:/program files (x86)/atmel/avr studio 5.1/extensions/atmel/avrgcc/3.3.1.27/avrtoolchain/bin/../lib/gcc/avr32/4.4.3/ucr2/crtbegin.o
 .text.handle_tx_end_irq
                0x8000210c       0x14 AVR32_LIBS/COMPONENTS/AT86RF231/at86rf231.o
                0x8000210c                handle_tx_end_irq
 .text.at86rf231_change_channel
                0x80002120       0x60 AVR32_LIBS/COMPONENTS/AT86RF231/at86rf231.o
                0x80002120                at86rf231_change_channel
 .text.apply_channel_page_configuration
                0x80002180       0xc4 AVR32_LIBS/COMPONENTS/AT86RF231/at86rf231.o
                0x80002180                apply_channel_page_configuration
 .text.trx_config_csma
                0x80002244       0x2c AVR32_LIBS/COMPONENTS/AT86RF231/at86rf231.o
                0x80002244                trx_config_csma
 .text.switch_pll_on
                0x80002270       0x44 AVR32_LIBS/COMPONENTS/AT86RF231/at86rf231.o
                0x80002270                switch_pll_on
 .text.at86rf231_rx_with_auto_ack
                0x800022b4       0x2c AVR32_LIBS/COMPONENTS/AT86RF231/at86rf231.o
                0x800022b4                at86rf231_rx_with_auto_ack
 .text.set_trx_state
                0x800022e0      0x2e8 AVR32_LIBS/COMPONENTS/AT86RF231/at86rf231.o
                0x800022e0                set_trx_state
 .text.handle_received_frame_irq
                0x800025c8       0xa4 AVR32_LIBS/COMPONENTS/AT86RF231/at86rf231.o
                0x800025c8                handle_received_frame_irq
 .text.send_frame
                0x8000266c       0xcc AVR32_LIBS/COMPONENTS/AT86RF231/at86rf231.o
                0x8000266c                send_frame
 .text.init_at86rf231
                0x80002738      0x1d4 AVR32_LIBS/COMPONENTS/AT86RF231/at86rf231.o
                0x80002738                init_at86rf231
 .text.pal_trx_irq_init
                0x8000290c        0xc AVR32_LIBS/COMPONENTS/AT86RF231/pal_trx_access.o
                0x8000290c                pal_trx_irq_init
 .text.delay_us
                0x80002918       0x1a AVR32_LIBS/COMPONENTS/AT86RF231/pal_trx_access.o
                0x80002918                delay_us
 *fill*         0x80002932        0x2 d703d703
 .text.eic_rf230_isr_NonNakedBehaviour
                0x80002934       0x2c AVR32_LIBS/COMPONENTS/AT86RF231/pal_trx_access.o
                0x80002934                eic_rf230_isr_NonNakedBehaviour
 .text.eic_rf230_isr
                0x80002960       0x78 AVR32_LIBS/COMPONENTS/AT86RF231/pal_trx_access.o
                0x80002960                eic_rf230_isr
 .text.pal_trx_frame_write
                0x800029d8       0x58 AVR32_LIBS/COMPONENTS/AT86RF231/pal_trx_access.o
                0x800029d8                pal_trx_frame_write
 .text.pal_trx_reg_write
                0x80002a30       0x5c AVR32_LIBS/COMPONENTS/AT86RF231/pal_trx_access.o
                0x80002a30                pal_trx_reg_write
 .text.pal_trx_frame_read
                0x80002a8c       0x80 AVR32_LIBS/COMPONENTS/AT86RF231/pal_trx_access.o
                0x80002a8c                pal_trx_frame_read
 .text.pal_trx_reg_read
                0x80002b0c       0x68 AVR32_LIBS/COMPONENTS/AT86RF231/pal_trx_access.o
                0x80002b0c                pal_trx_reg_read
 .text.trx_irq_handler_cb
                0x80002b74       0x50 AVR32_LIBS/COMPONENTS/AT86RF231/pal_trx_access.o
                0x80002b74                trx_irq_handler_cb
 .text.pal_trx_bit_write
                0x80002bc4       0x38 AVR32_LIBS/COMPONENTS/AT86RF231/pal_trx_access.o
                0x80002bc4                pal_trx_bit_write
 .text.pal_trx_bit_read
                0x80002bfc       0x24 AVR32_LIBS/COMPONENTS/AT86RF231/pal_trx_access.o
                0x80002bfc                pal_trx_bit_read
 .text.trx_interface_init
                0x80002c20      0x10c AVR32_LIBS/COMPONENTS/AT86RF231/pal_trx_access.o
                0x80002c20                trx_interface_init
 .text.LED_on   0x80002d2c       0x10 AVR32_LIBS/COMPONENTS/TCA6424/tca6424.o
                0x80002d2c                LED_on
 .text.LED_off  0x80002d3c       0x14 AVR32_LIBS/COMPONENTS/TCA6424/tca6424.o
                0x80002d3c                LED_off
 .text.tca6424_write_data
                0x80002d50       0x6c AVR32_LIBS/COMPONENTS/TCA6424/tca6424.o
                0x80002d50                tca6424_write_data
 .text.tca6424_output
                0x80002dbc       0x40 AVR32_LIBS/COMPONENTS/TCA6424/tca6424.o
                0x80002dbc                tca6424_output
 .text.tca6424_init
                0x80002dfc       0x2c AVR32_LIBS/COMPONENTS/TCA6424/tca6424.o
                0x80002dfc                tca6424_init
 .text.eic_init
                0x80002e28       0xcc AVR32_LIBS/DRIVERS/EIC/eic.o
                0x80002e28                eic_init
 .text.eic_enable_line
                0x80002ef4        0xa AVR32_LIBS/DRIVERS/EIC/eic.o
                0x80002ef4                eic_enable_line
 .text.eic_enable_interrupt_line
                0x80002efe        0xa AVR32_LIBS/DRIVERS/EIC/eic.o
                0x80002efe                eic_enable_interrupt_line
 .text.eic_clear_interrupt_line
                0x80002f08       0x26 AVR32_LIBS/DRIVERS/EIC/eic.o
                0x80002f08                eic_clear_interrupt_line
 *fill*         0x80002f2e        0x2 d703d703
 .text.flashc_get_flash_size
                0x80002f30       0x18 AVR32_LIBS/DRIVERS/FLASHC/flashc.o
                0x80002f30                flashc_get_flash_size
 .text.flashc_set_wait_state
                0x80002f48        0xe AVR32_LIBS/DRIVERS/FLASHC/flashc.o
                0x80002f48                flashc_set_wait_state
 .text.flashc_is_ready
                0x80002f56        0xc AVR32_LIBS/DRIVERS/FLASHC/flashc.o
                0x80002f56                flashc_is_ready
 *fill*         0x80002f62        0x2 d703d703
 .text.flashc_default_wait_until_ready
                0x80002f64       0x10 AVR32_LIBS/DRIVERS/FLASHC/flashc.o
                0x80002f64                flashc_default_wait_until_ready
 .text.flashc_issue_command
                0x80002f74       0x48 AVR32_LIBS/DRIVERS/FLASHC/flashc.o
                0x80002f74                flashc_issue_command
 .text.flashc_clear_page_buffer
                0x80002fbc       0x10 AVR32_LIBS/DRIVERS/FLASHC/flashc.o
                0x80002fbc                flashc_clear_page_buffer
 .text.flashc_is_page_erased
                0x80002fcc        0xc AVR32_LIBS/DRIVERS/FLASHC/flashc.o
                0x80002fcc                flashc_is_page_erased
 .text.flashc_quick_page_read
                0x80002fd8       0x18 AVR32_LIBS/DRIVERS/FLASHC/flashc.o
                0x80002fd8                flashc_quick_page_read
 .text.flashc_erase_page
                0x80002ff0       0x38 AVR32_LIBS/DRIVERS/FLASHC/flashc.o
                0x80002ff0                flashc_erase_page
 .text.flashc_write_page
                0x80003028       0x10 AVR32_LIBS/DRIVERS/FLASHC/flashc.o
                0x80003028                flashc_write_page
 .text.flashc_quick_user_page_read
                0x80003038       0x18 AVR32_LIBS/DRIVERS/FLASHC/flashc.o
                0x80003038                flashc_quick_user_page_read
 .text.flashc_erase_user_page
                0x80003050       0x28 AVR32_LIBS/DRIVERS/FLASHC/flashc.o
                0x80003050                flashc_erase_user_page
 .text.flashc_write_user_page
                0x80003078       0x10 AVR32_LIBS/DRIVERS/FLASHC/flashc.o
                0x80003078                flashc_write_user_page
 .text.flashc_memset64
                0x80003088      0x238 AVR32_LIBS/DRIVERS/FLASHC/flashc.o
                0x80003088                flashc_memset64
 .text.flashc_memset32
                0x800032c0       0x20 AVR32_LIBS/DRIVERS/FLASHC/flashc.o
                0x800032c0                flashc_memset32
 .text.flashc_memset16
                0x800032e0       0x10 AVR32_LIBS/DRIVERS/FLASHC/flashc.o
                0x800032e0                flashc_memset16
 .text.flashc_memset8
                0x800032f0       0x14 AVR32_LIBS/DRIVERS/FLASHC/flashc.o
                0x800032f0                flashc_memset8
 .text.flashc_memcpy
                0x80003304      0x310 AVR32_LIBS/DRIVERS/FLASHC/flashc.o
                0x80003304                flashc_memcpy
 .text.gpio_enable_module_pin
                0x80003614       0x42 AVR32_LIBS/DRIVERS/GPIO/gpio.o
                0x80003614                gpio_enable_module_pin
 *fill*         0x80003656        0x2 d703d703
 .text.gpio_enable_module
                0x80003658       0x30 AVR32_LIBS/DRIVERS/GPIO/gpio.o
                0x80003658                gpio_enable_module
 .text.gpio_enable_gpio_pin
                0x80003688       0x18 AVR32_LIBS/DRIVERS/GPIO/gpio.o
                0x80003688                gpio_enable_gpio_pin
 .text.gpio_enable_pin_pull_up
                0x800036a0       0x16 AVR32_LIBS/DRIVERS/GPIO/gpio.o
                0x800036a0                gpio_enable_pin_pull_up
 .text.gpio_get_pin_value
                0x800036b6       0x16 AVR32_LIBS/DRIVERS/GPIO/gpio.o
                0x800036b6                gpio_get_pin_value
 .text.gpio_get_gpio_pin_output_value
                0x800036cc       0x16 AVR32_LIBS/DRIVERS/GPIO/gpio.o
                0x800036cc                gpio_get_gpio_pin_output_value
 .text.gpio_set_gpio_pin
                0x800036e2       0x1c AVR32_LIBS/DRIVERS/GPIO/gpio.o
                0x800036e2                gpio_set_gpio_pin
 .text.gpio_clr_gpio_pin
                0x800036fe       0x1c AVR32_LIBS/DRIVERS/GPIO/gpio.o
                0x800036fe                gpio_clr_gpio_pin
 .text.gpio_enable_pin_glitch_filter
                0x8000371a       0x16 AVR32_LIBS/DRIVERS/GPIO/gpio.o
                0x8000371a                gpio_enable_pin_glitch_filter
 .text._unhandled_interrupt
                0x80003730        0x2 AVR32_LIBS/DRIVERS/INTC/intc.o
 *fill*         0x80003732        0x2 d703d703
 .text.INTC_init_interrupts
                0x80003734       0x48 AVR32_LIBS/DRIVERS/INTC/intc.o
                0x80003734                INTC_init_interrupts
 .text.INTC_register_interrupt
                0x8000377c       0x30 AVR32_LIBS/DRIVERS/INTC/intc.o
                0x8000377c                INTC_register_interrupt
 .text._get_interrupt_handler
                0x800037ac       0x38 AVR32_LIBS/DRIVERS/INTC/intc.o
                0x800037ac                _get_interrupt_handler
 .text.pm_set_osc0_mode
                0x800037e4        0xa AVR32_LIBS/DRIVERS/PM/pm.o
 *fill*         0x800037ee        0x2 d703d703
 .text.pm_enable_osc0_crystal
                0x800037f0       0x3c AVR32_LIBS/DRIVERS/PM/pm.o
                0x800037f0                pm_enable_osc0_crystal
 .text.pm_enable_clk0_no_wait
                0x8000382c       0x10 AVR32_LIBS/DRIVERS/PM/pm.o
                0x8000382c                pm_enable_clk0_no_wait
 .text.pm_wait_for_clk0_ready
                0x8000383c        0xa AVR32_LIBS/DRIVERS/PM/pm.o
                0x8000383c                pm_wait_for_clk0_ready
 *fill*         0x80003846        0x2 d703d703
 .text.pm_enable_clk0
                0x80003848       0x1c AVR32_LIBS/DRIVERS/PM/pm.o
                0x80003848                pm_enable_clk0
 .text.pm_set_osc32_mode
                0x80003864        0xa AVR32_LIBS/DRIVERS/PM/pm.o
 *fill*         0x8000386e        0x2 d703d703
 .text.pm_enable_osc32_crystal
                0x80003870       0x10 AVR32_LIBS/DRIVERS/PM/pm.o
                0x80003870                pm_enable_osc32_crystal
 .text.pm_enable_clk32_no_wait
                0x80003880       0x10 AVR32_LIBS/DRIVERS/PM/pm.o
                0x80003880                pm_enable_clk32_no_wait
 .text.pm_cksel
                0x80003890       0x46 AVR32_LIBS/DRIVERS/PM/pm.o
                0x80003890                pm_cksel
 .text.pm_gc_setup
                0x800038d6       0x22 AVR32_LIBS/DRIVERS/PM/pm.o
                0x800038d6                pm_gc_setup
 .text.pm_gc_enable
                0x800038f8        0xe AVR32_LIBS/DRIVERS/PM/pm.o
                0x800038f8                pm_gc_enable
 .text.pm_pll_setup
                0x80003906       0x22 AVR32_LIBS/DRIVERS/PM/pm.o
                0x80003906                pm_pll_setup
 .text.pm_pll_set_option
                0x80003928       0x1a AVR32_LIBS/DRIVERS/PM/pm.o
                0x80003928                pm_pll_set_option
 .text.pm_pll_enable
                0x80003942        0xe AVR32_LIBS/DRIVERS/PM/pm.o
                0x80003942                pm_pll_enable
 .text.pm_wait_for_pll0_locked
                0x80003950        0xa AVR32_LIBS/DRIVERS/PM/pm.o
                0x80003950                pm_wait_for_pll0_locked
 .text.pm_wait_for_pll1_locked
                0x8000395a        0xa AVR32_LIBS/DRIVERS/PM/pm.o
                0x8000395a                pm_wait_for_pll1_locked
 .text.pm_switch_to_clock
                0x80003964        0xa AVR32_LIBS/DRIVERS/PM/pm.o
                0x80003964                pm_switch_to_clock
 *fill*         0x8000396e        0x2 d703d703
 .text.pm_switch_to_osc0
                0x80003970       0x2c AVR32_LIBS/DRIVERS/PM/pm.o
                0x80003970                pm_switch_to_osc0
 .text.pm_configure_usb_clock
                0x8000399c       0x70 AVR32_LIBS/DRIVERS/PM/pm_conf_clocks.o
                0x8000399c                pm_configure_usb_clock
 .text.pwm_channel_init
                0x80003a0c       0x36 AVR32_LIBS/DRIVERS/PWM/pwm.o
                0x80003a0c                pwm_channel_init
 .text.pwm_start_channels
                0x80003a42       0x12 AVR32_LIBS/DRIVERS/PWM/pwm.o
                0x80003a42                pwm_start_channels
 .text.pwm_stop_channels
                0x80003a54       0x12 AVR32_LIBS/DRIVERS/PWM/pwm.o
                0x80003a54                pwm_stop_channels
 .text.pwm_init
                0x80003a66       0x46 AVR32_LIBS/DRIVERS/PWM/pwm.o
                0x80003a66                pwm_init
 .text.rtc_is_busy
                0x80003aac        0x8 AVR32_LIBS/DRIVERS/RTC/rtc.o
                0x80003aac                rtc_is_busy
 .text.rtc_set_value
                0x80003ab4       0x24 AVR32_LIBS/DRIVERS/RTC/rtc.o
                0x80003ab4                rtc_set_value
 .text.rtc_enable
                0x80003ad8       0x24 AVR32_LIBS/DRIVERS/RTC/rtc.o
                0x80003ad8                rtc_enable
 .text.rtc_set_top_value
                0x80003afc       0x24 AVR32_LIBS/DRIVERS/RTC/rtc.o
                0x80003afc                rtc_set_top_value
 .text.rtc_init
                0x80003b20       0x80 AVR32_LIBS/DRIVERS/RTC/rtc.o
                0x80003b20                rtc_init
 .text.spi_reset
                0x80003ba0        0x8 AVR32_LIBS/DRIVERS/SPI/spi.o
                0x80003ba0                spi_reset
 .text.spi_initMaster
                0x80003ba8       0x38 AVR32_LIBS/DRIVERS/SPI/spi.o
                0x80003ba8                spi_initMaster
 .text.spi_selectionMode
                0x80003be0       0x2c AVR32_LIBS/DRIVERS/SPI/spi.o
                0x80003be0                spi_selectionMode
 .text.spi_enable
                0x80003c0c        0x6 AVR32_LIBS/DRIVERS/SPI/spi.o
                0x80003c0c                spi_enable
 .text.spi_write
                0x80003c12       0x1c AVR32_LIBS/DRIVERS/SPI/spi.o
                0x80003c12                spi_write
 .text.spi_read
                0x80003c2e       0x20 AVR32_LIBS/DRIVERS/SPI/spi.o
                0x80003c2e                spi_read
 *fill*         0x80003c4e        0x2 d703d703
 .text.spi_setupChipReg
                0x80003c50       0xf4 AVR32_LIBS/DRIVERS/SPI/spi.o
                0x80003c50                spi_setupChipReg
 .text.spi_unselectChip
                0x80003d44       0x40 AVR32_LIBS/DRIVERS/SPI/spi.o
                0x80003d44                spi_unselectChip
 .text.spi_selectChip
                0x80003d84       0x78 AVR32_LIBS/DRIVERS/SPI/spi.o
                0x80003d84                spi_selectChip
 .text.twi_set_speed
                0x80003dfc       0x40 AVR32_LIBS/DRIVERS/TWI/twi.o
 .text.twi_master_write
                0x80003e3c       0x80 AVR32_LIBS/DRIVERS/TWI/twi.o
                0x80003e3c                twi_master_write
 .text.twi_probe
                0x80003ebc       0x28 AVR32_LIBS/DRIVERS/TWI/twi.o
                0x80003ebc                twi_probe
 .text.twi_disable_interrupt
                0x80003ee4       0x1e AVR32_LIBS/DRIVERS/TWI/twi.o
                0x80003ee4                twi_disable_interrupt
 *fill*         0x80003f02        0x2 d703d703
 .text.twi_master_inst1_interrupt_handler
                0x80003f04       0xc0 AVR32_LIBS/DRIVERS/TWI/twi.o
 .text.twi_master_init
                0x80003fc4       0x6c AVR32_LIBS/DRIVERS/TWI/twi.o
                0x80003fc4                twi_master_init
 .text.usart_set_async_baudrate
                0x80004030       0x5a AVR32_LIBS/DRIVERS/USART/usart.o
 .text.usart_reset
                0x8000408a       0x2c AVR32_LIBS/DRIVERS/USART/usart.o
                0x8000408a                usart_reset
 *fill*         0x800040b6        0x2 d703d703
 .text.usart_init_rs232
                0x800040b8       0xcc AVR32_LIBS/DRIVERS/USART/usart.o
                0x800040b8                usart_init_rs232
 .text.usb_start_device
                0x80004184       0x34 AVR32_LIBS/DRIVERS/USBB/ENUM/DEVICE/usb_device_task.o
                0x80004184                usb_start_device
 .text.usb_device_task
                0x800041b8       0x88 AVR32_LIBS/DRIVERS/USBB/ENUM/DEVICE/usb_device_task.o
                0x800041b8                usb_device_task
 .text.usb_device_task_init
                0x80004240       0x94 AVR32_LIBS/DRIVERS/USBB/ENUM/DEVICE/usb_device_task.o
                0x80004240                usb_device_task_init
 .text.usb_process_request
                0x800042d4      0x758 AVR32_LIBS/DRIVERS/USBB/ENUM/DEVICE/usb_standard_request.o
                0x800042d4                usb_process_request
 .text.usb_task
                0x80004a2c       0x70 AVR32_LIBS/DRIVERS/USBB/ENUM/usb_task.o
                0x80004a2c                usb_task
 .text.usb_general_interrupt_non_naked
                0x80004a9c      0x1a0 AVR32_LIBS/DRIVERS/USBB/ENUM/usb_task.o
 .text.usb_general_interrupt
                0x80004c3c       0x78 AVR32_LIBS/DRIVERS/USBB/ENUM/usb_task.o
 .text.usb_task_init
                0x80004cb4       0x4c AVR32_LIBS/DRIVERS/USBB/ENUM/usb_task.o
                0x80004cb4                usb_task_init
 .text.usb_write_ep_txpacket
                0x80004d00      0x128 AVR32_LIBS/DRIVERS/USBB/usb_drv.o
                0x80004d00                usb_write_ep_txpacket
 .text.usb_init_device
                0x80004e28       0x6a AVR32_LIBS/DRIVERS/USBB/usb_drv.o
                0x80004e28                usb_init_device
 .text.wdt_set_ctrl
                0x80004e92       0x14 AVR32_LIBS/DRIVERS/WDT/wdt.o
 *fill*         0x80004ea6        0x2 d703d703
 .text.wdt_get_us_timeout_period
                0x80004ea8       0x70 AVR32_LIBS/DRIVERS/WDT/wdt.o
                0x80004ea8                wdt_get_us_timeout_period
 .text.wdt_disable
                0x80004f18       0x14 AVR32_LIBS/DRIVERS/WDT/wdt.o
                0x80004f18                wdt_disable
 .text.wdt_clear
                0x80004f2c        0xa AVR32_LIBS/DRIVERS/WDT/wdt.o
                0x80004f2c                wdt_clear
 *fill*         0x80004f36        0x2 d703d703
 .text.wdt_enable
                0x80004f38       0x90 AVR32_LIBS/DRIVERS/WDT/wdt.o
                0x80004f38                wdt_enable
 .text.vListInitialise
                0x80004fc8       0x14 AVR32_LIBS/SERVICES/FREERTOS/Source/list.o
                0x80004fc8                vListInitialise
 .text.vListInitialiseItem
                0x80004fdc        0x6 AVR32_LIBS/SERVICES/FREERTOS/Source/list.o
                0x80004fdc                vListInitialiseItem
 .text.vListInsertEnd
                0x80004fe2       0x1c AVR32_LIBS/SERVICES/FREERTOS/Source/list.o
                0x80004fe2                vListInsertEnd
 .text.vListInsert
                0x80004ffe       0x34 AVR32_LIBS/SERVICES/FREERTOS/Source/list.o
                0x80004ffe                vListInsert
 .text.vListRemove
                0x80005032       0x26 AVR32_LIBS/SERVICES/FREERTOS/Source/list.o
                0x80005032                vListRemove
 .text.vPortEnterCritical
                0x80005058       0x10 AVR32_LIBS/SERVICES/FREERTOS/Source/portable/GCC/AVR32_UC3/port.o
                0x80005058                vPortEnterCritical
 .text.vPortExitCritical
                0x80005068       0x20 AVR32_LIBS/SERVICES/FREERTOS/Source/portable/GCC/AVR32_UC3/port.o
                0x80005068                vPortExitCritical
 .text.pxPortInitialiseStack
                0x80005088       0x92 AVR32_LIBS/SERVICES/FREERTOS/Source/portable/GCC/AVR32_UC3/port.o
                0x80005088                pxPortInitialiseStack
 *fill*         0x8000511a        0x2 d703d703
 .text.xPortStartScheduler
                0x8000511c       0x58 AVR32_LIBS/SERVICES/FREERTOS/Source/portable/GCC/AVR32_UC3/port.o
                0x8000511c                xPortStartScheduler
 .text.SCALLYield
                0x80005174       0x88 AVR32_LIBS/SERVICES/FREERTOS/Source/portable/GCC/AVR32_UC3/port.o
                0x80005174                SCALLYield
 .text.prvClearCcInt
                0x800051fc        0xa AVR32_LIBS/SERVICES/FREERTOS/Source/portable/GCC/AVR32_UC3/port.o
 *fill*         0x80005206        0x2 d703d703
 .text.vTick    0x80005208       0x84 AVR32_LIBS/SERVICES/FREERTOS/Source/portable/GCC/AVR32_UC3/port.o
 .text.__malloc_lock
                0x8000528c        0xc AVR32_LIBS/SERVICES/FREERTOS/Source/portable/GCC/AVR32_UC3/port.o
                0x8000528c                __malloc_lock
 .text.__malloc_unlock
                0x80005298        0xc AVR32_LIBS/SERVICES/FREERTOS/Source/portable/GCC/AVR32_UC3/port.o
                0x80005298                __malloc_unlock
 .text._init_startup
                0x800052a4       0x28 AVR32_LIBS/SERVICES/FREERTOS/Source/portable/GCC/AVR32_UC3/port.o
                0x800052a4                _init_startup
 .text.vPortFree
                0x800052cc       0x28 AVR32_LIBS/SERVICES/FREERTOS/Source/portable/MemMang/heap_3.o
                0x800052cc                vPortFree
 .text.pvPortMalloc
                0x800052f4       0x28 AVR32_LIBS/SERVICES/FREERTOS/Source/portable/MemMang/heap_3.o
                0x800052f4                pvPortMalloc
 .text.prvCopyDataFromQueue
                0x8000531c       0x30 AVR32_LIBS/SERVICES/FREERTOS/Source/queue.o
 .text.prvUnlockQueue
                0x8000534c       0xa0 AVR32_LIBS/SERVICES/FREERTOS/Source/queue.o
 .text.xQueueGenericReceive
                0x800053ec      0x14c AVR32_LIBS/SERVICES/FREERTOS/Source/queue.o
                0x800053ec                xQueueGenericReceive
 .text.prvCopyDataToQueue
                0x80005538       0x78 AVR32_LIBS/SERVICES/FREERTOS/Source/queue.o
 .text.xQueueGenericSendFromISR
                0x800055b0       0x50 AVR32_LIBS/SERVICES/FREERTOS/Source/queue.o
                0x800055b0                xQueueGenericSendFromISR
 .text.xQueueGenericSend
                0x80005600      0x10c AVR32_LIBS/SERVICES/FREERTOS/Source/queue.o
                0x80005600                xQueueGenericSend
 .text.xQueueCreateMutex
                0x8000570c       0x58 AVR32_LIBS/SERVICES/FREERTOS/Source/queue.o
                0x8000570c                xQueueCreateMutex
 .text.xQueueCreate
                0x80005764       0x78 AVR32_LIBS/SERVICES/FREERTOS/Source/queue.o
                0x80005764                xQueueCreate
 .text.xTaskIsTaskSuspended
                0x800057dc       0x20 AVR32_LIBS/SERVICES/FREERTOS/Source/tasks.o
                0x800057dc                xTaskIsTaskSuspended
 .text.vTaskSwitchContext
                0x800057fc       0xe4 AVR32_LIBS/SERVICES/FREERTOS/Source/tasks.o
                0x800057fc                vTaskSwitchContext
 .text.vTaskSetTimeOutState
                0x800058e0       0x18 AVR32_LIBS/SERVICES/FREERTOS/Source/tasks.o
                0x800058e0                vTaskSetTimeOutState
 .text.vTaskMissedYield
                0x800058f8        0xc AVR32_LIBS/SERVICES/FREERTOS/Source/tasks.o
                0x800058f8                vTaskMissedYield
 .text.usTaskCheckFreeStackSpace
                0x80005904       0x2a AVR32_LIBS/SERVICES/FREERTOS/Source/tasks.o
                0x80005904                usTaskCheckFreeStackSpace
 *fill*         0x8000592e        0x2 d703d703
 .text.vTaskPriorityDisinherit
                0x80005930       0x58 AVR32_LIBS/SERVICES/FREERTOS/Source/tasks.o
                0x80005930                vTaskPriorityDisinherit
 .text.vTaskPriorityInherit
                0x80005988       0x84 AVR32_LIBS/SERVICES/FREERTOS/Source/tasks.o
                0x80005988                vTaskPriorityInherit
 .text.xTaskRemoveFromEventList
                0x80005a0c       0x88 AVR32_LIBS/SERVICES/FREERTOS/Source/tasks.o
                0x80005a0c                xTaskRemoveFromEventList
 .text.vTaskIncrementTick
                0x80005a94       0xc0 AVR32_LIBS/SERVICES/FREERTOS/Source/tasks.o
                0x80005a94                vTaskIncrementTick
 .text.xTaskGetCurrentTaskHandle
                0x80005b54       0x24 AVR32_LIBS/SERVICES/FREERTOS/Source/tasks.o
                0x80005b54                xTaskGetCurrentTaskHandle
 .text.xTaskCheckForTimeOut
                0x80005b78       0x70 AVR32_LIBS/SERVICES/FREERTOS/Source/tasks.o
                0x80005b78                xTaskCheckForTimeOut
 .text.xTaskGetTickCount
                0x80005be8       0x24 AVR32_LIBS/SERVICES/FREERTOS/Source/tasks.o
                0x80005be8                xTaskGetTickCount
 .text.xTaskResumeAll
                0x80005c0c       0xe8 AVR32_LIBS/SERVICES/FREERTOS/Source/tasks.o
                0x80005c0c                xTaskResumeAll
 .text.vTaskSuspendAll
                0x80005cf4       0x20 AVR32_LIBS/SERVICES/FREERTOS/Source/tasks.o
                0x80005cf4                vTaskSuspendAll
 .text.vTaskResume
                0x80005d14       0x80 AVR32_LIBS/SERVICES/FREERTOS/Source/tasks.o
                0x80005d14                vTaskResume
 .text.vTaskSuspend
                0x80005d94       0x68 AVR32_LIBS/SERVICES/FREERTOS/Source/tasks.o
                0x80005d94                vTaskSuspend
 .text.vTaskDelete
                0x80005dfc       0x80 AVR32_LIBS/SERVICES/FREERTOS/Source/tasks.o
                0x80005dfc                vTaskDelete
 .text.vTaskPlaceOnEventList
                0x80005e7c       0x80 AVR32_LIBS/SERVICES/FREERTOS/Source/tasks.o
                0x80005e7c                vTaskPlaceOnEventList
 .text.vTaskDelay
                0x80005efc       0x74 AVR32_LIBS/SERVICES/FREERTOS/Source/tasks.o
                0x80005efc                vTaskDelay
 .text.vTaskDelayUntil
                0x80005f70       0xac AVR32_LIBS/SERVICES/FREERTOS/Source/tasks.o
                0x80005f70                vTaskDelayUntil
 .text.prvListTaskWithinSingleList
                0x8000601c       0x84 AVR32_LIBS/SERVICES/FREERTOS/Source/tasks.o
 .text.vTaskList
                0x800060a0       0xc4 AVR32_LIBS/SERVICES/FREERTOS/Source/tasks.o
                0x800060a0                vTaskList
 .text.prvIdleTask
                0x80006164       0x90 AVR32_LIBS/SERVICES/FREERTOS/Source/tasks.o
 .text.xTaskCreate
                0x800061f4      0x1c0 AVR32_LIBS/SERVICES/FREERTOS/Source/tasks.o
                0x800061f4                xTaskCreate
 .text.vTaskStartScheduler
                0x800063b4       0x48 AVR32_LIBS/SERVICES/FREERTOS/Source/tasks.o
                0x800063b4                vTaskStartScheduler
 .text.usb_user_get_descriptor
                0x800063fc        0x2 AVR32_LIBS/SERVICES/USB/CLASS/CDC/EXAMPLES/ENUM/DEVICE/usb_specific_request.o
                0x800063fc                usb_user_get_descriptor
 *fill*         0x800063fe        0x2 d703d703
 .text.cdc_get_line_coding
                0x80006400       0x88 AVR32_LIBS/SERVICES/USB/CLASS/CDC/EXAMPLES/ENUM/DEVICE/usb_specific_request.o
                0x80006400                cdc_get_line_coding
 .text.cdc_set_control_line_state
                0x80006488       0x1a AVR32_LIBS/SERVICES/USB/CLASS/CDC/EXAMPLES/ENUM/DEVICE/usb_specific_request.o
                0x80006488                cdc_set_control_line_state
 *fill*         0x800064a2        0x2 d703d703
 .text.cdc_set_line_coding
                0x800064a4       0xfc AVR32_LIBS/SERVICES/USB/CLASS/CDC/EXAMPLES/ENUM/DEVICE/usb_specific_request.o
                0x800064a4                cdc_set_line_coding
 .text.usb_user_read_request
                0x800065a0       0x3c AVR32_LIBS/SERVICES/USB/CLASS/CDC/EXAMPLES/ENUM/DEVICE/usb_specific_request.o
                0x800065a0                usb_user_read_request
 .text.usb_user_endpoint_init
                0x800065dc       0xbe AVR32_LIBS/SERVICES/USB/CLASS/CDC/EXAMPLES/ENUM/DEVICE/usb_specific_request.o
                0x800065dc                usb_user_endpoint_init
 *fill*         0x8000669a        0x2 d703d703
 .text.uart_usb_init
                0x8000669c       0x14 AVR32_LIBS/SERVICES/USB/CLASS/CDC/EXAMPLES/uart_usb_lib.o
                0x8000669c                uart_usb_init
 .text.uart_usb_test_hit
                0x800066b0       0x54 AVR32_LIBS/SERVICES/USB/CLASS/CDC/EXAMPLES/uart_usb_lib.o
                0x800066b0                uart_usb_test_hit
 .text.uart_usb_tx_ready
                0x80006704        0xc AVR32_LIBS/SERVICES/USB/CLASS/CDC/EXAMPLES/uart_usb_lib.o
                0x80006704                uart_usb_tx_ready
 .text.usb_cdc_performance_print
                0x80006710      0x108 AVR32_LIBS/SERVICES/USB/CLASS/CDC/EXAMPLES/uart_usb_lib.o
                0x80006710                usb_cdc_performance_print
 .text.uart_usb_flush
                0x80006818       0x88 AVR32_LIBS/SERVICES/USB/CLASS/CDC/EXAMPLES/uart_usb_lib.o
                0x80006818                uart_usb_flush
 .text.uart_usb_flush_slow
                0x800068a0       0x54 AVR32_LIBS/SERVICES/USB/CLASS/CDC/EXAMPLES/uart_usb_lib.o
                0x800068a0                uart_usb_flush_slow
 .text.uart_usb_putchar
                0x800068f4       0x64 AVR32_LIBS/SERVICES/USB/CLASS/CDC/EXAMPLES/uart_usb_lib.o
                0x800068f4                uart_usb_putchar
 .text.uart_usb_getchar
                0x80006958       0x50 AVR32_LIBS/SERVICES/USB/CLASS/CDC/EXAMPLES/uart_usb_lib.o
                0x80006958                uart_usb_getchar
 .text.bootloader_uart_usb_test_hit
                0x800069a8       0x54 spike_fw_update.o
                0x800069a8                bootloader_uart_usb_test_hit
 .text.bootloader_usb_getchar
                0x800069fc       0x3c spike_fw_update.o
                0x800069fc                bootloader_usb_getchar
 .text.get_prog_code_via_usb
                0x80006a38      0x1c4 spike_fw_update.o
                0x80006a38                get_prog_code_via_usb
 .text.wait_for_response
                0x80006bfc      0x120 spike_fw_update.o
                0x80006bfc                wait_for_response
 .text.send     0x80006d1c      0x1fc spike_fw_update.o
                0x80006d1c                send
 .text.vTaskSpikeFwUpdateSram
                0x80006f18      0x42c spike_fw_update.o
                0x80006f18                vTaskSpikeFwUpdateSram
 .text.init_spike_fw_update_task
                0x80007344       0x34 spike_fw_update.o
                0x80007344                init_spike_fw_update_task
 .text.pll_init
                0x80007378       0x98 main.o
                0x80007378                pll_init
 .text.main     0x80007410       0x2c main.o
                0x80007410                main
 .text.eeprom_load_config
                0x8000743c       0x40 main_app.o
                0x8000743c                eeprom_load_config
 .text.zero_strain_gauges
                0x8000747c      0x1dc main_app.o
                0x8000747c                zero_strain_gauges
 .text.output_mode3
                0x80007658      0x454 main_app.o
                0x80007658                output_mode3
 .text.eeprom_save_config
                0x80007aac       0x50 main_app.o
                0x80007aac                eeprom_save_config
 .text.pwm_disable
                0x80007afc       0x18 main_app.o
                0x80007afc                pwm_disable
 .text.pwm_enable
                0x80007b14       0x18 main_app.o
                0x80007b14                pwm_enable
 .text.pwm_drv_init
                0x80007b2c       0x64 main_app.o
                0x80007b2c                pwm_drv_init
 .text.vTaskCONTROL
                0x80007b90       0x94 main_app.o
                0x80007b90                vTaskCONTROL
 .text.vTaskTIMING
                0x80007c24      0x150 main_app.o
                0x80007c24                vTaskTIMING
 .text.handle_config_packet
                0x80007d74      0x2d0 main_app.o
                0x80007d74                handle_config_packet
 .text.rssi_leds
                0x80008044       0x94 main_app.o
                0x80008044                rssi_leds
 .text.Spannung_leds
                0x800080d8       0x8c main_app.o
                0x800080d8                Spannung_leds
 .text.vTaskProcessData
                0x80008164      0x358 main_app.o
                0x80008164                vTaskProcessData
 .text.cock_application_init
                0x800084bc       0x7c main_app.o
                0x800084bc                cock_application_init
 .text.vTaskSec
                0x80008538       0x20 security_task.o
                0x80008538                vTaskSec
 .text.init_security_task
                0x80008558       0x34 security_task.o
                0x80008558                init_security_task
 .text.usb_sof_action
                0x8000858c       0x10 terminal/usb/usb.o
                0x8000858c                usb_sof_action
 .text.find_channel
                0x8000859c       0x70 terminal/usb/usb.o
                0x8000859c                find_channel
 .text.usb_uart_write_line
                0x8000860c       0x24 terminal/usb/usb.o
                0x8000860c                usb_uart_write_line
 .text.usb_uart_printf
                0x80008630       0xe0 terminal/usb/usb.o
                0x80008630                usb_uart_printf
 .text.change_channel_remote
                0x80008710      0x1f8 terminal/usb/usb.o
                0x80008710                change_channel_remote
 .text.print_main_menu
                0x80008908      0x138 terminal/usb/usb.o
                0x80008908                print_main_menu
 .text.usb_uart_get_string
                0x80008a40       0x68 terminal/usb/usb.o
                0x80008a40                usb_uart_get_string
 .text.print_tx_command
                0x80008aa8      0x25c terminal/usb/usb.o
                0x80008aa8                print_tx_command
 .text.print_transceiver_config
                0x80008d04      0x408 terminal/usb/usb.o
                0x80008d04                print_transceiver_config
 .text.vTaskUSB
                0x8000910c      0xcf8 terminal/usb/usb.o
                0x8000910c                vTaskUSB
 .text.usb_start
                0x80009e04       0x64 terminal/usb/usb.o
                0x80009e04                usb_start
 .text.set_cpu_hz
                0x80009e68        0xc ../AVR32_LIBS/UTILS/LIBS/NEWLIB_ADDONS/AT32UCR2\libnewlib_addons-at32ucr2-speed_opt.a(cpu.o)
                0x80009e68                set_cpu_hz
 .text.unimplemented_syscall
                0x80009e74        0x2 ../AVR32_LIBS/UTILS/LIBS/NEWLIB_ADDONS/AT32UCR2\libnewlib_addons-at32ucr2-speed_opt.a(syscalls.o)
                0x80009e74                unimplemented_syscall
 .text.isatty   0x80009e76        0x2 ../AVR32_LIBS/UTILS/LIBS/NEWLIB_ADDONS/AT32UCR2\libnewlib_addons-at32ucr2-speed_opt.a(syscalls.o)
                0x80009e76                isatty
 .text._fstat   0x80009e78        0x2 ../AVR32_LIBS/UTILS/LIBS/NEWLIB_ADDONS/AT32UCR2\libnewlib_addons-at32ucr2-speed_opt.a(syscalls.o)
                0x80009e78                _fstat
 .text._init_argv
                0x80009e7a        0x2 ../AVR32_LIBS/UTILS/LIBS/NEWLIB_ADDONS/AT32UCR2\libnewlib_addons-at32ucr2-speed_opt.a(syscalls.o)
                0x80009e7a                _init_argv
 .text._close   0x80009e7c       0x14 ../AVR32_LIBS/UTILS/LIBS/NEWLIB_ADDONS/AT32UCR2\libnewlib_addons-at32ucr2-speed_opt.a(syscalls.o)
                0x80009e7c                _close
 .text._lseek   0x80009e90       0x14 ../AVR32_LIBS/UTILS/LIBS/NEWLIB_ADDONS/AT32UCR2\libnewlib_addons-at32ucr2-speed_opt.a(syscalls.o)
                0x80009e90                _lseek
 .text._write   0x80009ea4       0x48 ../AVR32_LIBS/UTILS/LIBS/NEWLIB_ADDONS/AT32UCR2\libnewlib_addons-at32ucr2-speed_opt.a(syscalls.o)
                0x80009ea4                _write
 .text._read    0x80009eec       0x44 ../AVR32_LIBS/UTILS/LIBS/NEWLIB_ADDONS/AT32UCR2\libnewlib_addons-at32ucr2-speed_opt.a(syscalls.o)
                0x80009eec                _read
 .text._exit    0x80009f30       0x34 ../AVR32_LIBS/UTILS/LIBS/NEWLIB_ADDONS/AT32UCR2\libnewlib_addons-at32ucr2-speed_opt.a(syscalls.o)
                0x80009f30                _exit
 .text._sbrk    0x80009f64       0x40 ../AVR32_LIBS/UTILS/LIBS/NEWLIB_ADDONS/AT32UCR2\libnewlib_addons-at32ucr2-speed_opt.a(syscalls.o)
                0x80009f64                _sbrk
 .text.usart_putc
                0x80009fa4       0x1c ../AVR32_LIBS/UTILS/LIBS/NEWLIB_ADDONS/AT32UCR2\libnewlib_addons-at32ucr2-speed_opt.a(usart.o)
                0x80009fa4                usart_putc
 .text.usart_getc
                0x80009fc0       0x1c ../AVR32_LIBS/UTILS/LIBS/NEWLIB_ADDONS/AT32UCR2\libnewlib_addons-at32ucr2-speed_opt.a(usart.o)
                0x80009fc0                usart_getc
 .text          0x80009fdc      0x1d4 c:/program files (x86)/atmel/avr studio 5.1/extensions/atmel/avrgcc/3.3.1.27/avrtoolchain/bin/../lib/gcc/avr32/4.4.3/ucr2\libgcc.a(_avr32_f64_mul.o)
                0x80009fdc                __avr32_f64_mul
 .text          0x8000a1b0      0x2a8 c:/program files (x86)/atmel/avr studio 5.1/extensions/atmel/avrgcc/3.3.1.27/avrtoolchain/bin/../lib/gcc/avr32/4.4.3/ucr2\libgcc.a(_avr32_f64_addsub.o)
                0x8000a1b4                __avr32_f64_sub
                0x8000a350                __avr32_f64_add
 .text          0x8000a458       0x2a c:/program files (x86)/atmel/avr studio 5.1/extensions/atmel/avrgcc/3.3.1.27/avrtoolchain/bin/../lib/gcc/avr32/4.4.3/ucr2\libgcc.a(_avr32_f64_to_s32.o)
                0x8000a458                __avr32_f64_to_u32
                0x8000a45c                __avr32_f64_to_s32
 .text          0x8000a482       0xe8 c:/program files (x86)/atmel/avr studio 5.1/extensions/atmel/avrgcc/3.3.1.27/avrtoolchain/bin/../lib/gcc/avr32/4.4.3/ucr2\libgcc.a(_avr32_s32_to_f64.o)
                0x8000a482                __avr32_u32_to_f64
                0x8000a48a                __avr32_s32_to_f64
 .text          0x8000a56a       0x68 c:/program files (x86)/atmel/avr studio 5.1/extensions/atmel/avrgcc/3.3.1.27/avrtoolchain/bin/../lib/gcc/avr32/4.4.3/ucr2\libgcc.a(_avr32_f64_cmp_lt.o)
                0x8000a56a                __avr32_f64_cmp_lt
 *fill*         0x8000a5d2        0x2 d703d703
 .text          0x8000a5d4      0x318 c:/program files (x86)/atmel/avr studio 5.1/extensions/atmel/avrgcc/3.3.1.27/avrtoolchain/bin/../lib/gcc/avr32/4.4.3/ucr2\libgcc.a(_avr32_f64_div.o)
                0x8000a5d4                __avr32_f64_div
 .text          0x8000a8ec      0x160 c:/program files (x86)/atmel/avr studio 5.1/extensions/atmel/avrgcc/3.3.1.27/avrtoolchain/bin/../lib/gcc/avr32/4.4.3/ucr2\libgcc.a(_avr32_f32_div.o)
                0x8000a8ec                __avr32_f32_div
 .text          0x8000aa4c      0x180 c:/program files (x86)/atmel/avr studio 5.1/extensions/atmel/avrgcc/3.3.1.27/avrtoolchain/bin/../lib/gcc/avr32/4.4.3/ucr2\libgcc.a(_avr32_f32_addsub.o)
                0x8000aa50                __avr32_f32_sub
                0x8000ab20                __avr32_f32_add
 .text          0x8000abcc       0xe2 c:/program files (x86)/atmel/avr studio 5.1/extensions/atmel/avrgcc/3.3.1.27/avrtoolchain/bin/../lib/gcc/avr32/4.4.3/ucr2\libgcc.a(_avr32_f32_mul.o)
                0x8000abcc                __avr32_f32_mul
 .text          0x8000acae       0x74 c:/program files (x86)/atmel/avr studio 5.1/extensions/atmel/avrgcc/3.3.1.27/avrtoolchain/bin/../lib/gcc/avr32/4.4.3/ucr2\libgcc.a(_avr32_s32_to_f32.o)
                0x8000acae                __avr32_s32_to_f32
 .text          0x8000ad22       0x70 c:/program files (x86)/atmel/avr studio 5.1/extensions/atmel/avrgcc/3.3.1.27/avrtoolchain/bin/../lib/gcc/avr32/4.4.3/ucr2\libgcc.a(_avr32_u32_to_f32.o)
                0x8000ad22                __avr32_u32_to_f32
 .text          0x8000ad92       0x60 c:/program files (x86)/atmel/avr studio 5.1/extensions/atmel/avrgcc/3.3.1.27/avrtoolchain/bin/../lib/gcc/avr32/4.4.3/ucr2\libgcc.a(_avr32_f32_to_f64.o)
                0x8000ad92                __avr32_f32_to_f64
 .text          0x8000adf2      0x292 c:/program files (x86)/atmel/avr studio 5.1/extensions/atmel/avrgcc/3.3.1.27/avrtoolchain/bin/../lib/gcc/avr32/4.4.3/ucr2\libgcc.a(_udivdi3.o)
                0x8000adf2                __avr32_udiv64
                0x8000adf2                __udivdi3
 .text.atexit   0x8000b084       0x14 c:/program files (x86)/atmel/avr studio 5.1/extensions/atmel/avrgcc/3.3.1.27/avrtoolchain/bin/../lib/gcc/avr32/4.4.3/../../../../avr32/lib/ucr2\libc.a(lib_a-atexit.o)
                0x8000b084                atexit
 .text.atoi     0x8000b098       0x10 c:/program files (x86)/atmel/avr studio 5.1/extensions/atmel/avrgcc/3.3.1.27/avrtoolchain/bin/../lib/gcc/avr32/4.4.3/../../../../avr32/lib/ucr2\libc.a(lib_a-atoi.o)
                0x8000b098                atoi
 .text.__errno  0x8000b0a8        0xc c:/program files (x86)/atmel/avr studio 5.1/extensions/atmel/avrgcc/3.3.1.27/avrtoolchain/bin/../lib/gcc/avr32/4.4.3/../../../../avr32/lib/ucr2\libc.a(lib_a-errno.o)
                0x8000b0a8                __errno
 .text.exit     0x8000b0b4       0x28 c:/program files (x86)/atmel/avr studio 5.1/extensions/atmel/avrgcc/3.3.1.27/avrtoolchain/bin/../lib/gcc/avr32/4.4.3/../../../../avr32/lib/ucr2\libc.a(lib_a-exit.o)
                0x8000b0b4                exit
 .text._fflush_r
                0x8000b0dc      0x118 c:/program files (x86)/atmel/avr studio 5.1/extensions/atmel/avrgcc/3.3.1.27/avrtoolchain/bin/../lib/gcc/avr32/4.4.3/../../../../avr32/lib/ucr2\libc.a(lib_a-fflush.o)
                0x8000b0dc                _fflush_r
 .text.fflush   0x8000b1f4       0x30 c:/program files (x86)/atmel/avr studio 5.1/extensions/atmel/avrgcc/3.3.1.27/avrtoolchain/bin/../lib/gcc/avr32/4.4.3/../../../../avr32/lib/ucr2\libc.a(lib_a-fflush.o)
                0x8000b1f4                fflush
 .text.__sfp_lock_acquire
                0x8000b224        0x2 c:/program files (x86)/atmel/avr studio 5.1/extensions/atmel/avrgcc/3.3.1.27/avrtoolchain/bin/../lib/gcc/avr32/4.4.3/../../../../avr32/lib/ucr2\libc.a(lib_a-findfp.o)
                0x8000b224                __sfp_lock_acquire
 .text.__sfp_lock_release
                0x8000b226        0x2 c:/program files (x86)/atmel/avr studio 5.1/extensions/atmel/avrgcc/3.3.1.27/avrtoolchain/bin/../lib/gcc/avr32/4.4.3/../../../../avr32/lib/ucr2\libc.a(lib_a-findfp.o)
                0x8000b226                __sfp_lock_release
 .text._cleanup_r
                0x8000b228       0x14 c:/program files (x86)/atmel/avr studio 5.1/extensions/atmel/avrgcc/3.3.1.27/avrtoolchain/bin/../lib/gcc/avr32/4.4.3/../../../../avr32/lib/ucr2\libc.a(lib_a-findfp.o)
                0x8000b228                _cleanup_r
 .text.__sfmoreglue
                0x8000b23c       0x30 c:/program files (x86)/atmel/avr studio 5.1/extensions/atmel/avrgcc/3.3.1.27/avrtoolchain/bin/../lib/gcc/avr32/4.4.3/../../../../avr32/lib/ucr2\libc.a(lib_a-findfp.o)
                0x8000b23c                __sfmoreglue
 .text.__sfp    0x8000b26c       0x7c c:/program files (x86)/atmel/avr studio 5.1/extensions/atmel/avrgcc/3.3.1.27/avrtoolchain/bin/../lib/gcc/avr32/4.4.3/../../../../avr32/lib/ucr2\libc.a(lib_a-findfp.o)
                0x8000b26c                __sfp
 .text.__sinit  0x8000b2e8       0xb0 c:/program files (x86)/atmel/avr studio 5.1/extensions/atmel/avrgcc/3.3.1.27/avrtoolchain/bin/../lib/gcc/avr32/4.4.3/../../../../avr32/lib/ucr2\libc.a(lib_a-findfp.o)
                0x8000b2e8                __sinit
 .text._fwalk_reent
                0x8000b398       0x58 c:/program files (x86)/atmel/avr studio 5.1/extensions/atmel/avrgcc/3.3.1.27/avrtoolchain/bin/../lib/gcc/avr32/4.4.3/../../../../avr32/lib/ucr2\libc.a(lib_a-fwalk.o)
                0x8000b398                _fwalk_reent
 .text._fwalk   0x8000b3f0       0x54 c:/program files (x86)/atmel/avr studio 5.1/extensions/atmel/avrgcc/3.3.1.27/avrtoolchain/bin/../lib/gcc/avr32/4.4.3/../../../../avr32/lib/ucr2\libc.a(lib_a-fwalk.o)
                0x8000b3f0                _fwalk
 .text.free     0x8000b444       0x18 c:/program files (x86)/atmel/avr studio 5.1/extensions/atmel/avrgcc/3.3.1.27/avrtoolchain/bin/../lib/gcc/avr32/4.4.3/../../../../avr32/lib/ucr2\libc.a(lib_a-malloc.o)
                0x8000b444                free
 .text.malloc   0x8000b45c       0x18 c:/program files (x86)/atmel/avr studio 5.1/extensions/atmel/avrgcc/3.3.1.27/avrtoolchain/bin/../lib/gcc/avr32/4.4.3/../../../../avr32/lib/ucr2\libc.a(lib_a-malloc.o)
                0x8000b45c                malloc
 .text._malloc_r
                0x8000b474      0x454 c:/program files (x86)/atmel/avr studio 5.1/extensions/atmel/avrgcc/3.3.1.27/avrtoolchain/bin/../lib/gcc/avr32/4.4.3/../../../../avr32/lib/ucr2\libc.a(lib_a-mallocr.o)
                0x8000b474                _malloc_r
 .text          0x8000b8c8      0x148 c:/program files (x86)/atmel/avr studio 5.1/extensions/atmel/avrgcc/3.3.1.27/avrtoolchain/bin/../lib/gcc/avr32/4.4.3/../../../../avr32/lib/ucr2\libc.a(lib_a-memcpy.o)
                0x8000b8c8                memcpy
 .text.memset   0x8000ba10        0xe c:/program files (x86)/atmel/avr studio 5.1/extensions/atmel/avrgcc/3.3.1.27/avrtoolchain/bin/../lib/gcc/avr32/4.4.3/../../../../avr32/lib/ucr2\libc.a(lib_a-memset.o)
                0x8000ba10                memset
 *fill*         0x8000ba1e        0x2 d703d703
 .text.printf   0x8000ba20       0x38 c:/program files (x86)/atmel/avr studio 5.1/extensions/atmel/avrgcc/3.3.1.27/avrtoolchain/bin/../lib/gcc/avr32/4.4.3/../../../../avr32/lib/ucr2\libc.a(lib_a-printf.o)
                0x8000ba20                printf
 .text.rand     0x8000ba58       0x84 c:/program files (x86)/atmel/avr studio 5.1/extensions/atmel/avrgcc/3.3.1.27/avrtoolchain/bin/../lib/gcc/avr32/4.4.3/../../../../avr32/lib/ucr2\libc.a(lib_a-rand.o)
                0x8000ba58                rand
 .text._realloc_r
                0x8000badc      0x2e0 c:/program files (x86)/atmel/avr studio 5.1/extensions/atmel/avrgcc/3.3.1.27/avrtoolchain/bin/../lib/gcc/avr32/4.4.3/../../../../avr32/lib/ucr2\libc.a(lib_a-reallocr.o)
                0x8000badc                _realloc_r
 .text._sbrk_r  0x8000bdbc       0x28 c:/program files (x86)/atmel/avr studio 5.1/extensions/atmel/avrgcc/3.3.1.27/avrtoolchain/bin/../lib/gcc/avr32/4.4.3/../../../../avr32/lib/ucr2\libc.a(lib_a-sbrkr.o)
                0x8000bdbc                _sbrk_r
 .text.sprintf  0x8000bde4       0x40 c:/program files (x86)/atmel/avr studio 5.1/extensions/atmel/avrgcc/3.3.1.27/avrtoolchain/bin/../lib/gcc/avr32/4.4.3/../../../../avr32/lib/ucr2\libc.a(lib_a-sprintf.o)
                0x8000bde4                sprintf
 .text.eofread  0x8000be24        0x2 c:/program files (x86)/atmel/avr studio 5.1/extensions/atmel/avrgcc/3.3.1.27/avrtoolchain/bin/../lib/gcc/avr32/4.4.3/../../../../avr32/lib/ucr2\libc.a(lib_a-sscanf.o)
 *fill*         0x8000be26        0x2 d703d703
 .text.sscanf   0x8000be28       0x4c c:/program files (x86)/atmel/avr studio 5.1/extensions/atmel/avrgcc/3.3.1.27/avrtoolchain/bin/../lib/gcc/avr32/4.4.3/../../../../avr32/lib/ucr2\libc.a(lib_a-sscanf.o)
                0x8000be28                sscanf
 .text.__sclose
                0x8000be74       0x10 c:/program files (x86)/atmel/avr studio 5.1/extensions/atmel/avrgcc/3.3.1.27/avrtoolchain/bin/../lib/gcc/avr32/4.4.3/../../../../avr32/lib/ucr2\libc.a(lib_a-stdio.o)
                0x8000be74                __sclose
 .text.__sseek  0x8000be84       0x2c c:/program files (x86)/atmel/avr studio 5.1/extensions/atmel/avrgcc/3.3.1.27/avrtoolchain/bin/../lib/gcc/avr32/4.4.3/../../../../avr32/lib/ucr2\libc.a(lib_a-stdio.o)
                0x8000be84                __sseek
 .text.__swrite
                0x8000beb0       0x38 c:/program files (x86)/atmel/avr studio 5.1/extensions/atmel/avrgcc/3.3.1.27/avrtoolchain/bin/../lib/gcc/avr32/4.4.3/../../../../avr32/lib/ucr2\libc.a(lib_a-stdio.o)
                0x8000beb0                __swrite
 .text.__sread  0x8000bee8       0x24 c:/program files (x86)/atmel/avr studio 5.1/extensions/atmel/avrgcc/3.3.1.27/avrtoolchain/bin/../lib/gcc/avr32/4.4.3/../../../../avr32/lib/ucr2\libc.a(lib_a-stdio.o)
                0x8000bee8                __sread
 .text.strcat   0x8000bf0c       0x22 c:/program files (x86)/atmel/avr studio 5.1/extensions/atmel/avrgcc/3.3.1.27/avrtoolchain/bin/../lib/gcc/avr32/4.4.3/../../../../avr32/lib/ucr2\libc.a(lib_a-strcat.o)
                0x8000bf0c                strcat
 .text.strlen   0x8000bf2e       0x16 c:/program files (x86)/atmel/avr studio 5.1/extensions/atmel/avrgcc/3.3.1.27/avrtoolchain/bin/../lib/gcc/avr32/4.4.3/../../../../avr32/lib/ucr2\libc.a(lib_a-strlen.o)
                0x8000bf2e                strlen
 .text          0x8000bf44       0x20 c:/program files (x86)/atmel/avr studio 5.1/extensions/atmel/avrgcc/3.3.1.27/avrtoolchain/bin/../lib/gcc/avr32/4.4.3/../../../../avr32/lib/ucr2\libc.a(lib_a-strncpy.o)
                0x8000bf44                strncpy
 .text._strtol_r
                0x8000bf64      0x138 c:/program files (x86)/atmel/avr studio 5.1/extensions/atmel/avrgcc/3.3.1.27/avrtoolchain/bin/../lib/gcc/avr32/4.4.3/../../../../avr32/lib/ucr2\libc.a(lib_a-strtol.o)
                0x8000bf64                _strtol_r
 .text.strtol   0x8000c09c       0x1c c:/program files (x86)/atmel/avr studio 5.1/extensions/atmel/avrgcc/3.3.1.27/avrtoolchain/bin/../lib/gcc/avr32/4.4.3/../../../../avr32/lib/ucr2\libc.a(lib_a-strtol.o)
                0x8000c09c                strtol
 .text.get_arg  0x8000c0b8      0x320 c:/program files (x86)/atmel/avr studio 5.1/extensions/atmel/avrgcc/3.3.1.27/avrtoolchain/bin/../lib/gcc/avr32/4.4.3/../../../../avr32/lib/ucr2\libc.a(lib_a-vfprintf.o)
 .text.__sprint_r
                0x8000c3d8       0x20 c:/program files (x86)/atmel/avr studio 5.1/extensions/atmel/avrgcc/3.3.1.27/avrtoolchain/bin/../lib/gcc/avr32/4.4.3/../../../../avr32/lib/ucr2\libc.a(lib_a-vfprintf.o)
 .text._vfprintf_r
                0x8000c3f8     0x1f90 c:/program files (x86)/atmel/avr studio 5.1/extensions/atmel/avrgcc/3.3.1.27/avrtoolchain/bin/../lib/gcc/avr32/4.4.3/../../../../avr32/lib/ucr2\libc.a(lib_a-vfprintf.o)
                0x8000c3f8                _vfprintf_r
 .text.__svfscanf_r
                0x8000e388     0x1504 c:/program files (x86)/atmel/avr studio 5.1/extensions/atmel/avrgcc/3.3.1.27/avrtoolchain/bin/../lib/gcc/avr32/4.4.3/../../../../avr32/lib/ucr2\libc.a(lib_a-vfscanf.o)
                0x8000e388                __svfscanf_r
 .text._vsprintf_r
                0x8000f88c       0x34 c:/program files (x86)/atmel/avr studio 5.1/extensions/atmel/avrgcc/3.3.1.27/avrtoolchain/bin/../lib/gcc/avr32/4.4.3/../../../../avr32/lib/ucr2\libc.a(lib_a-vsprintf.o)
                0x8000f88c                _vsprintf_r
 .text.vsprintf
                0x8000f8c0       0x1c c:/program files (x86)/atmel/avr studio 5.1/extensions/atmel/avrgcc/3.3.1.27/avrtoolchain/bin/../lib/gcc/avr32/4.4.3/../../../../avr32/lib/ucr2\libc.a(lib_a-vsprintf.o)
                0x8000f8c0                vsprintf
 .text._write_r
                0x8000f8dc       0x2c c:/program files (x86)/atmel/avr studio 5.1/extensions/atmel/avrgcc/3.3.1.27/avrtoolchain/bin/../lib/gcc/avr32/4.4.3/../../../../avr32/lib/ucr2\libc.a(lib_a-writer.o)
                0x8000f8dc                _write_r
 .text.__swsetup_r
                0x8000f908       0xe8 c:/program files (x86)/atmel/avr studio 5.1/extensions/atmel/avrgcc/3.3.1.27/avrtoolchain/bin/../lib/gcc/avr32/4.4.3/../../../../avr32/lib/ucr2\libc.a(lib_a-wsetup.o)
                0x8000f908                __swsetup_r
 .text.__register_exitproc
                0x8000f9f0       0xac c:/program files (x86)/atmel/avr studio 5.1/extensions/atmel/avrgcc/3.3.1.27/avrtoolchain/bin/../lib/gcc/avr32/4.4.3/../../../../avr32/lib/ucr2\libc.a(lib_a-__atexit.o)
                0x8000f9f0                __register_exitproc
 .text.__call_exitprocs
                0x8000fa9c       0xd4 c:/program files (x86)/atmel/avr studio 5.1/extensions/atmel/avrgcc/3.3.1.27/avrtoolchain/bin/../lib/gcc/avr32/4.4.3/../../../../avr32/lib/ucr2\libc.a(lib_a-__call_atexit.o)
                0x8000fa9c                __call_exitprocs
 .text._close_r
                0x8000fb70       0x28 c:/program files (x86)/atmel/avr studio 5.1/extensions/atmel/avrgcc/3.3.1.27/avrtoolchain/bin/../lib/gcc/avr32/4.4.3/../../../../avr32/lib/ucr2\libc.a(lib_a-closer.o)
                0x8000fb70                _close_r
 .text.quorem   0x8000fb98      0x124 c:/program files (x86)/atmel/avr studio 5.1/extensions/atmel/avrgcc/3.3.1.27/avrtoolchain/bin/../lib/gcc/avr32/4.4.3/../../../../avr32/lib/ucr2\libc.a(lib_a-dtoa.o)
 .text._dtoa_r  0x8000fcbc      0xc90 c:/program files (x86)/atmel/avr studio 5.1/extensions/atmel/avrgcc/3.3.1.27/avrtoolchain/bin/../lib/gcc/avr32/4.4.3/../../../../avr32/lib/ucr2\libc.a(lib_a-dtoa.o)
                0x8000fcbc                _dtoa_r
 .text._fclose_r
                0x8001094c       0xd0 c:/program files (x86)/atmel/avr studio 5.1/extensions/atmel/avrgcc/3.3.1.27/avrtoolchain/bin/../lib/gcc/avr32/4.4.3/../../../../avr32/lib/ucr2\libc.a(lib_a-fclose.o)
                0x8001094c                _fclose_r
 .text.fclose   0x80010a1c       0x18 c:/program files (x86)/atmel/avr studio 5.1/extensions/atmel/avrgcc/3.3.1.27/avrtoolchain/bin/../lib/gcc/avr32/4.4.3/../../../../avr32/lib/ucr2\libc.a(lib_a-fclose.o)
                0x80010a1c                fclose
 .text._fread_r
                0x80010a34       0xb4 c:/program files (x86)/atmel/avr studio 5.1/extensions/atmel/avrgcc/3.3.1.27/avrtoolchain/bin/../lib/gcc/avr32/4.4.3/../../../../avr32/lib/ucr2\libc.a(lib_a-fread.o)
                0x80010a34                _fread_r
 .text.fread    0x80010ae8       0x1c c:/program files (x86)/atmel/avr studio 5.1/extensions/atmel/avrgcc/3.3.1.27/avrtoolchain/bin/../lib/gcc/avr32/4.4.3/../../../../avr32/lib/ucr2\libc.a(lib_a-fread.o)
                0x80010ae8                fread
 .text._malloc_trim_r
                0x80010b04       0xa8 c:/program files (x86)/atmel/avr studio 5.1/extensions/atmel/avrgcc/3.3.1.27/avrtoolchain/bin/../lib/gcc/avr32/4.4.3/../../../../avr32/lib/ucr2\libc.a(lib_a-freer.o)
                0x80010b04                _malloc_trim_r
 .text._free_r  0x80010bac      0x1a4 c:/program files (x86)/atmel/avr studio 5.1/extensions/atmel/avrgcc/3.3.1.27/avrtoolchain/bin/../lib/gcc/avr32/4.4.3/../../../../avr32/lib/ucr2\libc.a(lib_a-freer.o)
                0x80010bac                _free_r
 .text.__sfvwrite_r
                0x80010d50      0x2c8 c:/program files (x86)/atmel/avr studio 5.1/extensions/atmel/avrgcc/3.3.1.27/avrtoolchain/bin/../lib/gcc/avr32/4.4.3/../../../../avr32/lib/ucr2\libc.a(lib_a-fvwrite.o)
                0x80010d50                __sfvwrite_r
 .text.iswspace
                0x80011018       0x1c c:/program files (x86)/atmel/avr studio 5.1/extensions/atmel/avrgcc/3.3.1.27/avrtoolchain/bin/../lib/gcc/avr32/4.4.3/../../../../avr32/lib/ucr2\libc.a(lib_a-iswspace.o)
                0x80011018                iswspace
 .text._localeconv_r
                0x80011034        0x8 c:/program files (x86)/atmel/avr studio 5.1/extensions/atmel/avrgcc/3.3.1.27/avrtoolchain/bin/../lib/gcc/avr32/4.4.3/../../../../avr32/lib/ucr2\libc.a(lib_a-locale.o)
                0x80011034                _localeconv_r
 .text._lseek_r
                0x8001103c       0x2c c:/program files (x86)/atmel/avr studio 5.1/extensions/atmel/avrgcc/3.3.1.27/avrtoolchain/bin/../lib/gcc/avr32/4.4.3/../../../../avr32/lib/ucr2\libc.a(lib_a-lseekr.o)
                0x8001103c                _lseek_r
 .text.__smakebuf_r
                0x80011068       0xd4 c:/program files (x86)/atmel/avr studio 5.1/extensions/atmel/avrgcc/3.3.1.27/avrtoolchain/bin/../lib/gcc/avr32/4.4.3/../../../../avr32/lib/ucr2\libc.a(lib_a-makebuf.o)
                0x80011068                __smakebuf_r
 .text._mbrtowc_r
                0x8001113c       0x2c c:/program files (x86)/atmel/avr studio 5.1/extensions/atmel/avrgcc/3.3.1.27/avrtoolchain/bin/../lib/gcc/avr32/4.4.3/../../../../avr32/lib/ucr2\libc.a(lib_a-mbrtowc.o)
                0x8001113c                _mbrtowc_r
 .text._mbtowc_r
                0x80011168       0x38 c:/program files (x86)/atmel/avr studio 5.1/extensions/atmel/avrgcc/3.3.1.27/avrtoolchain/bin/../lib/gcc/avr32/4.4.3/../../../../avr32/lib/ucr2\libc.a(lib_a-mbtowc_r.o)
                0x80011168                _mbtowc_r
 .text.memchr   0x800111a0       0x16 c:/program files (x86)/atmel/avr studio 5.1/extensions/atmel/avrgcc/3.3.1.27/avrtoolchain/bin/../lib/gcc/avr32/4.4.3/../../../../avr32/lib/ucr2\libc.a(lib_a-memchr.o)
                0x800111a0                memchr
 .text.memmove  0x800111b6       0x3e c:/program files (x86)/atmel/avr studio 5.1/extensions/atmel/avrgcc/3.3.1.27/avrtoolchain/bin/../lib/gcc/avr32/4.4.3/../../../../avr32/lib/ucr2\libc.a(lib_a-memmove.o)
                0x800111b6                memmove
 .text.__hi0bits
                0x800111f4       0x60 c:/program files (x86)/atmel/avr studio 5.1/extensions/atmel/avrgcc/3.3.1.27/avrtoolchain/bin/../lib/gcc/avr32/4.4.3/../../../../avr32/lib/ucr2\libc.a(lib_a-mprec.o)
                0x800111f4                __hi0bits
 .text.__lo0bits
                0x80011254       0x8e c:/program files (x86)/atmel/avr studio 5.1/extensions/atmel/avrgcc/3.3.1.27/avrtoolchain/bin/../lib/gcc/avr32/4.4.3/../../../../avr32/lib/ucr2\libc.a(lib_a-mprec.o)
                0x80011254                __lo0bits
 .text.__mcmp   0x800112e2       0x32 c:/program files (x86)/atmel/avr studio 5.1/extensions/atmel/avrgcc/3.3.1.27/avrtoolchain/bin/../lib/gcc/avr32/4.4.3/../../../../avr32/lib/ucr2\libc.a(lib_a-mprec.o)
                0x800112e2                __mcmp
 .text.__ulp    0x80011314       0x48 c:/program files (x86)/atmel/avr studio 5.1/extensions/atmel/avrgcc/3.3.1.27/avrtoolchain/bin/../lib/gcc/avr32/4.4.3/../../../../avr32/lib/ucr2\libc.a(lib_a-mprec.o)
                0x80011314                __ulp
 .text.__b2d    0x8001135c       0xa0 c:/program files (x86)/atmel/avr studio 5.1/extensions/atmel/avrgcc/3.3.1.27/avrtoolchain/bin/../lib/gcc/avr32/4.4.3/../../../../avr32/lib/ucr2\libc.a(lib_a-mprec.o)
                0x8001135c                __b2d
 .text.__ratio  0x800113fc       0x5c c:/program files (x86)/atmel/avr studio 5.1/extensions/atmel/avrgcc/3.3.1.27/avrtoolchain/bin/../lib/gcc/avr32/4.4.3/../../../../avr32/lib/ucr2\libc.a(lib_a-mprec.o)
                0x800113fc                __ratio
 .text.__copybits
                0x80011458       0x2e c:/program files (x86)/atmel/avr studio 5.1/extensions/atmel/avrgcc/3.3.1.27/avrtoolchain/bin/../lib/gcc/avr32/4.4.3/../../../../avr32/lib/ucr2\libc.a(lib_a-mprec.o)
                0x80011458                __copybits
 .text.__any_on
                0x80011486       0x4c c:/program files (x86)/atmel/avr studio 5.1/extensions/atmel/avrgcc/3.3.1.27/avrtoolchain/bin/../lib/gcc/avr32/4.4.3/../../../../avr32/lib/ucr2\libc.a(lib_a-mprec.o)
                0x80011486                __any_on
 *fill*         0x800114d2        0x2 d703d703
 .text._Bfree   0x800114d4       0x38 c:/program files (x86)/atmel/avr studio 5.1/extensions/atmel/avrgcc/3.3.1.27/avrtoolchain/bin/../lib/gcc/avr32/4.4.3/../../../../avr32/lib/ucr2\libc.a(lib_a-mprec.o)
                0x800114d4                _Bfree
 .text._Balloc  0x8001150c       0x78 c:/program files (x86)/atmel/avr studio 5.1/extensions/atmel/avrgcc/3.3.1.27/avrtoolchain/bin/../lib/gcc/avr32/4.4.3/../../../../avr32/lib/ucr2\libc.a(lib_a-mprec.o)
                0x8001150c                _Balloc
 .text.__d2b    0x80011584       0xbc c:/program files (x86)/atmel/avr studio 5.1/extensions/atmel/avrgcc/3.3.1.27/avrtoolchain/bin/../lib/gcc/avr32/4.4.3/../../../../avr32/lib/ucr2\libc.a(lib_a-mprec.o)
                0x80011584                __d2b
 .text.__mdiff  0x80011640       0xd8 c:/program files (x86)/atmel/avr studio 5.1/extensions/atmel/avrgcc/3.3.1.27/avrtoolchain/bin/../lib/gcc/avr32/4.4.3/../../../../avr32/lib/ucr2\libc.a(lib_a-mprec.o)
                0x80011640                __mdiff
 .text.__lshift
                0x80011718       0x94 c:/program files (x86)/atmel/avr studio 5.1/extensions/atmel/avrgcc/3.3.1.27/avrtoolchain/bin/../lib/gcc/avr32/4.4.3/../../../../avr32/lib/ucr2\libc.a(lib_a-mprec.o)
                0x80011718                __lshift
 .text.__multiply
                0x800117ac      0x108 c:/program files (x86)/atmel/avr studio 5.1/extensions/atmel/avrgcc/3.3.1.27/avrtoolchain/bin/../lib/gcc/avr32/4.4.3/../../../../avr32/lib/ucr2\libc.a(lib_a-mprec.o)
                0x800117ac                __multiply
 .text.__i2b    0x800118b4       0x18 c:/program files (x86)/atmel/avr studio 5.1/extensions/atmel/avrgcc/3.3.1.27/avrtoolchain/bin/../lib/gcc/avr32/4.4.3/../../../../avr32/lib/ucr2\libc.a(lib_a-mprec.o)
                0x800118b4                __i2b
 .text.__multadd
                0x800118cc       0x88 c:/program files (x86)/atmel/avr studio 5.1/extensions/atmel/avrgcc/3.3.1.27/avrtoolchain/bin/../lib/gcc/avr32/4.4.3/../../../../avr32/lib/ucr2\libc.a(lib_a-mprec.o)
                0x800118cc                __multadd
 .text.__pow5mult
                0x80011954       0xac c:/program files (x86)/atmel/avr studio 5.1/extensions/atmel/avrgcc/3.3.1.27/avrtoolchain/bin/../lib/gcc/avr32/4.4.3/../../../../avr32/lib/ucr2\libc.a(lib_a-mprec.o)
                0x80011954                __pow5mult
 .text.__s2b    0x80011a00       0x84 c:/program files (x86)/atmel/avr studio 5.1/extensions/atmel/avrgcc/3.3.1.27/avrtoolchain/bin/../lib/gcc/avr32/4.4.3/../../../../avr32/lib/ucr2\libc.a(lib_a-mprec.o)
                0x80011a00                __s2b
 .text._read_r  0x80011a84       0x2c c:/program files (x86)/atmel/avr studio 5.1/extensions/atmel/avrgcc/3.3.1.27/avrtoolchain/bin/../lib/gcc/avr32/4.4.3/../../../../avr32/lib/ucr2\libc.a(lib_a-readr.o)
                0x80011a84                _read_r
 .text.__srefill_r
                0x80011ab0      0x118 c:/program files (x86)/atmel/avr studio 5.1/extensions/atmel/avrgcc/3.3.1.27/avrtoolchain/bin/../lib/gcc/avr32/4.4.3/../../../../avr32/lib/ucr2\libc.a(lib_a-refill.o)
                0x80011ab0                __srefill_r
 .text.lflush   0x80011bc8       0x18 c:/program files (x86)/atmel/avr studio 5.1/extensions/atmel/avrgcc/3.3.1.27/avrtoolchain/bin/../lib/gcc/avr32/4.4.3/../../../../avr32/lib/ucr2\libc.a(lib_a-refill.o)
 .text.__sccl   0x80011be0       0x92 c:/program files (x86)/atmel/avr studio 5.1/extensions/atmel/avrgcc/3.3.1.27/avrtoolchain/bin/../lib/gcc/avr32/4.4.3/../../../../avr32/lib/ucr2\libc.a(lib_a-sccl.o)
                0x80011be0                __sccl
 .text.nanf     0x80011c72        0x6 c:/program files (x86)/atmel/avr studio 5.1/extensions/atmel/avrgcc/3.3.1.27/avrtoolchain/bin/../lib/gcc/avr32/4.4.3/../../../../avr32/lib/ucr2\libc.a(lib_a-sf_nan.o)
                0x80011c72                nanf
 .text.__isinfd
                0x80011c78       0x2a c:/program files (x86)/atmel/avr studio 5.1/extensions/atmel/avrgcc/3.3.1.27/avrtoolchain/bin/../lib/gcc/avr32/4.4.3/../../../../avr32/lib/ucr2\libc.a(lib_a-s_isinfd.o)
                0x80011c78                __isinfd
 .text.__isnand
                0x80011ca2       0x1c c:/program files (x86)/atmel/avr studio 5.1/extensions/atmel/avrgcc/3.3.1.27/avrtoolchain/bin/../lib/gcc/avr32/4.4.3/../../../../avr32/lib/ucr2\libc.a(lib_a-s_isnand.o)
                0x80011ca2                __isnand
 *fill*         0x80011cbe        0x2 d703d703
 .text._strtod_r
                0x80011cc0      0xcf0 c:/program files (x86)/atmel/avr studio 5.1/extensions/atmel/avrgcc/3.3.1.27/avrtoolchain/bin/../lib/gcc/avr32/4.4.3/../../../../avr32/lib/ucr2\libc.a(lib_a-strtod.o)
                0x80011cc0                _strtod_r
 .text._strtoll_r
                0x800129b0      0x1b0 c:/program files (x86)/atmel/avr studio 5.1/extensions/atmel/avrgcc/3.3.1.27/avrtoolchain/bin/../lib/gcc/avr32/4.4.3/../../../../avr32/lib/ucr2\libc.a(lib_a-strtoll_r.o)
                0x800129b0                _strtoll_r
 .text._strtoull_r
                0x80012b60      0x188 c:/program files (x86)/atmel/avr studio 5.1/extensions/atmel/avrgcc/3.3.1.27/avrtoolchain/bin/../lib/gcc/avr32/4.4.3/../../../../avr32/lib/ucr2\libc.a(lib_a-strtoull_r.o)
                0x80012b60                _strtoull_r
 .text._strtoul_r
                0x80012ce8      0x118 c:/program files (x86)/atmel/avr studio 5.1/extensions/atmel/avrgcc/3.3.1.27/avrtoolchain/bin/../lib/gcc/avr32/4.4.3/../../../../avr32/lib/ucr2\libc.a(lib_a-strtoul.o)
                0x80012ce8                _strtoul_r
 .text.__submore
                0x80012e00       0x70 c:/program files (x86)/atmel/avr studio 5.1/extensions/atmel/avrgcc/3.3.1.27/avrtoolchain/bin/../lib/gcc/avr32/4.4.3/../../../../avr32/lib/ucr2\libc.a(lib_a-ungetc.o)
                0x80012e00                __submore
 .text._ungetc_r
                0x80012e70       0xf0 c:/program files (x86)/atmel/avr studio 5.1/extensions/atmel/avrgcc/3.3.1.27/avrtoolchain/bin/../lib/gcc/avr32/4.4.3/../../../../avr32/lib/ucr2\libc.a(lib_a-ungetc.o)
                0x80012e70                _ungetc_r
 .text._calloc_r
                0x80012f60       0x60 c:/program files (x86)/atmel/avr studio 5.1/extensions/atmel/avrgcc/3.3.1.27/avrtoolchain/bin/../lib/gcc/avr32/4.4.3/../../../../avr32/lib/ucr2\libc.a(lib_a-callocr.o)
                0x80012f60                _calloc_r
 .text._fstat_r
                0x80012fc0       0x2c c:/program files (x86)/atmel/avr studio 5.1/extensions/atmel/avrgcc/3.3.1.27/avrtoolchain/bin/../lib/gcc/avr32/4.4.3/../../../../avr32/lib/ucr2\libc.a(lib_a-fstatr.o)
                0x80012fc0                _fstat_r
 .text.__hexdig_init
                0x80012fec       0x60 c:/program files (x86)/atmel/avr studio 5.1/extensions/atmel/avrgcc/3.3.1.27/avrtoolchain/bin/../lib/gcc/avr32/4.4.3/../../../../avr32/lib/ucr2\libc.a(lib_a-gdtoa-gethex.o)
                0x80012fec                __hexdig_init
 .text.rshift   0x8001304c       0x6a c:/program files (x86)/atmel/avr studio 5.1/extensions/atmel/avrgcc/3.3.1.27/avrtoolchain/bin/../lib/gcc/avr32/4.4.3/../../../../avr32/lib/ucr2\libc.a(lib_a-gdtoa-gethex.o)
 *fill*         0x800130b6        0x2 d703d703
 .text.__gethex
                0x800130b8      0x458 c:/program files (x86)/atmel/avr studio 5.1/extensions/atmel/avrgcc/3.3.1.27/avrtoolchain/bin/../lib/gcc/avr32/4.4.3/../../../../avr32/lib/ucr2\libc.a(lib_a-gdtoa-gethex.o)
                0x800130b8                __gethex
 .text.__hexnan
                0x80013510      0x180 c:/program files (x86)/atmel/avr studio 5.1/extensions/atmel/avrgcc/3.3.1.27/avrtoolchain/bin/../lib/gcc/avr32/4.4.3/../../../../avr32/lib/ucr2\libc.a(lib_a-gdtoa-hexnan.o)
                0x80013510                __hexnan
 .text          0x80013690       0x26 c:/program files (x86)/atmel/avr studio 5.1/extensions/atmel/avrgcc/3.3.1.27/avrtoolchain/bin/../lib/gcc/avr32/4.4.3/ucr2\libgcc.a(_avr32_f64_cmp_eq.o)
                0x80013690                __avr32_f64_cmp_eq
 .text          0x800136b6       0x68 c:/program files (x86)/atmel/avr studio 5.1/extensions/atmel/avrgcc/3.3.1.27/avrtoolchain/bin/../lib/gcc/avr32/4.4.3/ucr2\libgcc.a(_avr32_f64_cmp_ge.o)
                0x800136b6                __avr32_f64_cmp_ge
 .text          0x8001371e       0x8a c:/program files (x86)/atmel/avr studio 5.1/extensions/atmel/avrgcc/3.3.1.27/avrtoolchain/bin/../lib/gcc/avr32/4.4.3/ucr2\libgcc.a(_avr32_f64_to_f32.o)
                0x8001371e                __avr32_f64_to_f32
 .text          0x800137a8      0x272 c:/program files (x86)/atmel/avr studio 5.1/extensions/atmel/avrgcc/3.3.1.27/avrtoolchain/bin/../lib/gcc/avr32/4.4.3/ucr2\libgcc.a(_umoddi3.o)
                0x800137a8                __avr32_umod64
                0x800137a8                __umoddi3
 *fill*         0x80013a1a        0x2 d703d703
 .text          0x80013a1c       0x20 c:/program files (x86)/atmel/avr studio 5.1/extensions/atmel/avrgcc/3.3.1.27/avrtoolchain/bin/../lib/gcc/avr32/4.4.3/ucr2/crtend.o
 *(.text.*personality*)
 *(.gnu.warning)

.exception      0x80013c00      0x200
 .exception     0x80013c00      0x200 AVR32_LIBS/SERVICES/FREERTOS/Source/portable/GCC/AVR32_UC3/exception.o
                0x80013c00                _evba
                0x80013d3c                ipr_val

.fini           0x80013e00       0x18
 *(.fini)
 .fini          0x80013e00       0x10 c:/program files (x86)/atmel/avr studio 5.1/extensions/atmel/avrgcc/3.3.1.27/avrtoolchain/bin/../lib/gcc/avr32/4.4.3/ucr2/crti.o
                0x80013e00                _fini
 .fini          0x80013e10        0x4 c:/program files (x86)/atmel/avr studio 5.1/extensions/atmel/avrgcc/3.3.1.27/avrtoolchain/bin/../lib/gcc/avr32/4.4.3/ucr2/crtbegin.o
 .fini          0x80013e14        0x4 c:/program files (x86)/atmel/avr studio 5.1/extensions/atmel/avrgcc/3.3.1.27/avrtoolchain/bin/../lib/gcc/avr32/4.4.3/ucr2/crtn.o
                0x80013e18                PROVIDE (__etext, .)
                0x80013e18                PROVIDE (_etext, .)
                0x80013e18                PROVIDE (etext, .)

.rodata         0x80013e18     0x9090
 *(.rodata .rodata.* .gnu.linkonce.r.*)
 .rodata.set_trx_state
                0x80013e18       0x5c AVR32_LIBS/COMPONENTS/AT86RF231/at86rf231.o
 .rodata.RF230_SPI_GPIO_MAP.10419
                0x80013e74        0x8 AVR32_LIBS/COMPONENTS/AT86RF231/pal_trx_access.o
 .rodata.C.9.10423
                0x80013e7c       0x10 AVR32_LIBS/COMPONENTS/AT86RF231/pal_trx_access.o
 .rodata.EIC_GPIO_MAP.10421
                0x80013e8c        0x2 AVR32_LIBS/COMPONENTS/AT86RF231/pal_trx_access.o
 .rodata.TWI_GPIO_MAP.12527
                0x80013e8e        0x4 AVR32_LIBS/COMPONENTS/TCA6424/tca6424.o
 *fill*         0x80013e92        0x2 00
 .rodata.FLASH_SIZE.9912
                0x80013e94       0x20 AVR32_LIBS/DRIVERS/FLASHC/flashc.o
 .rodata._int_handler_table
                0x80013eb4       0xa0 AVR32_LIBS/DRIVERS/INTC/intc.o
 .rodata.str1.4
                0x80013f54        0x8 AVR32_LIBS/DRIVERS/USBB/ENUM/DEVICE/usb_device_task.o
 .rodata.usb_process_request
                0x80013f5c       0x30 AVR32_LIBS/DRIVERS/USBB/ENUM/DEVICE/usb_standard_request.o
 .rodata.str1.4
                0x80013f8c        0x8 AVR32_LIBS/DRIVERS/USBB/ENUM/usb_task.o
 .rodata.str1.4
                0x80013f94       0x19 AVR32_LIBS/SERVICES/FREERTOS/Source/tasks.o
                                 0x20 (size before relaxing)
 .rodata.usb_dev_desc
                0x80013fad       0x12 AVR32_LIBS/SERVICES/USB/CLASS/CDC/EXAMPLES/ENUM/DEVICE/usb_descriptors.o
                0x80013fad                usb_dev_desc
 .rodata.usb_conf_desc
                0x80013fbf       0x43 AVR32_LIBS/SERVICES/USB/CLASS/CDC/EXAMPLES/ENUM/DEVICE/usb_descriptors.o
                0x80013fbf                usb_conf_desc
 *fill*         0x80014002        0x2 00
 .rodata.str1.4
                0x80014004      0x48c spike_fw_update.o
 .rodata.prog_code_in_flash
                0x80014490     0x7000 spike_fw_update.o
                0x80014490                prog_code_in_flash
 .rodata.str1.4
                0x8001b490      0x1c5 main_app.o
                                0x1c8 (size before relaxing)
 *fill*         0x8001b655        0x3 00
 .rodata.str1.4
                0x8001b658        0x8 security_task.o
 .rodata.vTaskUSB
                0x8001b660      0x1a8 terminal/usb/usb.o
 .rodata.str1.4
                0x8001b808      0xec0 terminal/usb/usb.o
                                0xec8 (size before relaxing)
 .rodata.str1.4
                0x8001c6c8       0xb8 ../AVR32_LIBS/UTILS/LIBS/NEWLIB_ADDONS/AT32UCR2\libnewlib_addons-at32ucr2-speed_opt.a(syscalls.o)
 .rodata.__sf_fake_stdin
                0x8001c780       0x20 c:/program files (x86)/atmel/avr studio 5.1/extensions/atmel/avrgcc/3.3.1.27/avrtoolchain/bin/../lib/gcc/avr32/4.4.3/../../../../avr32/lib/ucr2\libc.a(lib_a-findfp.o)
                0x8001c780                __sf_fake_stdin
 .rodata.__sf_fake_stdout
                0x8001c7a0       0x20 c:/program files (x86)/atmel/avr studio 5.1/extensions/atmel/avrgcc/3.3.1.27/avrtoolchain/bin/../lib/gcc/avr32/4.4.3/../../../../avr32/lib/ucr2\libc.a(lib_a-findfp.o)
                0x8001c7a0                __sf_fake_stdout
 .rodata.__sf_fake_stderr
                0x8001c7c0       0x20 c:/program files (x86)/atmel/avr studio 5.1/extensions/atmel/avrgcc/3.3.1.27/avrtoolchain/bin/../lib/gcc/avr32/4.4.3/../../../../avr32/lib/ucr2\libc.a(lib_a-findfp.o)
                0x8001c7c0                __sf_fake_stderr
 .rodata.str1.4
                0x8001c7e0        0x2 c:/program files (x86)/atmel/avr studio 5.1/extensions/atmel/avrgcc/3.3.1.27/avrtoolchain/bin/../lib/gcc/avr32/4.4.3/../../../../avr32/lib/ucr2\libc.a(lib_a-impure.o)
                                  0x4 (size before relaxing)
 *fill*         0x8001c7e2        0x2 00
 .rodata._global_impure_ptr
                0x8001c7e4        0x4 c:/program files (x86)/atmel/avr studio 5.1/extensions/atmel/avrgcc/3.3.1.27/avrtoolchain/bin/../lib/gcc/avr32/4.4.3/../../../../avr32/lib/ucr2\libc.a(lib_a-impure.o)
                0x8001c7e4                _global_impure_ptr
 .rodata.get_arg
                0x8001c7e8       0x3c c:/program files (x86)/atmel/avr studio 5.1/extensions/atmel/avrgcc/3.3.1.27/avrtoolchain/bin/../lib/gcc/avr32/4.4.3/../../../../avr32/lib/ucr2\libc.a(lib_a-vfprintf.o)
 .rodata._vfprintf_r
                0x8001c824      0x164 c:/program files (x86)/atmel/avr studio 5.1/extensions/atmel/avrgcc/3.3.1.27/avrtoolchain/bin/../lib/gcc/avr32/4.4.3/../../../../avr32/lib/ucr2\libc.a(lib_a-vfprintf.o)
 .rodata.state_table
                0x8001c988       0x6c c:/program files (x86)/atmel/avr studio 5.1/extensions/atmel/avrgcc/3.3.1.27/avrtoolchain/bin/../lib/gcc/avr32/4.4.3/../../../../avr32/lib/ucr2\libc.a(lib_a-vfprintf.o)
 .rodata.action_table
                0x8001c9f4       0x6c c:/program files (x86)/atmel/avr studio 5.1/extensions/atmel/avrgcc/3.3.1.27/avrtoolchain/bin/../lib/gcc/avr32/4.4.3/../../../../avr32/lib/ucr2\libc.a(lib_a-vfprintf.o)
 .rodata.str1.4
                0x8001ca60       0x3a c:/program files (x86)/atmel/avr studio 5.1/extensions/atmel/avrgcc/3.3.1.27/avrtoolchain/bin/../lib/gcc/avr32/4.4.3/../../../../avr32/lib/ucr2\libc.a(lib_a-vfprintf.o)
                                 0x3c (size before relaxing)
 *fill*         0x8001ca9a        0x2 00
 .rodata.blanks.3430
                0x8001ca9c       0x10 c:/program files (x86)/atmel/avr studio 5.1/extensions/atmel/avrgcc/3.3.1.27/avrtoolchain/bin/../lib/gcc/avr32/4.4.3/../../../../avr32/lib/ucr2\libc.a(lib_a-vfprintf.o)
 .rodata.zeroes.3431
                0x8001caac       0x10 c:/program files (x86)/atmel/avr studio 5.1/extensions/atmel/avrgcc/3.3.1.27/avrtoolchain/bin/../lib/gcc/avr32/4.4.3/../../../../avr32/lib/ucr2\libc.a(lib_a-vfprintf.o)
 .rodata.chclass
                0x8001cabc      0x100 c:/program files (x86)/atmel/avr studio 5.1/extensions/atmel/avrgcc/3.3.1.27/avrtoolchain/bin/../lib/gcc/avr32/4.4.3/../../../../avr32/lib/ucr2\libc.a(lib_a-vfprintf.o)
 .rodata.basefix.3325
                0x8001cbbc       0x22 c:/program files (x86)/atmel/avr studio 5.1/extensions/atmel/avrgcc/3.3.1.27/avrtoolchain/bin/../lib/gcc/avr32/4.4.3/../../../../avr32/lib/ucr2\libc.a(lib_a-vfscanf.o)
 *fill*         0x8001cbde        0x2 00
 .rodata.str1.4
                0x8001cbe0        0x5 c:/program files (x86)/atmel/avr studio 5.1/extensions/atmel/avrgcc/3.3.1.27/avrtoolchain/bin/../lib/gcc/avr32/4.4.3/../../../../avr32/lib/ucr2\libc.a(lib_a-vfscanf.o)
                                  0x8 (size before relaxing)
 *fill*         0x8001cbe5        0x3 00
 .rodata._ctype_
                0x8001cbe8      0x104 c:/program files (x86)/atmel/avr studio 5.1/extensions/atmel/avrgcc/3.3.1.27/avrtoolchain/bin/../lib/gcc/avr32/4.4.3/../../../../avr32/lib/ucr2\libc.a(lib_a-ctype_.o)
                0x8001cbe8                _ctype_
 .rodata.str1.4
                0x8001ccec       0x10 c:/program files (x86)/atmel/avr studio 5.1/extensions/atmel/avrgcc/3.3.1.27/avrtoolchain/bin/../lib/gcc/avr32/4.4.3/../../../../avr32/lib/ucr2\libc.a(lib_a-dtoa.o)
                                 0x14 (size before relaxing)
 .rodata.lconv  0x8001ccfc       0x30 c:/program files (x86)/atmel/avr studio 5.1/extensions/atmel/avrgcc/3.3.1.27/avrtoolchain/bin/../lib/gcc/avr32/4.4.3/../../../../avr32/lib/ucr2\libc.a(lib_a-locale.o)
 .rodata.str1.4
                0x8001cd2c        0xf c:/program files (x86)/atmel/avr studio 5.1/extensions/atmel/avrgcc/3.3.1.27/avrtoolchain/bin/../lib/gcc/avr32/4.4.3/../../../../avr32/lib/ucr2\libc.a(lib_a-locale.o)
                                 0x18 (size before relaxing)
 .rodata.str1.4
                0x00000000        0x4 c:/program files (x86)/atmel/avr studio 5.1/extensions/atmel/avrgcc/3.3.1.27/avrtoolchain/bin/../lib/gcc/avr32/4.4.3/../../../../avr32/lib/ucr2\libc.a(lib_a-mbrtowc.o)
 *fill*         0x8001cd3b        0x1 00
 .rodata.p05.2471
                0x8001cd3c        0xc c:/program files (x86)/atmel/avr studio 5.1/extensions/atmel/avrgcc/3.3.1.27/avrtoolchain/bin/../lib/gcc/avr32/4.4.3/../../../../avr32/lib/ucr2\libc.a(lib_a-mprec.o)
 .rodata.__mprec_tens
                0x8001cd48       0xc8 c:/program files (x86)/atmel/avr studio 5.1/extensions/atmel/avrgcc/3.3.1.27/avrtoolchain/bin/../lib/gcc/avr32/4.4.3/../../../../avr32/lib/ucr2\libc.a(lib_a-mprec.o)
                0x8001cd48                __mprec_tens
 .rodata.__mprec_bigtens
                0x8001ce10       0x28 c:/program files (x86)/atmel/avr studio 5.1/extensions/atmel/avrgcc/3.3.1.27/avrtoolchain/bin/../lib/gcc/avr32/4.4.3/../../../../avr32/lib/ucr2\libc.a(lib_a-mprec.o)
                0x8001ce10                __mprec_bigtens
 .rodata._strtod_r
                0x8001ce38       0x1c c:/program files (x86)/atmel/avr studio 5.1/extensions/atmel/avrgcc/3.3.1.27/avrtoolchain/bin/../lib/gcc/avr32/4.4.3/../../../../avr32/lib/ucr2\libc.a(lib_a-strtod.o)
 .rodata.str1.4
                0x8001ce54        0xf c:/program files (x86)/atmel/avr studio 5.1/extensions/atmel/avrgcc/3.3.1.27/avrtoolchain/bin/../lib/gcc/avr32/4.4.3/../../../../avr32/lib/ucr2\libc.a(lib_a-strtod.o)
                                 0x10 (size before relaxing)
 *fill*         0x8001ce63        0x1 00
 .rodata.tinytens
                0x8001ce64       0x28 c:/program files (x86)/atmel/avr studio 5.1/extensions/atmel/avrgcc/3.3.1.27/avrtoolchain/bin/../lib/gcc/avr32/4.4.3/../../../../avr32/lib/ucr2\libc.a(lib_a-strtod.o)
 .rodata.str1.4
                0x8001ce8c       0x1c c:/program files (x86)/atmel/avr studio 5.1/extensions/atmel/avrgcc/3.3.1.27/avrtoolchain/bin/../lib/gcc/avr32/4.4.3/../../../../avr32/lib/ucr2\libc.a(lib_a-gdtoa-gethex.o)

.rodata1
 *(.rodata1)

.eh_frame_hdr
 *(.eh_frame_hdr)

.eh_frame
 *(.eh_frame)

.gcc_except_table
 *(.gcc_except_table)
 *(.gcc_except_table.*)

.lalign         0x8001cea8        0x0
                0x8001cea8                . = ALIGN (0x8)
                0x8001cea8                PROVIDE (_data_lma, .)
                0x00000004                . = 0x4

.dalign         0x00000004        0x4
                0x00000008                . = ALIGN (0x8)
 *fill*         0x00000004        0x4 00
                0x00000008                PROVIDE (_data, .)

.eh_frame
 *(.eh_frame)

.gcc_except_table
 *(.gcc_except_table)
 *(.gcc_except_table.*)

.tdata
 *(.tdata .tdata.* .gnu.linkonce.td.*)

.tbss
 *(.tbss .tbss.* .gnu.linkonce.tb.*)
 *(.tcommon)
                0x00000008                PROVIDE (__preinit_array_start, ALIGN (0x4))

.preinit_array
 *(.preinit_array)
                0x00000008                PROVIDE (__preinit_array_end, .)
                0x00000008                PROVIDE (__init_array_start, .)

.init_array
 *(.init_array)
                0x00000008                PROVIDE (__init_array_end, .)
                0x00000008                PROVIDE (__fini_array_start, .)

.fini_array
 *(.fini_array)
                0x00000008                PROVIDE (__fini_array_end, .)

.ctors          0x00000008        0x8 load address 0x8001cea8
 *crtbegin*.o(.ctors)
 .ctors         0x00000008        0x4 c:/program files (x86)/atmel/avr studio 5.1/extensions/atmel/avrgcc/3.3.1.27/avrtoolchain/bin/../lib/gcc/avr32/4.4.3/ucr2/crtbegin.o
 *(EXCLUDE_FILE(*crtend*.o) .ctors)
 *(SORT(.ctors.*))
 *(.ctors)
 .ctors         0x0000000c        0x4 c:/program files (x86)/atmel/avr studio 5.1/extensions/atmel/avrgcc/3.3.1.27/avrtoolchain/bin/../lib/gcc/avr32/4.4.3/ucr2/crtend.o

.dtors          0x00000010        0x8 load address 0x8001ceb0
 *crtbegin*.o(.dtors)
 .dtors         0x00000010        0x4 c:/program files (x86)/atmel/avr studio 5.1/extensions/atmel/avrgcc/3.3.1.27/avrtoolchain/bin/../lib/gcc/avr32/4.4.3/ucr2/crtbegin.o
 *(EXCLUDE_FILE(*crtend*.o) .dtors)
 *(SORT(.dtors.*))
 *(.dtors)
 .dtors         0x00000014        0x4 c:/program files (x86)/atmel/avr studio 5.1/extensions/atmel/avrgcc/3.3.1.27/avrtoolchain/bin/../lib/gcc/avr32/4.4.3/ucr2/crtend.o
                0x00000014                __DTOR_END__

.jcr            0x00000018        0x4 load address 0x8001ceb8
 *(.jcr)
 .jcr           0x00000018        0x0 c:/program files (x86)/atmel/avr studio 5.1/extensions/atmel/avrgcc/3.3.1.27/avrtoolchain/bin/../lib/gcc/avr32/4.4.3/ucr2/crtbegin.o
 .jcr           0x00000018        0x4 c:/program files (x86)/atmel/avr studio 5.1/extensions/atmel/avrgcc/3.3.1.27/avrtoolchain/bin/../lib/gcc/avr32/4.4.3/ucr2/crtend.o

.data.rel.ro
 *(.data.rel.ro.local)
 *(.data.rel.ro*)

.dynamic
 *(.dynamic)

.got            0x0000001c        0xc load address 0x8001cebc
 *(.got.plt)
 *(.got)
 .got           0x0000001c        0xc c:/program files (x86)/atmel/avr studio 5.1/extensions/atmel/avrgcc/3.3.1.27/avrtoolchain/bin/../lib/gcc/avr32/4.4.3/../../../../avr32/lib/ucr2/crt0.o
                0x0000001c                _GLOBAL_OFFSET_TABLE_

.ramtext
 *(.ramtext .ramtext.*)

.ddalign        0x00000028        0x0 load address 0x8001cec8
                0x00000028                . = ALIGN (0x8)

.data           0x00000028      0x578 load address 0x8001cec8
 *(.data .data.* .gnu.linkonce.d.*)
 .data.LEDs_alt.12491
                0x00000028        0x4 AVR32_LIBS/COMPONENTS/TCA6424/tca6424.o
 .data.flashc_wait_until_ready
                0x0000002c        0x4 AVR32_LIBS/DRIVERS/FLASHC/flashc.o
                0x0000002c                flashc_wait_until_ready
 .data.ulCriticalNesting
                0x00000030        0x4 AVR32_LIBS/SERVICES/FREERTOS/Source/portable/GCC/AVR32_UC3/port.o
                0x00000030                ulCriticalNesting
 .data.uxPreviousTask
                0x00000034        0x4 AVR32_LIBS/SERVICES/FREERTOS/Source/tasks.o
 .data.ptr_flash_data
                0x00000038        0x4 main_app.o
                0x00000038                ptr_flash_data
 .data.WZH_address
                0x0000003c        0x2 main_app.o
                0x0000003c                WZH_address
 .data.struct_flash_data
                0x0000003e       0x13 main_app.o
                0x0000003e                struct_flash_data
 *fill*         0x00000051        0x3 00
 .data.pm_freq_param
                0x00000054       0x10 terminal/usb/usb.o
                0x00000054                pm_freq_param
 .data.cpu_hz   0x00000064        0x4 ../AVR32_LIBS/UTILS/LIBS/NEWLIB_ADDONS/AT32UCR2\libnewlib_addons-at32ucr2-speed_opt.a(cpu.o)
 .data.usart_base
                0x00000068        0x4 ../AVR32_LIBS/UTILS/LIBS/NEWLIB_ADDONS/AT32UCR2\libnewlib_addons-at32ucr2-speed_opt.a(usart.o)
 .data.impure_data
                0x0000006c       0xf0 c:/program files (x86)/atmel/avr studio 5.1/extensions/atmel/avrgcc/3.3.1.27/avrtoolchain/bin/../lib/gcc/avr32/4.4.3/../../../../avr32/lib/ucr2\libc.a(lib_a-impure.o)
 .data._impure_ptr
                0x0000015c        0x4 c:/program files (x86)/atmel/avr studio 5.1/extensions/atmel/avrgcc/3.3.1.27/avrtoolchain/bin/../lib/gcc/avr32/4.4.3/../../../../avr32/lib/ucr2\libc.a(lib_a-impure.o)
                0x0000015c                _impure_ptr
 .data.__malloc_av_
                0x00000160      0x408 c:/program files (x86)/atmel/avr studio 5.1/extensions/atmel/avrgcc/3.3.1.27/avrtoolchain/bin/../lib/gcc/avr32/4.4.3/../../../../avr32/lib/ucr2\libc.a(lib_a-mallocr.o)
                0x00000160                __malloc_av_
 .data.__malloc_trim_threshold
                0x00000568        0x4 c:/program files (x86)/atmel/avr studio 5.1/extensions/atmel/avrgcc/3.3.1.27/avrtoolchain/bin/../lib/gcc/avr32/4.4.3/../../../../avr32/lib/ucr2\libc.a(lib_a-mallocr.o)
                0x00000568                __malloc_trim_threshold
 .data.__malloc_sbrk_base
                0x0000056c        0x4 c:/program files (x86)/atmel/avr studio 5.1/extensions/atmel/avrgcc/3.3.1.27/avrtoolchain/bin/../lib/gcc/avr32/4.4.3/../../../../avr32/lib/ucr2\libc.a(lib_a-mallocr.o)
                0x0000056c                __malloc_sbrk_base
 .data.__ctype_ptr
                0x00000570        0x4 c:/program files (x86)/atmel/avr studio 5.1/extensions/atmel/avrgcc/3.3.1.27/avrtoolchain/bin/../lib/gcc/avr32/4.4.3/../../../../avr32/lib/ucr2\libc.a(lib_a-ctype_.o)
                0x00000570                __ctype_ptr
 .data.__mb_cur_max
                0x00000574        0x4 c:/program files (x86)/atmel/avr studio 5.1/extensions/atmel/avrgcc/3.3.1.27/avrtoolchain/bin/../lib/gcc/avr32/4.4.3/../../../../avr32/lib/ucr2\libc.a(lib_a-locale.o)
                0x00000574                __mb_cur_max
 .data.fpinan.1939
                0x00000578       0x14 c:/program files (x86)/atmel/avr studio 5.1/extensions/atmel/avrgcc/3.3.1.27/avrtoolchain/bin/../lib/gcc/avr32/4.4.3/../../../../avr32/lib/ucr2\libc.a(lib_a-strtod.o)
 .data.fpi.1903
                0x0000058c       0x14 c:/program files (x86)/atmel/avr studio 5.1/extensions/atmel/avrgcc/3.3.1.27/avrtoolchain/bin/../lib/gcc/avr32/4.4.3/../../../../avr32/lib/ucr2\libc.a(lib_a-strtod.o)
 *(.gnu.linkonce.d.*personality*)

.data1
 *(.data1)

.balign         0x000005a0        0x0 load address 0x8001d440
                0x000005a0                . = ALIGN (0x8)
                0x000005a0                PROVIDE (_edata, .)
                0x000005a0                PROVIDE (edata, .)
                0x000005a0                __bss_start = .

.bss            0x000005a0     0x5ac8
 *(.dynbss)
 *(.bss .bss.* .gnu.linkonce.b.*)
 .bss           0x000005a0        0x8 c:/program files (x86)/atmel/avr studio 5.1/extensions/atmel/avrgcc/3.3.1.27/avrtoolchain/bin/../lib/gcc/avr32/4.4.3/ucr2/crtbegin.o
 .bss.xHigherPriorityTaskWoken.12477
                0x000005a8        0x4 AVR32_LIBS/COMPONENTS/AT86RF231/at86rf231.o
 .bss.irq_handler
                0x000005ac        0x4 AVR32_LIBS/COMPONENTS/AT86RF231/pal_trx_access.o